******************************************************************************
                  TI ARM Linker PC v20.2.2                     
******************************************************************************
>> Linked Thu Apr 29 12:29:45 2021

OUTPUT FILE NAME:   <ece3849d21_lab2_scampbell.out>
ENTRY POINT SYMBOL: "_c_int00"  address: 00008939


MEMORY CONFIGURATION

         name            origin    length      used     unused   attr    fill
----------------------  --------  ---------  --------  --------  ----  --------
  FLASH                 00000000   00100000  0000d7f6  000f280a  R  X
  SRAM                  20000000   00040000  00013836  0002c7ca  RW X


SEGMENT ALLOCATION MAP

run origin  load origin   length   init length attrs members
----------  ----------- ---------- ----------- ----- -------
00000000    00000000    0000d800   0000d800    r-x
  00000000    00000000    0000003c   0000003c    r-- .resetVecs
  00000040    00000040    0000ad8a   0000ad8a    r-x .text
  0000add0    0000add0    00002760   00002760    r-- .const
  0000d530    0000d530    000002d0   000002d0    r-- .cinit
20000000    20000000    00013838   00000000    rw-
  20000000    20000000    00000360   00000000    rw- .vecs
  20000360    20000360    0000ab42   00000000    rw- .bss
  2000aea4    2000aea4    00008694   00000000    rw- .data
  20013538    20013538    00000300   00000000    rw- .stack


SECTION ALLOCATION MAP

 output                                  attributes/
section   page    origin      length       input sections
--------  ----  ----------  ----------   ----------------
.text      0    00000040    0000ad8a     
                  00000040    00000a4e     rtsv7M4_T_le_v4SPD16_eabi.lib : _printfi.c.obj (.text:__TI_printfi)
                  00000a8e    00000002                                   : _lock.c.obj (.text:_nop)
                  00000a90    00000738                                   : k_rem_pio2.c.obj (.text:__kernel_rem_pio2)
                  000011c8    000005dc                                   : s_cos.c.obj (.text:cos)
                  000017a4    000005c4                                   : s_sin.c.obj (.text:sin)
                  00001d68    00000430     sysbios.aem4f : BIOS.obj (.text:ti_sysbios_family_arm_m3_Hwi_excDumpRegs__I)
                  00002198    0000034c     ti.targets.arm.rtsarm.aem4f : System.oem4f (.text:xdc_runtime_System_doPrint__I)
                  000024e4    00000004     rtsv7M4_T_le_v4SPD16_eabi.lib : exit.c.obj (.text:abort:abort)
                  000024e8    000002a4     sysbios.aem4f : BIOS.obj (.text:ti_sysbios_knl_Semaphore_pend__E)
                  0000278c    00000004                   : BIOS.obj (.text:ti_sysbios_family_arm_lm4_Timer_masterEnable__I)
                  00002790    0000028e     kiss_fft.obj (.text:kf_bfly5)
                  00002a1e    00000002     rtsv7M4_T_le_v4SPD16_eabi.lib : div0.asm.obj (.text)
                  00002a20    00000270                                   : _printfi.c.obj (.text:_pconv_a)
                  00002c90    0000026c     sysbios.aem4f : BIOS.obj (.text:ti_sysbios_heaps_HeapMem_free__E)
                  00002efc    00000256     grlib.lib : string.obj (.text:GrFontGlyphRender)
                  00003152    00000006     driverlib.lib : gpio.obj (.text:GPIOPinRead)
                  00003158    00000250     sysbios.aem4f : BIOS.obj (.text:ti_sysbios_heaps_HeapMem_alloc__E)
                  000033a8    00000204     Boot.aem4f : Boot_sysctl.oem4f (.text:ti_catalog_arm_cortexm4_tiva_ce_Boot_sysCtlClockFreqSetI__I)
                  000035ac    00000004     ti.targets.arm.rtsarm.aem4f : Error.oem4f (.text:xdc_runtime_Error_getSite__E)
                  000035b0    000001f4     sysbios.aem4f : BIOS.obj (.text:ti_sysbios_family_arm_m3_Hwi_excHandlerMax__I)
                  000037a4    00000004     ti.targets.arm.rtsarm.aem4f : System.oem4f (.text:xdc_runtime_System_aprintf_va__F)
                  000037a8    000001f0     kiss_fft.obj (.text:kf_bfly4)
                  00003998    000001d0     rtsv7M4_T_le_v4SPD16_eabi.lib : _printfi.c.obj (.text:_pconv_g)
                  00003b68    000001b6                                   : fd_add_t2.asm.obj (.text)
                  00003d1e    00000002     --HOLE-- [fill = 0]
                  00003d20    000001b4     kiss_fft.obj (.text:kf_bfly3)
                  00003ed4    00000004     ti.targets.arm.rtsarm.aem4f : System.oem4f (.text:xdc_runtime_System_printf_va__F)
                  00003ed8    00000190     main.obj (.text:processingTask_func)
                  00004068    00000174     rtsv7M4_T_le_v4SPD16_eabi.lib : k_sin.c.obj (.text:__kernel_sin)
                  000041dc    00000004     --HOLE-- [fill = 0]
                  000041e0    00000174     sysbios.aem4f : BIOS.obj (.text:ti_sysbios_family_arm_m3_Hwi_excBusFault__I)
                  00004354    0000016c     rtsv7M4_T_le_v4SPD16_eabi.lib : k_cos.c.obj (.text:__kernel_cos)
                  000044c0    00000164     sysbios.aem4f : BIOS.obj (.text:ti_sysbios_family_arm_m3_Hwi_excUsageFault__I)
                  00004624    0000015c     rtsv7M4_T_le_v4SPD16_eabi.lib : e_log10f.c.obj (.text:log10f)
                  00004780    00000158                                   : e_sqrt.c.obj (.text:sqrt)
                  000048d8    00000148     sysbios.aem4f : BIOS.obj (.text:ti_sysbios_family_arm_m3_Hwi_excMemFault__I)
                  00004a20    00000140     main.obj (.text:displaySettings)
                  00004b60    0000013c     rtsv7M4_T_le_v4SPD16_eabi.lib : _printfi.c.obj (.text:_pconv_e)
                  00004c9c    00000004     --HOLE-- [fill = 0]
                  00004ca0    0000013c     sysbios.aem4f : BIOS.obj (.text:ti_sysbios_heaps_HeapMem_Instance_init__E)
                  00004ddc    00000004     --HOLE-- [fill = 0]
                  00004de0    00000138     main.obj (.text:modeIcon)
                  00004f18    00000136     rtsv7M4_T_le_v4SPD16_eabi.lib : fd_div_t2.asm.obj (.text)
                  0000504e    00000130     driverlib.lib : gpio.obj (.text:GPIOPadConfigSet)
                  0000517e    00000002     --HOLE-- [fill = 0]
                  00005180    00000124     rtsv7M4_T_le_v4SPD16_eabi.lib : _printfi.c.obj (.text:fcvt)
                  000052a4    00000118     ti.targets.arm.rtsarm.aem4f : Error.oem4f (.text:xdc_runtime_Error_policyDefault__E)
                  000053bc    00000110     rtsv7M4_T_le_v4SPD16_eabi.lib : s_scalbn.c.obj (.text:scalbn)
                  000054cc    00000004     --HOLE-- [fill = 0]
                  000054d0    00000108     main.obj (.text:signalInit)
                  000055d8    00000108     sysbios.aem4f : BIOS.obj (.text:ti_sysbios_family_arm_lm4_Timer_start__E)
                  000056e0    00000106     grlib.lib : line.obj (.text:GrLineDraw)
                  000057e6    00000002     --HOLE-- [fill = 0]
                  000057e8    00000100     ti.targets.arm.rtsarm.aem4f : Core-mem.oem4f (.text:xdc_runtime_Core_createObject__I)
                  000058e8    000000fc     kiss_fft.obj (.text:kf_bfly_generic)
                  000059e4    000000fc     rtsv7M4_T_le_v4SPD16_eabi.lib : fd_mul_t2.asm.obj (.text)
                  00005ae0    000000fc     rtos_pem4f.oem4f (.text:xdc_runtime_System_printfExtend__I)
                  00005bdc    000000f8     rtsv7M4_T_le_v4SPD16_eabi.lib : s_floor.c.obj (.text:floor)
                  00005cd4    000000f8     ti.targets.arm.rtsarm.aem4f : Startup.oem4f (.text:xdc_runtime_Startup_startMods__I)
                  00005dcc    000000f4     sysbios.aem4f : m3_Hwi_asm.obj (.text:ti_sysbios_family_arm_m3_Hwi_dispatch__I)
                  00005ec0    000000ec     buttons.obj (.text:ButtonInit)
                  00005fac    00000004     --HOLE-- [fill = 0]
                  00005fb0    000000ec     sysbios.aem4f : BIOS.obj (.text:ti_sysbios_knl_Semaphore_post__E)
                  0000609c    00000004     --HOLE-- [fill = 0]
                  000060a0    000000e2     kiss_fft.obj (.text:kf_work)
                  00006182    00000006     driverlib.lib : gpio.obj (.text:GPIOPinWrite)
                  00006188    000000dc     Crystalfontz128x128_ST7735.obj (.text:Crystalfontz128x128_PixelDrawMultiple)
                  00006264    00000004     --HOLE-- [fill = 0]
                  00006268    000000d4     buttons.obj (.text:ButtonReadJoystick)
                  0000633c    00000004     --HOLE-- [fill = 0]
                  00006340    000000d0     main.obj (.text:drawBackground)
                  00006410    000000cc     buttons.obj (.text:ButtonRoutine)
                  000064dc    00000004     --HOLE-- [fill = 0]
                  000064e0    000000cc     kiss_fft.obj (.text:kiss_fft_alloc)
                  000065ac    000000cc     ti.targets.arm.rtsarm.aem4f : Core-smem.oem4f (.text:xdc_runtime_Core_constructObject__I)
                  00006678    000000c4     grlib.lib : string.obj (.text:GrDefaultStringRenderer)
                  0000673c    000000c0               : line.obj (.text:GrLineClip)
                  000067fc    00000004     --HOLE-- [fill = 0]
                  00006800    000000bc     Crystalfontz128x128_ST7735.obj (.text:Crystalfontz128x128_Init)
                  000068bc    00000004     --HOLE-- [fill = 0]
                  000068c0    000000bc     sysbios.aem4f : BIOS.obj (.text:ti_sysbios_family_arm_m3_Hwi_excDebugMon__I)
                  0000697c    00000004     --HOLE-- [fill = 0]
                  00006980    000000bc                   : BIOS.obj (.text:ti_sysbios_family_arm_m3_Hwi_excHardFault__I)
                  00006a3c    000000b4     rtsv7M4_T_le_v4SPD16_eabi.lib : s_cosf.c.obj (.text:cosf)
                  00006af0    000000b4     sysbios.aem4f : BIOS.obj (.text:ti_sysbios_gates_GateMutex_enter__E)
                  00006ba4    00000004     --HOLE-- [fill = 0]
                  00006ba8    000000b4                   : BIOS.obj (.text:ti_sysbios_knl_Task_checkStacks__E)
                  00006c5c    000000b1     rtsv7M4_T_le_v4SPD16_eabi.lib : _printfi.c.obj (.text:_ltostr)
                  00006d0d    00000003     --HOLE-- [fill = 0]
                  00006d10    000000ac     sysbios.aem4f : BIOS.obj (.text:ti_sysbios_family_arm_lm4_Timer_enableTiva__I)
                  00006dbc    000000a0     auto_init.aem4f : auto_init.oem4f (.text)
                  00006e5c    000000a0     ti.targets.arm.rtsarm.aem4f : Text.oem4f (.text:xdc_runtime_Text_putMod__E)
                  00006efc    00000004     --HOLE-- [fill = 0]
                  00006f00    0000009c     Crystalfontz128x128_ST7735.obj (.text:Crystalfontz128x128_SetDrawFrame)
                  00006f9c    00000004     --HOLE-- [fill = 0]
                  00006fa0    0000009c     main.obj (.text:drawWave)
                  0000703c    0000009c     rtsv7M4_T_le_v4SPD16_eabi.lib : memcpy_t2.asm.obj (.text)
                  000070d8    0000009c     sysbios.aem4f : BIOS.obj (.text:ti_sysbios_knl_Semaphore_Instance_init__E)
                  00007174    0000009a     ti.targets.arm.rtsarm.aem4f : Text.oem4f (.text:xdc_runtime_Text_putSite__E)
                  0000720e    00000002     --HOLE-- [fill = 0]
                  00007210    00000098     Boot.aem4f : Boot.oem4f (.text:ti_catalog_arm_cortexm4_tiva_ce_Boot_sysCtlClockFreqSet__E)
                  000072a8    00000096     rtsv7M4_T_le_v4SPD16_eabi.lib : ull_div_t2.asm.obj (.text)
                  0000733e    00000002     --HOLE-- [fill = 0]
                  00007340    00000094     sampling.obj (.text:sampleInit)
                  000073d4    00000004     --HOLE-- [fill = 0]
                  000073d8    00000094     sysbios.aem4f : BIOS.obj (.text:ti_sysbios_family_arm_m3_Hwi_initNVIC__E)
                  0000746c    0000008c                   : m3_TaskSupport_asm.obj (.text:ti_sysbios_family_arm_m3_TaskSupport_buildTaskStack)
                  000074f8    0000008c                   : BIOS.obj (.text:ti_sysbios_knl_Task_postInit__I)
                  00007584    00000004     --HOLE-- [fill = 0]
                  00007588    00000088                   : BIOS.obj (.text:ti_sysbios_knl_Mailbox_post__E)
                  00007610    00000088     main.obj (.text:userInputTask_func)
                  00007698    00000086     grlib.lib : rectangle.obj (.text:GrRectFill)
                  0000771e    00000086     rtsv7M4_T_le_v4SPD16_eabi.lib : fd_cmp_t2.asm.obj (.text:__aeabi_cdcmple)
                  000077a4    00000086                                   : fd_cmp_t2.asm.obj (.text:__aeabi_cdrcmple)
                  0000782a    00000006     grlib.lib : string.obj (.text:GrContextFontSet)
                  00007830    00000084     main.obj (.text:displayTask_func)
                  000078b4    00000004     --HOLE-- [fill = 0]
                  000078b8    00000084     sysbios.aem4f : BIOS.obj (.text:ti_sysbios_family_arm_m3_Hwi_postInit__I)
                  0000793c    00000004     --HOLE-- [fill = 0]
                  00007940    00000080     Crystalfontz128x128_ST7735.obj (.text:Crystalfontz128x128_RectFill)
                  000079c0    00000080     rtsv7M4_T_le_v4SPD16_eabi.lib : s_floorf.c.obj (.text:floorf)
                  00007a40    00000080     kiss_fft.obj (.text:kf_bfly2)
                  00007ac0    0000007a     driverlib.lib : adc.obj (.text:ADCSequenceStepConfigure)
                  00007b3a    0000007a     rtsv7M4_T_le_v4SPD16_eabi.lib : memset_t2.asm.obj (.text)
                  00007bb4    00000004     --HOLE-- [fill = 0]
                  00007bb8    00000078     HAL_EK_TM4C1294XL_Crystalfontz128x128_ST7735.obj (.text:HAL_LCD_PortInit)
                  00007c30    00000078     HAL_EK_TM4C1294XL_Crystalfontz128x128_ST7735.obj (.text:HAL_LCD_SpiInit)
                  00007ca8    00000074     sysbios.aem4f : BIOS.obj (.text:ti_sysbios_knl_Mailbox_pend__E)
                  00007d1c    00000004     --HOLE-- [fill = 0]
                  00007d20    00000070     main.obj (.text:scaleWave)
                  00007d90    00000070     sysbios.aem4f : BIOS.obj (.text:ti_sysbios_knl_Clock_workFunc__E)
                  00007e00    00000070                   : BIOS.obj (.text:ti_sysbios_knl_Task_exit__E)
                  00007e70    0000006e     rtsv7M4_T_le_v4SPD16_eabi.lib : _printfi.c.obj (.text:_mcpy)
                  00007ede    0000006e                                   : s_roundf.c.obj (.text:roundf)
                  00007f4c    0000006e                                   : fd_tos_t2.asm.obj (.text)
                  00007fba    00000002     --HOLE-- [fill = 0]
                  00007fbc    0000006d     ti.targets.arm.rtsarm.aem4f : System.oem4f (.text:xdc_runtime_System_formatNum__I)
                  00008029    00000001     --HOLE-- [fill = 0]
                  0000802a    00000006     driverlib.lib : sysctl.obj (.text:SysCtlDelay)
                  00008030    0000006c     kiss_fft.obj (.text:kf_factor)
                  0000809c    00000004     --HOLE-- [fill = 0]
                  000080a0    0000006c     sysbios.aem4f : BIOS.obj (.text:ti_sysbios_knl_Swi_restoreHwi__E)
                  0000810c    0000006c     ti.targets.arm.rtsarm.aem4f : Error.oem4f (.text:xdc_runtime_Error_print__E)
                  00008178    0000006c                                 : Memory.oem4f (.text:xdc_runtime_Memory_alloc__E)
                  000081e4    0000006a     grlib.lib : string.obj (.text:GrStringWidthGet)
                  0000824e    00000002     --HOLE-- [fill = 0]
                  00008250    00000068               : context.obj (.text:GrContextInit)
                  000082b8    00000068     rtsv7M4_T_le_v4SPD16_eabi.lib : copy_decompress_lzss.c.obj (.text:decompress:lzss:__TI_decompress_lzss)
                  00008320    00000068     sysbios.aem4f : BIOS.obj (.text:ti_sysbios_family_arm_lm4_TimestampProvider_initTimerHandle__I)
                  00008388    00000066     ti.targets.arm.rtsarm.aem4f : Core-mem.oem4f (.text:xdc_runtime_Core_deleteObject__I)
                  000083ee    00000002     --HOLE-- [fill = 0]
                  000083f0    00000064     rtsv7M4_T_le_v4SPD16_eabi.lib : s_frexp.c.obj (.text:frexp)
                  00008454    00000004     --HOLE-- [fill = 0]
                  00008458    00000064     sysbios.aem4f : BIOS.obj (.text:ti_sysbios_family_arm_lm4_Timer_Module_startup__E)
                  000084bc    00000004     --HOLE-- [fill = 0]
                  000084c0    00000064                   : BIOS.obj (.text:ti_sysbios_family_arm_m3_Hwi_dispatchC__I)
                  00008524    00000004     --HOLE-- [fill = 0]
                  00008528    00000060     buttons.obj (.text:ButtonDebounce)
                  00008588    00000060     sysbios.aem4f : BIOS.obj (.text:ti_sysbios_knl_Task_schedule__I)
                  000085e8    0000005c     kiss_fft.obj (.text:kiss_fft_stride)
                  00008644    00000004     --HOLE-- [fill = 0]
                  00008648    0000005c     sysbios.aem4f : BIOS.obj (.text:ti_sysbios_knl_Swi_run__I)
                  000086a4    00000004     --HOLE-- [fill = 0]
                  000086a8    0000005c                   : BIOS.obj (.text:ti_sysbios_knl_Swi_schedule__I)
                  00008704    00000004     --HOLE-- [fill = 0]
                  00008708    0000005c                   : BIOS.obj (.text:ti_sysbios_knl_Task_Module_startup__E)
                  00008764    00000004     --HOLE-- [fill = 0]
                  00008768    0000005c                   : BIOS.obj (.text:ti_sysbios_knl_Task_startCore__E)
                  000087c4    00000004     --HOLE-- [fill = 0]
                  000087c8    0000005c     main.obj (.text:waveformTask_func)
                  00008824    0000005b     ti.targets.arm.rtsarm.aem4f : Text.oem4f (.text:xdc_runtime_Text_putLab__E)
                  0000887f    00000001     --HOLE-- [fill = 0]
                  00008880    0000005a     grlib.lib : string.obj (.text:FontWideGlyphDataGet)
                  000088da    00000006     ti.targets.arm.rtsarm.aem4f : System.oem4f (.text:xdc_runtime_System_Module_startup__E)
                  000088e0    00000058     buttons.obj (.text:ButtonAutoRepeat)
                  00008938    00000058     boot.aem4f : boot.oem4f (.text)
                  00008990    00000058     rtsv7M4_T_le_v4SPD16_eabi.lib : hostwrite.c.obj (.text:HOSTwrite)
                  000089e8    00000058     sysbios.aem4f : m3_Hwi_asm_switch.obj (.text:ti_sysbios_family_arm_m3_Hwi_initStacks__E)
                  00008a40    00000056     rtsv7M4_T_le_v4SPD16_eabi.lib : _printfi.c.obj (.text:_pconv_f)
                  00008a96    00000054                                   : _ltoa.c.obj (.text:__TI_ltoa)
                  00008aea    00000006     --HOLE-- [fill = 0]
                  00008af0    00000054     sysbios.aem4f : BIOS.obj (.text:ti_sysbios_family_arm_lm4_Timer_initDevice__I)
                  00008b44    00000054     ti.targets.arm.rtsarm.aem4f : Assert.oem4f (.text:xdc_runtime_Assert_raise__I)
                  00008b98    00000052     rtsv7M4_T_le_v4SPD16_eabi.lib : _printfi.c.obj (.text:_ecpy)
                  00008bea    00000002     --HOLE-- [fill = 0]
                  00008bec    00000050     Boot.aem4f : Boot_sysctl.oem4f (.text:_SysCtlFrequencyGet)
                  00008c3c    00000004     --HOLE-- [fill = 0]
                  00008c40    00000050     sysbios.aem4f : BIOS.obj (.text:ti_sysbios_family_arm_m3_Hwi_Module_startup__E)
                  00008c90    00000050     ti.targets.arm.rtsarm.aem4f : Startup.oem4f (.text:xdc_runtime_Startup_exec__E)
                  00008ce0    00000050                                 : Text.oem4f (.text:xdc_runtime_Text_visitRope2__I)
                  00008d30    0000004c     main.obj (.text:adjustVoltageScale)
                  00008d7c    0000004c     rtsv7M4_T_le_v4SPD16_eabi.lib : atoi.c.obj (.text:atoi)
                  00008dc8    0000004c                                   : cpy_tbl.c.obj (.text:copy_in)
                  00008e14    0000004c                                   : snprintf.c.obj (.text:snprintf)
                  00008e60    0000004c     sysbios.aem4f : BIOS.obj (.text:ti_sysbios_heaps_HeapMem_getStats__E)
                  00008eac    00000004     --HOLE-- [fill = 0]
                  00008eb0    0000004c                   : BIOS.obj (.text:ti_sysbios_knl_Swi_runLoop__I)
                  00008efc    00000004     --HOLE-- [fill = 0]
                  00008f00    0000004c                   : BIOS.obj (.text:ti_sysbios_knl_Task_allBlockedFunction__I)
                  00008f4c    0000004a     grlib.lib : string.obj (.text:UpdateContextCharMapping)
                  00008f96    00000002     --HOLE-- [fill = 0]
                  00008f98    00000048     driverlib.lib : gpio.obj (.text:GPIOPinConfigure)
                  00008fe0    00000048     HAL_EK_TM4C1294XL_Crystalfontz128x128_ST7735.obj (.text:HAL_LCD_writeCommand)
                  00009028    00000048     sysctl_pll.obj (.text:SysCtlFrequencyGet)
                  00009070    00000048     main.obj (.text:fallingTrigger)
                  000090b8    00000048     main.obj (.text:risingTrigger)
                  00009100    00000048     rtsv7M4_T_le_v4SPD16_eabi.lib : fd_toi_t2.asm.obj (.text)
                  00009148    00000048     sysbios.aem4f : BIOS.obj (.text:ti_sysbios_family_arm_lm4_Timer_enableTimers__I)
                  00009190    00000048                   : BIOS.obj (.text:ti_sysbios_family_arm_m3_Hwi_disableInterrupt__E)
                  000091d8    00000048                   : BIOS.obj (.text:ti_sysbios_family_arm_m3_Hwi_enableInterrupt__E)
                  00009220    00000048                   : BIOS.obj (.text:ti_sysbios_family_arm_m3_Hwi_excReserved__I)
                  00009268    00000048                   : BIOS.obj (.text:ti_sysbios_knl_Mailbox_Module_startup__E)
                  000092b0    00000046     grlib.lib : line.obj (.text:GrLineDrawH)
                  000092f6    00000046               : line.obj (.text:GrLineDrawV)
                  0000933c    00000046     ti.targets.arm.rtsarm.aem4f : Core-params.oem4f (.text:xdc_runtime_Core_assignParams__I)
                  00009382    00000006     --HOLE-- [fill = 0]
                  00009388    00000044     sampling.obj (.text:ADC_ISR)
                  000093cc    00000004     --HOLE-- [fill = 0]
                  000093d0    00000044     Crystalfontz128x128_ST7735.obj (.text:Crystalfontz128x128_SetOrientation)
                  00009414    00000004     --HOLE-- [fill = 0]
                  00009418    00000044     sysbios.aem4f : BIOS.obj (.text:ti_sysbios_family_arm_lm4_Timer_isrStub__E)
                  0000945c    00000004     --HOLE-- [fill = 0]
                  00009460    00000044                   : BIOS.obj (.text:ti_sysbios_family_arm_m3_Hwi_getStackInfo__E)
                  000094a4    00000004     --HOLE-- [fill = 0]
                  000094a8    00000044                   : BIOS.obj (.text:ti_sysbios_knl_Swi_post__E)
                  000094ec    00000044     ti.targets.arm.rtsarm.aem4f : Error.oem4f (.text:xdc_runtime_Error_setX__E)
                  00009530    00000044                                 : SysMin.oem4f (.text:xdc_runtime_SysMin_flush__E)
                  00009574    00000044                                 : Text.oem4f (.text:xdc_runtime_Text_xprintf__I)
                  000095b8    00000040     Crystalfontz128x128_ST7735.obj (.text:Crystalfontz128x128_LineDrawH)
                  000095f8    00000040     main.obj (.text:copySpectrumBuffer)
                  00009638    00000040     rtsv7M4_T_le_v4SPD16_eabi.lib : u_divt2.asm.obj (.text)
                  00009678    00000040     sysbios.aem4f : BIOS.obj (.text:ti_sysbios_family_arm_lm4_Timer_startup__E)
                  000096b8    0000003e     driverlib.lib : adc.obj (.text:ADCSequenceConfigure)
                  000096f6    0000003e     rtsv7M4_T_le_v4SPD16_eabi.lib : _printfi.c.obj (.text:_fcpy)
                  00009734    0000003c     driverlib.lib : ssi.obj (.text:SSIConfigSetExpClk)
                  00009770    0000003c     sysbios.aem4f : BIOS.obj (.text:ti_sysbios_family_arm_m3_Hwi_excSvCall__I)
                  000097ac    00000004     --HOLE-- [fill = 0]
                  000097b0    0000003c                   : BIOS.obj (.text:ti_sysbios_heaps_HeapMem_init__I)
                  000097ec    00000004     --HOLE-- [fill = 0]
                  000097f0    0000003c                   : BIOS.obj (.text:ti_sysbios_knl_Swi_restore__E)
                  0000982c    0000003a     grlib.lib : string.obj (.text:FontGlyphDataGet)
                  00009866    00000002     --HOLE-- [fill = 0]
                  00009868    00000038     Crystalfontz128x128_ST7735.obj (.text:Crystalfontz128x128_Flush)
                  000098a0    00000038     rtsv7M4_T_le_v4SPD16_eabi.lib : trgmsg.c.obj (.text:__TI_writemsg)
                  000098d8    00000038     main.obj (.text:copyBuffer)
                  00009910    00000038     rtsv7M4_T_le_v4SPD16_eabi.lib : fs_tod_t2.asm.obj (.text)
                  00009948    00000038     sysbios.aem4f : BIOS.obj (.text:ti_sysbios_family_arm_m3_Hwi_excNoIsr__I)
                  00009980    00000038                   : BIOS.obj (.text:ti_sysbios_knl_Task_processVitalTaskFlag__I)
                  000099b8    00000038     ti.targets.arm.rtsarm.aem4f : SysMin.oem4f (.text:xdc_runtime_SysMin_putch__E)
                  000099f0    00000038                                 : System.oem4f (.text:xdc_runtime_System_atexit__E)
                  00009a28    00000036     grlib.lib : line.obj (.text:GrClipCodeGet)
                  00009a5e    00000002     --HOLE-- [fill = 0]
                  00009a60    00000034     driverlib.lib : sysctl.obj (.text:SysCtlPeripheralEnable)
                  00009a94    00000034     rtsv7M4_T_le_v4SPD16_eabi.lib : trgmsg.c.obj (.text:__TI_readmsg)
                  00009ac8    00000034     sysbios.aem4f : BIOS.obj (.text:ti_sysbios_family_arm_m3_Hwi_excNmi__I)
                  00009afc    00000004     --HOLE-- [fill = 0]
                  00009b00    00000034                   : BIOS.obj (.text:ti_sysbios_hal_Hwi_checkStack)
                  00009b34    00000034     ti.targets.arm.rtsarm.aem4f : Core-label.oem4f (.text:xdc_runtime_Core_assignLabel__I)
                  00009b68    00000033                                 : Text.oem4f (.text:xdc_runtime_Text_printVisFxn__I)
                  00009b9b    00000005     --HOLE-- [fill = 0]
                  00009ba0    00000032     sysbios.aem4f : BIOS.obj (.text:ti_sysbios_hal_Hwi_initStack)
                  00009bd2    00000030     rtsv7M4_T_le_v4SPD16_eabi.lib : snprintf.c.obj (.text:_outs)
                  00009c02    00000006     --HOLE-- [fill = 0]
                  00009c08    00000030     rtos_pem4f.oem4f (.text:ti_sysbios_BIOS_atExitFunc__I)
                  00009c38    00000030     sysbios.aem4f : BIOS.obj (.text:ti_sysbios_family_arm_lm4_Timer_stop__E)
                  00009c68    00000030                   : BIOS.obj (.text:ti_sysbios_family_arm_m3_TaskSupport_start__E)
                  00009c98    00000030     rtos_pem4f.oem4f (.text:ti_sysbios_gates_GateHwi_Object__create__S)
                  00009cc8    00000030     rtos_pem4f.oem4f (.text:ti_sysbios_gates_GateMutex_Object__create__S)
                  00009cf8    00000030     rtos_pem4f.oem4f (.text:ti_sysbios_heaps_HeapMem_Object__create__S)
                  00009d28    00000030     sysbios.aem4f : BIOS.obj (.text:ti_sysbios_knl_Mailbox_postInit__I)
                  00009d58    00000030     rtos_pem4f.oem4f (.text:ti_sysbios_knl_Semaphore_construct)
                  00009d88    00000030     sysbios.aem4f : BIOS.obj (.text:ti_sysbios_knl_Semaphore_pendTimeout__I)
                  00009db8    00000030                   : BIOS.obj (.text:ti_sysbios_knl_Task_unblockI__E)
                  00009de8    00000030     ti.targets.arm.rtsarm.aem4f : SysMin.oem4f (.text:xdc_runtime_SysMin_abort__E)
                  00009e18    00000030                                 : System.oem4f (.text:xdc_runtime_System_processAtExit__E)
                  00009e48    0000002e     driverlib.lib : adc.obj (.text:ADCIntStatus)
                  00009e76    0000002e     grlib.lib : string.obj (.text:GrStringNextCharGet)
                  00009ea4    00000004     --HOLE-- [fill = 0]
                  00009ea8    0000002e     rtos_pem4f.oem4f (.text:malloc)
                  00009ed6    0000002e     rtsv7M4_T_le_v4SPD16_eabi.lib : i_tofd_t2.asm.obj (.text)
                  00009f04    0000002c     grlib.lib : string.obj (.text:GrFontBaselineGet)
                  00009f30    0000002c     rtos_pem4f.oem4f (.text:ti_sysbios_knl_Clock_doTick__I)
                  00009f5c    00000004     --HOLE-- [fill = 0]
                  00009f60    0000002c     rtos_pem4f.oem4f (.text:ti_sysbios_knl_Queue_construct)
                  00009f8c    00000004     --HOLE-- [fill = 0]
                  00009f90    0000002c     sysbios.aem4f : BIOS.obj (.text:ti_sysbios_knl_Task_restore__E)
                  00009fbc    0000002c     ti.targets.arm.rtsarm.aem4f : Text.oem4f (.text:xdc_runtime_Text_cordText__E)
                  00009fe8    0000002a     driverlib.lib : gpio.obj (.text:GPIODirModeSet)
                  0000a012    0000002a     ti.targets.arm.rtsarm.aem4f : System.oem4f (.text:xdc_runtime_System_putchar__I)
                  0000a03c    00000004     --HOLE-- [fill = 0]
                  0000a040    00000028     sysbios.aem4f : BIOS.obj (.text:ti_sysbios_knl_Clock_addI__E)
                  0000a068    00000028                   : BIOS.obj (.text:ti_sysbios_knl_Swi_Module_startup__E)
                  0000a090    00000026     grlib.lib : string.obj (.text:GrFontInfoGet)
                  0000a0b6    00000026     sysbios.aem4f : m3_Hwi_asm.obj (.text:ti_sysbios_family_arm_m3_Hwi_pendSV__I)
                  0000a0dc    00000026     ti.targets.arm.rtsarm.aem4f : System.oem4f (.text:xdc_runtime_System_avprintf__E)
                  0000a102    00000006     --HOLE-- [fill = 0]
                  0000a108    00000024     main.obj (.text:main)
                  0000a12c    00000004     --HOLE-- [fill = 0]
                  0000a130    00000024     rtos_pem4f.oem4f (.text:ti_sysbios_BIOS_errorRaiseHook__I)
                  0000a154    00000004     --HOLE-- [fill = 0]
                  0000a158    00000024     rtos_pem4f.oem4f (.text:ti_sysbios_BIOS_registerRTSLock__I)
                  0000a17c    00000004     --HOLE-- [fill = 0]
                  0000a180    00000024     rtos_pem4f.oem4f (.text:ti_sysbios_BIOS_removeRTSLock__I)
                  0000a1a4    00000004     --HOLE-- [fill = 0]
                  0000a1a8    00000024     rtos_pem4f.oem4f (.text:ti_sysbios_BIOS_startFunc__I)
                  0000a1cc    00000004     --HOLE-- [fill = 0]
                  0000a1d0    00000024     rtos_pem4f.oem4f (.text:ti_sysbios_gates_GateMutex_Object__delete__S)
                  0000a1f4    00000004     --HOLE-- [fill = 0]
                  0000a1f8    00000024     sysbios.aem4f : BIOS.obj (.text:ti_sysbios_knl_Clock_Module_startup__E)
                  0000a21c    00000004     --HOLE-- [fill = 0]
                  0000a220    00000024                   : BIOS.obj (.text:ti_sysbios_knl_Task_restoreHwi__E)
                  0000a244    00000024     ti.targets.arm.rtsarm.aem4f : System.oem4f (.text:xdc_runtime_System_vprintf__E)
                  0000a268    00000022     grlib.lib : string.obj (.text:GrFontGlyphDataGet)
                  0000a28a    00000022     driverlib.lib : pwm.obj (.text:PWMGenConfigure)
                  0000a2ac    00000004     --HOLE-- [fill = 0]
                  0000a2b0    00000022     sysbios.aem4f : BIOS.obj (.text:ti_sysbios_family_arm_lm4_Timer_write__I)
                  0000a2d2    00000006     --HOLE-- [fill = 0]
                  0000a2d8    00000022     rtos_pem4f.oem4f (.text:xdc_runtime_SysMin_output__I)
                  0000a2fa    00000002     --HOLE-- [fill = 0]
                  0000a2fc    00000020     Boot.aem4f : Boot_sysctl.oem4f (.text:_SysCtlMemTimingGet)
                  0000a31c    00000004     --HOLE-- [fill = 0]
                  0000a320    00000020     rtos_pem4f.oem4f (.text:ti_sysbios_BIOS_rtsLock__I)
                  0000a340    00000020     sysbios.aem4f : m3_Hwi_asm.obj (.text:ti_sysbios_family_arm_m3_Hwi_excHandlerAsm__I)
                  0000a360    00000020                   : BIOS.obj (.text:ti_sysbios_family_arm_m3_Hwi_excHandler__I)
                  0000a380    00000020     rtos_pem4f.oem4f (.text:ti_sysbios_gates_GateHwi_Object__delete__S)
                  0000a3a0    00000020     rtos_pem4f.oem4f (.text:ti_sysbios_heaps_HeapMem_Object__delete__S)
                  0000a3c0    00000020     sysbios.aem4f : BIOS.obj (.text:ti_sysbios_knl_Idle_run__E)
                  0000a3e0    00000020     rtos_pem4f.oem4f (.text:ti_sysbios_knl_Semaphore_Object__destruct__S)
                  0000a400    00000020     ti.targets.arm.rtsarm.aem4f : Registry.oem4f (.text:xdc_runtime_Registry_findById__E)
                  0000a420    00000020                                 : SysMin.oem4f (.text:xdc_runtime_SysMin_Module_startup__E)
                  0000a440    0000001e     driverlib.lib : adc.obj (.text:ADCSequenceDataGet)
                  0000a45e    00000002     --HOLE-- [fill = 0]
                  0000a460    0000001e     Crystalfontz128x128_ST7735.obj (.text:Crystalfontz128x128_ColorTranslate)
                  0000a47e    0000001e     grlib.lib : string.obj (.text:GrFontCodepageGet)
                  0000a49c    0000001e     driverlib.lib : pwm.obj (.text:PWMPulseWidthSet)
                  0000a4ba    0000001e     sysbios.aem4f : m3_Hwi_asm_switch.obj (.text:ti_sysbios_family_xxx_Hwi_switchAndRunFunc)
                  0000a4d8    0000001c     Crystalfontz128x128_ST7735.obj (.text:Crystalfontz128x128_LineDrawV)
                  0000a4f4    00000004     --HOLE-- [fill = 0]
                  0000a4f8    0000001c     main.obj (.text:buttonTask_func)
                  0000a514    0000001c     rtsv7M4_T_le_v4SPD16_eabi.lib : memccpy.c.obj (.text:memccpy)
                  0000a530    0000001c     sysbios.aem4f : BIOS.obj (.text:ti_sysbios_gates_GateMutex_Instance_init__E)
                  0000a54c    00000004     --HOLE-- [fill = 0]
                  0000a550    0000001c     rtos_pem4f.oem4f (.text:ti_sysbios_knl_Queue_Object__destruct__S)
                  0000a56c    00000004     --HOLE-- [fill = 0]
                  0000a570    0000001c     sysbios.aem4f : BIOS.obj (.text:ti_sysbios_knl_Queue_get__E)
                  0000a58c    00000004     --HOLE-- [fill = 0]
                  0000a590    0000001c                   : BIOS.obj (.text:ti_sysbios_knl_Queue_put__E)
                  0000a5ac    00000004     --HOLE-- [fill = 0]
                  0000a5b0    0000001c                   : BIOS.obj (.text:ti_sysbios_knl_Task_enter__I)
                  0000a5cc    0000001c     ti.targets.arm.rtsarm.aem4f : Error.oem4f (.text:xdc_runtime_Error_raiseX__E)
                  0000a5e8    0000001c                                 : Memory.oem4f (.text:xdc_runtime_Memory_valloc__E)
                  0000a604    0000001c                                 : SysMin.oem4f (.text:xdc_runtime_SysMin_exit__E)
                  0000a620    0000001c                                 : System.oem4f (.text:xdc_runtime_System_abort__E)
                  0000a63c    0000001a     rtsv7M4_T_le_v4SPD16_eabi.lib : s_copysign.c.obj (.text:copysign)
                  0000a656    00000002     --HOLE-- [fill = 0]
                  0000a658    0000001a     rtos_pem4f.oem4f (.text:free)
                  0000a672    00000006     --HOLE-- [fill = 0]
                  0000a678    0000001a     rtos_pem4f.oem4f (.text:ti_sysbios_family_arm_m3_Hwi_Handle__label__S)
                  0000a692    00000006     --HOLE-- [fill = 0]
                  0000a698    0000001a     rtos_pem4f.oem4f (.text:ti_sysbios_gates_GateHwi_Handle__label__S)
                  0000a6b2    00000006     --HOLE-- [fill = 0]
                  0000a6b8    0000001a     rtos_pem4f.oem4f (.text:ti_sysbios_gates_GateMutex_Handle__label__S)
                  0000a6d2    00000006     --HOLE-- [fill = 0]
                  0000a6d8    0000001a     rtos_pem4f.oem4f (.text:ti_sysbios_heaps_HeapMem_Handle__label__S)
                  0000a6f2    00000006     --HOLE-- [fill = 0]
                  0000a6f8    0000001a     rtos_pem4f.oem4f (.text:ti_sysbios_knl_Swi_Handle__label__S)
                  0000a712    00000006     --HOLE-- [fill = 0]
                  0000a718    0000001a     rtos_pem4f.oem4f (.text:ti_sysbios_knl_Task_Handle__label__S)
                  0000a732    00000006     --HOLE-- [fill = 0]
                  0000a738    0000001a     rtos_pem4f.oem4f (.text:xdc_runtime_System_aprintf__E)
                  0000a752    00000006     --HOLE-- [fill = 0]
                  0000a758    0000001a     rtos_pem4f.oem4f (.text:xdc_runtime_System_printf__E)
                  0000a772    00000018     driverlib.lib : adc.obj (.text:ADCClockConfigSet)
                  0000a78a    00000018                   : adc.obj (.text:ADCProcessorTrigger)
                  0000a7a2    00000018                   : gpio.obj (.text:GPIOPinTypeGPIOOutput)
                  0000a7ba    00000002     --HOLE-- [fill = 0]
                  0000a7bc    00000018     rtsv7M4_T_le_v4SPD16_eabi.lib : args_main.c.obj (.text:_args_main)
                  0000a7d4    00000018                                   : snprintf.c.obj (.text:_outc)
                  0000a7ec    00000004     --HOLE-- [fill = 0]
                  0000a7f0    00000018     rtos_pem4f.oem4f (.text:ti_sysbios_BIOS_rtsUnlock__I)
                  0000a808    00000018     rtos_pem4f.oem4f (.text:ti_sysbios_family_arm_lm4_Timer_Module__startupDone__F)
                  0000a820    00000018     rtos_pem4f.oem4f (.text:ti_sysbios_family_arm_m3_Hwi_Module__startupDone__F)
                  0000a838    00000018     sysbios.aem4f : m3_TaskSupport_asm.obj (.text:ti_sysbios_family_arm_m3_TaskSupport_swap__E)
                  0000a850    00000018                   : BIOS.obj (.text:ti_sysbios_gates_GateMutex_leave__E)
                  0000a868    00000018     ti.targets.arm.rtsarm.aem4f : Error.oem4f (.text:xdc_runtime_Error_check__E)
                  0000a880    00000018                                 : System.oem4f (.text:xdc_runtime_System_exit__E)
                  0000a898    00000018                                 : Text.oem4f (.text:xdc_runtime_Text_ropeText__E)
                  0000a8b0    00000016     grlib.lib : string.obj (.text:GrStringDraw)
                  0000a8c6    00000016     rtsv7M4_T_le_v4SPD16_eabi.lib : strchr.c.obj (.text:strchr)
                  0000a8dc    00000004     --HOLE-- [fill = 0]
                  0000a8e0    00000016     rtos_pem4f.oem4f (.text:ti_sysbios_BIOS_exitFunc__I)
                  0000a8f6    00000002     --HOLE-- [fill = 0]
                  0000a8f8    00000016     sysbios.aem4f : BIOS.obj (.text:ti_sysbios_knl_Task_unblock__E)
                  0000a90e    00000002     --HOLE-- [fill = 0]
                  0000a910    00000014     Crystalfontz128x128_ST7735.obj (.text:Crystalfontz128x128_PixelDraw)
                  0000a924    00000014     driverlib.lib : pwm.obj (.text:PWMClockSet)
                  0000a938    00000014     rtsv7M4_T_le_v4SPD16_eabi.lib : strlen.c.obj (.text:strlen)
                  0000a94c    00000004     --HOLE-- [fill = 0]
                  0000a950    00000014     rtos_pem4f.oem4f (.text:ti_sysbios_family_arm_m3_Hwi_Object__get__S)
                  0000a964    00000004     --HOLE-- [fill = 0]
                  0000a968    00000014     sysbios.aem4f : BIOS.obj (.text:ti_sysbios_family_arm_m3_Hwi_switchFromBootStack__E)
                  0000a97c    00000004     --HOLE-- [fill = 0]
                  0000a980    00000014     rtos_pem4f.oem4f (.text:ti_sysbios_heaps_HeapMem_Object__get__S)
                  0000a994    00000004     --HOLE-- [fill = 0]
                  0000a998    00000014     rtos_pem4f.oem4f (.text:ti_sysbios_knl_Mailbox_Object__get__S)
                  0000a9ac    00000004     --HOLE-- [fill = 0]
                  0000a9b0    00000014     rtos_pem4f.oem4f (.text:ti_sysbios_knl_Swi_Object__get__S)
                  0000a9c4    00000012     driverlib.lib : gpio.obj (.text:GPIOPinTypeADC)
                  0000a9d6    00000012                   : gpio.obj (.text:GPIOPinTypeGPIOInput)
                  0000a9e8    00000012                   : gpio.obj (.text:GPIOPinTypePWM)
                  0000a9fa    00000012                   : gpio.obj (.text:GPIOPinTypeSSI)
                  0000aa0c    00000012                   : pwm.obj (.text:PWMOutputState)
                  0000aa1e    00000002     --HOLE-- [fill = 0]
                  0000aa20    00000012     sysbios.aem4f : BIOS.obj (.text:ti_sysbios_hal_Hwi_Module_startup__E)
                  0000aa32    00000012     rtsv7M4_T_le_v4SPD16_eabi.lib : wcslen.c.obj (.text:wcslen)
                  0000aa44    00000004     --HOLE-- [fill = 0]
                  0000aa48    00000012     rtos_pem4f.oem4f (.text:xdc_runtime_Startup_exec__I)
                  0000aa5a    00000006     --HOLE-- [fill = 0]
                  0000aa60    00000010     rtos_pem4f.oem4f (.text:.bootCodeSection:ti_catalog_arm_cortexm4_tiva_ce_Boot_init__I)
                  0000aa70    00000010     driverlib.lib : adc.obj (.text:ADCIntEnable)
                  0000aa80    00000010                   : interrupt.obj (.text:IntMasterDisable)
                  0000aa90    00000010                   : interrupt.obj (.text:IntMasterEnable)
                  0000aaa0    00000010                   : pwm.obj (.text:PWMGenPeriodSet)
                  0000aab0    00000010     sysbios.aem4f : BIOS.obj (.text:ti_sysbios_BIOS_setThreadType__E)
                  0000aac0    00000010                   : BIOS.obj (.text:ti_sysbios_BIOS_start__E)
                  0000aad0    00000010                   : m3_TaskSupport_asm.obj (.text:ti_sysbios_family_arm_m3_TaskSupport_glue)
                  0000aae0    00000010                   : BIOS.obj (.text:ti_sysbios_gates_GateMutex_Instance_finalize__E)
                  0000aaf0    00000010                   : BIOS.obj (.text:ti_sysbios_knl_Semaphore_Instance_finalize__E)
                  0000ab00    00000010                   : BIOS.obj (.text:ti_sysbios_knl_Swi_disable__E)
                  0000ab10    00000010     rtos_pem4f.oem4f (.text:ti_sysbios_knl_Task_Object__get__S)
                  0000ab20    00000010     sysbios.aem4f : BIOS.obj (.text:ti_sysbios_knl_Task_disable__E)
                  0000ab30    00000010     ti.targets.arm.rtsarm.aem4f : Gate.oem4f (.text:xdc_runtime_Gate_leaveSystem__E)
                  0000ab40    00000010                                 : Memory.oem4f (.text:xdc_runtime_Memory_free__E)
                  0000ab50    00000010                                 : SysMin.oem4f (.text:xdc_runtime_SysMin_ready__E)
                  0000ab60    00000010                                 : System.oem4f (.text:xdc_runtime_System_vsnprintf__E)
                  0000ab70    00000010     rtos_pem4f.oem4f (.text:xdc_runtime_Text_visitRope__I)
                  0000ab80    0000000e     driverlib.lib : adc.obj (.text:ADCSequenceDisable)
                  0000ab8e    0000000e                   : adc.obj (.text:ADCSequenceEnable)
                  0000ab9c    0000000e     rtsv7M4_T_le_v4SPD16_eabi.lib : copy_decompress_none.c.obj (.text:decompress:none:__TI_decompress_none)
                  0000abaa    00000006     --HOLE-- [fill = 0]
                  0000abb0    0000000e     sysbios.aem4f : BIOS.obj (.text:ti_sysbios_knl_Idle_loop__E)
                  0000abbe    00000002     --HOLE-- [fill = 0]
                  0000abc0    0000000e                   : BIOS.obj (.text:ti_sysbios_knl_Queue_empty__E)
                  0000abce    0000000c     driverlib.lib : cpu.obj (.text:CPUcpsid)
                  0000abda    0000000c                   : cpu.obj (.text:CPUcpsie)
                  0000abe6    00000002     --HOLE-- [fill = 0]
                  0000abe8    0000000c     HAL_EK_TM4C1294XL_Crystalfontz128x128_ST7735.obj (.text:HAL_LCD_writeData)
                  0000abf4    0000000c     driverlib.lib : pwm.obj (.text:PWMGenEnable)
                  0000ac00    0000000c     rtsv7M4_T_le_v4SPD16_eabi.lib : _lock.c.obj (.text:_register_lock)
                  0000ac0c    0000000c                                   : _lock.c.obj (.text:_register_unlock)
                  0000ac18    0000000c     main.obj (.text:buttonSchedule_func)
                  0000ac24    0000000c     rtsv7M4_T_le_v4SPD16_eabi.lib : copy_zero_init.c.obj (.text:decompress:ZI:__TI_zero_init)
                  0000ac30    0000000c     sysbios.aem4f : BIOS.obj (.text:ti_sysbios_family_arm_lm4_Timer_getMaxTicks__E)
                  0000ac3c    00000004     --HOLE-- [fill = 0]
                  0000ac40    0000000c                   : BIOS.obj (.text:ti_sysbios_family_arm_m3_TaskSupport_checkStack__E)
                  0000ac4c    00000004     --HOLE-- [fill = 0]
                  0000ac50    0000000c                   : BIOS.obj (.text:ti_sysbios_gates_GateHwi_enter__E)
                  0000ac5c    00000004     --HOLE-- [fill = 0]
                  0000ac60    0000000c     rtos_pem4f.oem4f (.text:ti_sysbios_knl_Queue_Object__get__S)
                  0000ac6c    0000000c     ti.targets.arm.rtsarm.aem4f : Error.oem4f (.text:xdc_runtime_Error_init__E)
                  0000ac78    0000000c                                 : Gate.oem4f (.text:xdc_runtime_Gate_enterSystem__E)
                  0000ac84    0000000c                                 : Memory.oem4f (.text:xdc_runtime_Memory_calloc__E)
                  0000ac90    0000000c                                 : Memory.oem4f (.text:xdc_runtime_Memory_getMaxDefaultTypeAlign__E)
                  0000ac9c    0000000a     driverlib.lib : adc.obj (.text:ADCIntClear)
                  0000aca6    0000000a                   : ssi.obj (.text:SSIDataPut)
                  0000acb0    0000000a                   : ssi.obj (.text:SSIEnable)
                  0000acba    00000006     --HOLE-- [fill = 0]
                  0000acc0    0000000a     rtos_pem4f.oem4f (.text:xdc_runtime_IHeap_alloc)
                  0000acca    00000006     --HOLE-- [fill = 0]
                  0000acd0    0000000a     rtos_pem4f.oem4f (.text:xdc_runtime_IHeap_free)
                  0000acda    00000008     grlib.lib : charmap.obj (.text:GrMapISO8859_1_Unicode)
                  0000ace2    00000008     driverlib.lib : ssi.obj (.text:SSIBusy)
                  0000acea    00000002     --HOLE-- [fill = 0]
                  0000acec    00000008     rtsv7M4_T_le_v4SPD16_eabi.lib : errno.c.obj (.text:__aeabi_errno_addr)
                  0000acf4    00000008     sysbios.aem4f : BIOS.obj (.text:ti_sysbios_family_arm_lm4_Timer_masterDisable__I)
                  0000acfc    00000004     --HOLE-- [fill = 0]
                  0000ad00    00000008                   : BIOS.obj (.text:ti_sysbios_family_arm_m3_Hwi_doSwiRestore__I)
                  0000ad08    00000008                   : BIOS.obj (.text:ti_sysbios_family_arm_m3_Hwi_startup__E)
                  0000ad10    00000006     kiss_fft.obj (.text:kiss_fft)
                  0000ad16    00000002     --HOLE-- [fill = 0]
                  0000ad18    00000006     sysbios.aem4f : BIOS.obj (.text:ti_sysbios_family_arm_lm4_TimestampProvider_Module_startup__E)
                  0000ad1e    00000002     --HOLE-- [fill = 0]
                  0000ad20    00000006                   : BIOS.obj (.text:ti_sysbios_family_arm_m3_Hwi_doTaskRestore__I)
                  0000ad26    00000002     --HOLE-- [fill = 0]
                  0000ad28    00000006                   : BIOS.obj (.text:ti_sysbios_gates_GateHwi_leave__E)
                  0000ad2e    00000002     --HOLE-- [fill = 0]
                  0000ad30    00000006                   : BIOS.obj (.text:ti_sysbios_heaps_HeapMem_isBlocking__E)
                  0000ad36    00000002     --HOLE-- [fill = 0]
                  0000ad38    00000006                   : BIOS.obj (.text:ti_sysbios_knl_Queue_Instance_init__E)
                  0000ad3e    00000002     --HOLE-- [fill = 0]
                  0000ad40    00000006                   : BIOS.obj (.text:ti_sysbios_knl_Swi_startup__E)
                  0000ad46    00000002     --HOLE-- [fill = 0]
                  0000ad48    00000004     rtos_pem4f.oem4f (.text:ti_sysbios_BIOS_RtsGateProxy_enter__E)
                  0000ad4c    00000004     --HOLE-- [fill = 0]
                  0000ad50    00000004     rtos_pem4f.oem4f (.text:ti_sysbios_BIOS_RtsGateProxy_leave__E)
                  0000ad54    00000004     --HOLE-- [fill = 0]
                  0000ad58    00000004     rtos_pem4f.oem4f (.text:ti_sysbios_family_arm_m3_TaskSupport_Module__startupDone__S)
                  0000ad5c    00000004     --HOLE-- [fill = 0]
                  0000ad60    00000004     sysbios.aem4f : BIOS.obj (.text:ti_sysbios_gates_GateHwi_query__E)
                  0000ad64    00000004     --HOLE-- [fill = 0]
                  0000ad68    00000004                   : BIOS.obj (.text:ti_sysbios_gates_GateMutex_query__E)
                  0000ad6c    00000004     --HOLE-- [fill = 0]
                  0000ad70    00000004     rtos_pem4f.oem4f (.text:ti_sysbios_heaps_HeapMem_Module_GateProxy_enter__E)
                  0000ad74    00000004     --HOLE-- [fill = 0]
                  0000ad78    00000004     rtos_pem4f.oem4f (.text:ti_sysbios_heaps_HeapMem_Module_GateProxy_leave__E)
                  0000ad7c    00000004     --HOLE-- [fill = 0]
                  0000ad80    00000004     rtos_pem4f.oem4f (.text:ti_sysbios_knl_Clock_TimerProxy_getMaxTicks__E)
                  0000ad84    00000004     --HOLE-- [fill = 0]
                  0000ad88    00000004     rtos_pem4f.oem4f (.text:ti_sysbios_knl_Queue_destruct)
                  0000ad8c    00000004     --HOLE-- [fill = 0]
                  0000ad90    00000004     rtos_pem4f.oem4f (.text:ti_sysbios_knl_Semaphore_destruct)
                  0000ad94    00000004     --HOLE-- [fill = 0]
                  0000ad98    00000004     sysbios.aem4f : BIOS.obj (.text:ti_sysbios_knl_Task_startup__E)
                  0000ad9c    00000004     --HOLE-- [fill = 0]
                  0000ada0    00000004     rtos_pem4f.oem4f (.text:xdc_runtime_System_Module_GateProxy_enter__E)
                  0000ada4    00000004     --HOLE-- [fill = 0]
                  0000ada8    00000004     rtos_pem4f.oem4f (.text:xdc_runtime_System_Module_GateProxy_leave__E)
                  0000adac    00000004     --HOLE-- [fill = 0]
                  0000adb0    00000002     rtos_pem4f.oem4f (.text:ti_sysbios_BIOS_nullFunc__I)
                  0000adb2    00000006     --HOLE-- [fill = 0]
                  0000adb8    00000002     sysbios.aem4f : BIOS.obj (.text:ti_sysbios_gates_GateHwi_Instance_init__E)
                  0000adba    00000006     --HOLE-- [fill = 0]
                  0000adc0    00000002                   : BIOS.obj (.text:ti_sysbios_knl_Clock_logTick__E)
                  0000adc2    00000006     --HOLE-- [fill = 0]
                  0000adc8    00000002     rtos_pem4f.oem4f (.text:xdc_runtime_Startup_reset__I)

.const     0    0000add0    00002760     
                  0000add0    0000199a     rtos_pem4f.oem4f (.const:xdc_runtime_Text_charTab__A)
                  0000c76a    000002f8     grlib.lib : fontfixed6x8.obj (.const:.string:g_pui8FontFixed6x8Data)
                  0000ca62    00000002     rtos_pem4f.oem4f (.const:ti_catalog_arm_cortexm4_tiva_ce_Boot_Module__id__C)
                  0000ca64    00000004     rtos_pem4f.oem4f (.const:ti_catalog_arm_cortexm4_tiva_ce_Boot_A_mustNotUseEnhancedClockMode__C)
                  0000ca68    00000158     rtsv7M4_T_le_v4SPD16_eabi.lib : k_rem_pio2.c.obj (.const:$O1$$)
                  0000cbc0    00000120     Boot.aem4f : Boot_sysctl.oem4f (.const:g_pppui32XTALtoVCO)
                  0000cce0    00000101     rtsv7M4_T_le_v4SPD16_eabi.lib : ctype.c.obj (.const:.string:_ctypes_)
                  0000cde1    00000001     rtos_pem4f.oem4f (.const:xdc_runtime_Error_policy__C)
                  0000cde2    00000002     rtos_pem4f.oem4f (.const:ti_sysbios_family_arm_lm4_TimestampProvider_Module__id__C)
                  0000cde4    000000c8     grlib.lib : fontfixed6x8.obj (.const:g_sFontFixed6x8)
                  0000ceac    000000c8     rtos_pem4f.oem4f (.const:xdc_runtime_Text_nodeTab__A)
                  0000cf74    00000090     driverlib.lib : gpio.obj (.const:g_pui32GPIOBaseAddrs)
                  0000d004    0000006c     Boot.aem4f : Boot_sysctl.oem4f (.const:g_pui32Xtals)
                  0000d070    00000048     rtos_pem4f.oem4f (.const:.string)
                  0000d0b8    00000030     Boot.aem4f : Boot_sysctl.oem4f (.const:g_sXTALtoMEMTIM)
                  0000d0e8    00000030     rtos_pem4f.oem4f (.const)
                  0000d118    00000028     Crystalfontz128x128_ST7735.obj (.const:g_sCrystalfontz128x128)
                  0000d140    00000028     rtos_pem4f.oem4f (.const:ti_sysbios_heaps_HeapMem_Module__FXNS__C)
                  0000d168    00000028     rtos_pem4f.oem4f (.const:xdc_runtime_Startup_sfxnTab__A)
                  0000d190    00000024     rtos_pem4f.oem4f (.const:ti_sysbios_gates_GateHwi_Module__FXNS__C)
                  0000d1b4    00000024     rtos_pem4f.oem4f (.const:ti_sysbios_gates_GateMutex_Module__FXNS__C)
                  0000d1d8    00000024     rtos_pem4f.oem4f (.const:ti_sysbios_heaps_HeapMem_Object__PARAMS__C)
                  0000d1fc    00000024     rtos_pem4f.oem4f (.const:ti_sysbios_knl_Semaphore_Object__PARAMS__C)
                  0000d220    00000020     rtos_pem4f.oem4f (.const:ti_sysbios_gates_GateHwi_Object__DESC__C)
                  0000d240    00000020     rtos_pem4f.oem4f (.const:ti_sysbios_gates_GateMutex_Object__DESC__C)
                  0000d260    00000020     rtos_pem4f.oem4f (.const:ti_sysbios_heaps_HeapMem_Object__DESC__C)
                  0000d280    00000020     rtos_pem4f.oem4f (.const:ti_sysbios_knl_Queue_Object__DESC__C)
                  0000d2a0    00000020     rtos_pem4f.oem4f (.const:ti_sysbios_knl_Semaphore_Object__DESC__C)
                  0000d2c0    00000018     rtos_pem4f.oem4f (.const:ti_sysbios_gates_GateHwi_Object__PARAMS__C)
                  0000d2d8    00000018     rtos_pem4f.oem4f (.const:ti_sysbios_gates_GateMutex_Object__PARAMS__C)
                  0000d2f0    00000018     rtos_pem4f.oem4f (.const:ti_sysbios_knl_Queue_Object__PARAMS__C)
                  0000d308    00000018     rtos_pem4f.oem4f (.const:xdc_runtime_Startup_firstFxns__A)
                  0000d320    00000014     main.obj (.const:$P$T3$9)
                  0000d334    00000014     rtos_pem4f.oem4f (.const:xdc_runtime_Startup_sfxnRts__A)
                  0000d348    00000010     grlib.lib : context.obj (.const)
                  0000d358    00000008     Boot.aem4f : Boot_sysctl.oem4f (.const)
                  0000d360    00000008     rtos_pem4f.oem4f (.const:ti_sysbios_family_arm_m3_Hwi_excHookFuncs__A)
                  0000d368    00000008     rtos_pem4f.oem4f (.const:ti_sysbios_knl_Idle_funcList__C)
                  0000d370    00000008     rtos_pem4f.oem4f (.const:xdc_runtime_Startup_firstFxns__C)
                  0000d378    00000008     rtos_pem4f.oem4f (.const:xdc_runtime_Startup_lastFxns__C)
                  0000d380    00000004     rtos_pem4f.oem4f (.const:ti_catalog_arm_cortexm4_tiva_ce_Boot_Module__diagsEnabled__C)
                  0000d384    00000004     rtos_pem4f.oem4f (.const:ti_catalog_arm_cortexm4_tiva_ce_Boot_Module__diagsIncluded__C)
                  0000d388    00000004     rtos_pem4f.oem4f (.const:ti_catalog_arm_cortexm4_tiva_ce_Boot_Module__diagsMask__C)
                  0000d38c    00000004     rtos_pem4f.oem4f (.const:ti_sysbios_family_arm_lm4_Timer_enableFunc__C)
                  0000d390    00000004     rtos_pem4f.oem4f (.const:ti_sysbios_family_arm_lm4_Timer_numTimerDevices__C)
                  0000d394    00000004     rtos_pem4f.oem4f (.const:ti_sysbios_family_arm_lm4_Timer_startupNeeded__C)
                  0000d398    00000004     rtos_pem4f.oem4f (.const:ti_sysbios_family_arm_lm4_TimestampProvider_Module__diagsEnabled__C)
                  0000d39c    00000004     rtos_pem4f.oem4f (.const:ti_sysbios_family_arm_lm4_TimestampProvider_Module__diagsIncluded__C)
                  0000d3a0    00000004     rtos_pem4f.oem4f (.const:ti_sysbios_family_arm_lm4_TimestampProvider_Module__diagsMask__C)
                  0000d3a4    00000004     rtos_pem4f.oem4f (.const:ti_sysbios_family_arm_m3_Hwi_E_NMI__C)
                  0000d3a8    00000004     rtos_pem4f.oem4f (.const:ti_sysbios_family_arm_m3_Hwi_E_busFault__C)
                  0000d3ac    00000004     rtos_pem4f.oem4f (.const:ti_sysbios_family_arm_m3_Hwi_E_debugMon__C)
                  0000d3b0    00000004     rtos_pem4f.oem4f (.const:ti_sysbios_family_arm_m3_Hwi_E_hardFault__C)
                  0000d3b4    00000004     rtos_pem4f.oem4f (.const:ti_sysbios_family_arm_m3_Hwi_E_memFault__C)
                  0000d3b8    00000004     rtos_pem4f.oem4f (.const:ti_sysbios_family_arm_m3_Hwi_E_noIsr__C)
                  0000d3bc    00000004     rtos_pem4f.oem4f (.const:ti_sysbios_family_arm_m3_Hwi_E_reserved__C)
                  0000d3c0    00000004     rtos_pem4f.oem4f (.const:ti_sysbios_family_arm_m3_Hwi_E_svCall__C)
                  0000d3c4    00000004     rtos_pem4f.oem4f (.const:ti_sysbios_family_arm_m3_Hwi_E_usageFault__C)
                  0000d3c8    00000004     rtos_pem4f.oem4f (.const:ti_sysbios_family_arm_m3_Hwi_NUM_INTERRUPTS__C)
                  0000d3cc    00000004     rtos_pem4f.oem4f (.const:ti_sysbios_family_arm_m3_Hwi_Object__count__C)
                  0000d3d0    00000004     rtos_pem4f.oem4f (.const:ti_sysbios_family_arm_m3_Hwi_ccr__C)
                  0000d3d4    00000004     rtos_pem4f.oem4f (.const:ti_sysbios_family_arm_m3_Hwi_excHandlerFunc__C)
                  0000d3d8    00000004     rtos_pem4f.oem4f (.const:ti_sysbios_family_arm_m3_Hwi_excHookFuncs__C)
                  0000d3dc    00000004     rtos_pem4f.oem4f (.const:ti_sysbios_family_arm_m3_Hwi_nullIsrFunc__C)
                  0000d3e0    00000004     rtos_pem4f.oem4f (.const:ti_sysbios_family_arm_m3_Hwi_priGroup__C)
                  0000d3e4    00000004     rtos_pem4f.oem4f (.const:ti_sysbios_gates_GateMutex_A_badContext__C)
                  0000d3e8    00000004     rtos_pem4f.oem4f (.const:ti_sysbios_gates_GateMutex_Instance_State_sem__O)
                  0000d3ec    00000004     rtos_pem4f.oem4f (.const:ti_sysbios_gates_GateMutex_Module__diagsEnabled__C)
                  0000d3f0    00000004     rtos_pem4f.oem4f (.const:ti_sysbios_gates_GateMutex_Module__diagsIncluded__C)
                  0000d3f4    00000004     rtos_pem4f.oem4f (.const:ti_sysbios_gates_GateMutex_Module__diagsMask__C)
                  0000d3f8    00000004     rtos_pem4f.oem4f (.const:ti_sysbios_hal_Hwi_E_stackOverflow__C)
                  0000d3fc    00000004     rtos_pem4f.oem4f (.const:ti_sysbios_heaps_HeapMem_A_align__C)
                  0000d400    00000004     rtos_pem4f.oem4f (.const:ti_sysbios_heaps_HeapMem_A_heapSize__C)
                  0000d404    00000004     rtos_pem4f.oem4f (.const:ti_sysbios_heaps_HeapMem_A_invalidFree__C)
                  0000d408    00000004     rtos_pem4f.oem4f (.const:ti_sysbios_heaps_HeapMem_A_zeroBlock__C)
                  0000d40c    00000004     rtos_pem4f.oem4f (.const:ti_sysbios_heaps_HeapMem_E_memory__C)
                  0000d410    00000004     rtos_pem4f.oem4f (.const:ti_sysbios_heaps_HeapMem_Module__diagsEnabled__C)
                  0000d414    00000004     rtos_pem4f.oem4f (.const:ti_sysbios_heaps_HeapMem_Module__diagsIncluded__C)
                  0000d418    00000004     rtos_pem4f.oem4f (.const:ti_sysbios_heaps_HeapMem_Module__diagsMask__C)
                  0000d41c    00000004     rtos_pem4f.oem4f (.const:ti_sysbios_heaps_HeapMem_Module__gateObj__C)
                  0000d420    00000004     rtos_pem4f.oem4f (.const:ti_sysbios_heaps_HeapMem_Object__count__C)
                  0000d424    00000004     rtos_pem4f.oem4f (.const:ti_sysbios_heaps_HeapMem_reqAlign__C)
                  0000d428    00000004     rtos_pem4f.oem4f (.const:ti_sysbios_knl_Clock_Module_State_clockQ__O)
                  0000d42c    00000004     rtos_pem4f.oem4f (.const:ti_sysbios_knl_Idle_funcList__A)
                  0000d430    00000004     rtos_pem4f.oem4f (.const:ti_sysbios_knl_Mailbox_Instance_State_dataQue__O)
                  0000d434    00000004     rtos_pem4f.oem4f (.const:ti_sysbios_knl_Mailbox_Instance_State_dataSem__O)
                  0000d438    00000004     rtos_pem4f.oem4f (.const:ti_sysbios_knl_Mailbox_Instance_State_freeQue__O)
                  0000d43c    00000004     rtos_pem4f.oem4f (.const:ti_sysbios_knl_Mailbox_Instance_State_freeSem__O)
                  0000d440    00000004     rtos_pem4f.oem4f (.const:ti_sysbios_knl_Mailbox_Object__count__C)
                  0000d444    00000004     rtos_pem4f.oem4f (.const:ti_sysbios_knl_Mailbox_maxTypeAlign__C)
                  0000d448    00000004     rtos_pem4f.oem4f (.const:ti_sysbios_knl_Semaphore_A_badContext__C)
                  0000d44c    00000004     rtos_pem4f.oem4f (.const:ti_sysbios_knl_Semaphore_A_noEvents__C)
                  0000d450    00000004     rtos_pem4f.oem4f (.const:ti_sysbios_knl_Semaphore_A_overflow__C)
                  0000d454    00000004     rtos_pem4f.oem4f (.const:ti_sysbios_knl_Semaphore_A_pendTaskDisabled__C)
                  0000d458    00000004     rtos_pem4f.oem4f (.const:ti_sysbios_knl_Semaphore_Instance_State_pendQ__O)
                  0000d45c    00000004     rtos_pem4f.oem4f (.const:ti_sysbios_knl_Semaphore_Module__diagsEnabled__C)
                  0000d460    00000004     rtos_pem4f.oem4f (.const:ti_sysbios_knl_Semaphore_Module__diagsIncluded__C)
                  0000d464    00000004     rtos_pem4f.oem4f (.const:ti_sysbios_knl_Semaphore_Module__diagsMask__C)
                  0000d468    00000004     rtos_pem4f.oem4f (.const:ti_sysbios_knl_Swi_Object__count__C)
                  0000d46c    00000004     rtos_pem4f.oem4f (.const:ti_sysbios_knl_Task_E_spOutOfBounds__C)
                  0000d470    00000004     rtos_pem4f.oem4f (.const:ti_sysbios_knl_Task_E_stackOverflow__C)
                  0000d474    00000004     rtos_pem4f.oem4f (.const:ti_sysbios_knl_Task_Module_State_inactiveQ__O)
                  0000d478    00000004     rtos_pem4f.oem4f (.const:ti_sysbios_knl_Task_Object__count__C)
                  0000d47c    00000004     rtos_pem4f.oem4f (.const:ti_sysbios_knl_Task_allBlockedFunc__C)
                  0000d480    00000004     rtos_pem4f.oem4f (.const:ti_sysbios_knl_Task_numConstructedTasks__C)
                  0000d484    00000004     rtos_pem4f.oem4f (.const:xdc_runtime_Assert_E_assertFailed__C)
                  0000d488    00000004     rtos_pem4f.oem4f (.const:xdc_runtime_Core_A_initializedParams__C)
                  0000d48c    00000004     rtos_pem4f.oem4f (.const:xdc_runtime_Core_Module__diagsEnabled__C)
                  0000d490    00000004     rtos_pem4f.oem4f (.const:xdc_runtime_Core_Module__diagsIncluded__C)
                  0000d494    00000004     rtos_pem4f.oem4f (.const:xdc_runtime_Core_Module__diagsMask__C)
                  0000d498    00000004     rtos_pem4f.oem4f (.const:xdc_runtime_Error_E_memory__C)
                  0000d49c    00000004     rtos_pem4f.oem4f (.const:xdc_runtime_Error_Module__diagsEnabled__C)
                  0000d4a0    00000004     rtos_pem4f.oem4f (.const:xdc_runtime_Error_Module__diagsIncluded__C)
                  0000d4a4    00000004     rtos_pem4f.oem4f (.const:xdc_runtime_Error_Module__diagsMask__C)
                  0000d4a8    00000004     rtos_pem4f.oem4f (.const:xdc_runtime_Error_Module__loggerFxn8__C)
                  0000d4ac    00000004     rtos_pem4f.oem4f (.const:xdc_runtime_Error_Module__loggerObj__C)
                  0000d4b0    00000004     rtos_pem4f.oem4f (.const:xdc_runtime_Error_policyFxn__C)
                  0000d4b4    00000004     rtos_pem4f.oem4f (.const:xdc_runtime_Error_raiseHook__C)
                  0000d4b8    00000004     rtos_pem4f.oem4f (.const:xdc_runtime_IGateProvider_Interface__BASE__C)
                  0000d4bc    00000004     rtos_pem4f.oem4f (.const:xdc_runtime_IHeap_Interface__BASE__C)
                  0000d4c0    00000004     rtos_pem4f.oem4f (.const:xdc_runtime_IModule_Interface__BASE__C)
                  0000d4c4    00000004     rtos_pem4f.oem4f (.const:xdc_runtime_Log_L_error__C)
                  0000d4c8    00000004     rtos_pem4f.oem4f (.const:xdc_runtime_Memory_defaultHeapInstance__C)
                  0000d4cc    00000004     rtos_pem4f.oem4f (.const:xdc_runtime_Startup_execImpl__C)
                  0000d4d0    00000004     rtos_pem4f.oem4f (.const:xdc_runtime_Startup_maxPasses__C)
                  0000d4d4    00000004     rtos_pem4f.oem4f (.const:xdc_runtime_Startup_sfxnRts__C)
                  0000d4d8    00000004     rtos_pem4f.oem4f (.const:xdc_runtime_Startup_sfxnTab__C)
                  0000d4dc    00000004     rtos_pem4f.oem4f (.const:xdc_runtime_SysMin_bufSize__C)
                  0000d4e0    00000004     rtos_pem4f.oem4f (.const:xdc_runtime_SysMin_outputFunc__C)
                  0000d4e4    00000004     rtos_pem4f.oem4f (.const:xdc_runtime_System_Module__gateObj__C)
                  0000d4e8    00000004     rtos_pem4f.oem4f (.const:xdc_runtime_System_abortFxn__C)
                  0000d4ec    00000004     rtos_pem4f.oem4f (.const:xdc_runtime_System_exitFxn__C)
                  0000d4f0    00000004     rtos_pem4f.oem4f (.const:xdc_runtime_System_extendFxn__C)
                  0000d4f4    00000004     rtos_pem4f.oem4f (.const:xdc_runtime_System_maxAtexitHandlers__C)
                  0000d4f8    00000004     rtos_pem4f.oem4f (.const:xdc_runtime_Text_charTab__C)
                  0000d4fc    00000004     rtos_pem4f.oem4f (.const:xdc_runtime_Text_nameEmpty__C)
                  0000d500    00000004     rtos_pem4f.oem4f (.const:xdc_runtime_Text_nameStatic__C)
                  0000d504    00000004     rtos_pem4f.oem4f (.const:xdc_runtime_Text_nameUnknown__C)
                  0000d508    00000004     rtos_pem4f.oem4f (.const:xdc_runtime_Text_nodeTab__C)
                  0000d50c    00000004     rtos_pem4f.oem4f (.const:xdc_runtime_Text_visitRopeFxn__C)
                  0000d510    00000002     rtos_pem4f.oem4f (.const:ti_sysbios_family_arm_lm4_TimestampProvider_useClockTimer__C)
                  0000d512    00000002     rtos_pem4f.oem4f (.const:ti_sysbios_family_arm_m3_Hwi_Module__id__C)
                  0000d514    00000002     rtos_pem4f.oem4f (.const:ti_sysbios_gates_GateMutex_Module__id__C)
                  0000d516    00000002     rtos_pem4f.oem4f (.const:ti_sysbios_hal_Hwi_Module__id__C)
                  0000d518    00000002     rtos_pem4f.oem4f (.const:ti_sysbios_heaps_HeapMem_Module__id__C)
                  0000d51a    00000002     rtos_pem4f.oem4f (.const:ti_sysbios_knl_Semaphore_Module__id__C)
                  0000d51c    00000002     rtos_pem4f.oem4f (.const:ti_sysbios_knl_Task_Module__id__C)
                  0000d51e    00000002     rtos_pem4f.oem4f (.const:xdc_runtime_Core_Module__id__C)
                  0000d520    00000002     rtos_pem4f.oem4f (.const:xdc_runtime_Error_Module__loggerDefined__C)
                  0000d522    00000002     rtos_pem4f.oem4f (.const:xdc_runtime_Error_maxDepth__C)
                  0000d524    00000002     rtos_pem4f.oem4f (.const:xdc_runtime_Memory_Module__id__C)
                  0000d526    00000002     rtos_pem4f.oem4f (.const:xdc_runtime_SysMin_flushAtExit__C)
                  0000d528    00000002     rtos_pem4f.oem4f (.const:xdc_runtime_Text_charCnt__C)
                  0000d52a    00000002     rtos_pem4f.oem4f (.const:xdc_runtime_Text_isLoaded__C)
                  0000d52c    00000002     rtos_pem4f.oem4f (.const:xdc_runtime_Text_registryModsLastId__C)
                  0000d52e    00000002     rtos_pem4f.oem4f (.const:xdc_runtime_Text_unnamedModsLastId__C)

.cinit     0    0000d530    000002d0     
                  0000d530    00000298     (.cinit..data.load) [load image, compression = lzss]
                  0000d7c8    0000000c     (__TI_handler_table)
                  0000d7d4    00000004     --HOLE-- [fill = 0]
                  0000d7d8    00000008     (.cinit..bss.load) [load image, compression = zero_init]
                  0000d7e0    00000008     (.cinit..vecs.load) [load image, compression = zero_init]
                  0000d7e8    00000018     (__TI_cinit_table)

.init_array 
*          0    00000000    00000000     UNINITIALIZED

.resetVecs 
*          0    00000000    0000003c     
                  00000000    0000003c     rtos_pem4f.oem4f (.resetVecs)

.bss       0    20000360    0000ab42     UNINITIALIZED
                  20000360    00002108     main.obj (.bss:kiss_fft_cfg_buffer$1)
                  20002468    00002000     main.obj (.bss:in$2)
                  20004468    00002000     main.obj (.bss:out$3)
                  20006468    00001400     rtos_pem4f.oem4f (.bss:taskStackSection)
                  20007868    00001000     main.obj (.bss:w$4)
                  20008868    00001000     (.common:gADCBuffer)
                  20009868    00000800     (.common:spectrumWaveBuffer)
                  2000a068    00000400     (.common:ti_sysbios_heaps_HeapMem_Instance_State_0_buf__A)
                  2000a468    00000360     (.common:ti_sysbios_family_arm_m3_Hwi_dispatchTable)
                  2000a7c8    00000200     (.common:displayWaveBuffer)
                  2000a9c8    00000200     (.common:out_dB)
                  2000abc8    00000120     rtsv7M4_T_le_v4SPD16_eabi.lib : trgmsg.c.obj (.bss:_CIOBUF_)
                  2000ace8    00000100     (.common:rawWaveBuffer)
                  2000ade8    00000080     (.common:xdc_runtime_SysMin_Module_State_0_outbuf__A)
                  2000ae68    00000014     buttons.obj (.bss:state$1)
                  2000ae7c    00000004     (.common:g_psGrLibDefaults)
                  2000ae80    00000010     (.common:ti_sysbios_knl_Mailbox_Instance_State_0_allocBuf__A)
                  2000ae90    00000008     (.common:parmbuf)
                  2000ae98    00000002     (.common:Lcd_ScreenHeigth)
                  2000ae9a    00000002     (.common:Lcd_ScreenWidth)
                  2000ae9c    00000002     (.common:Lcd_TouchTrim)
                  2000ae9e    00000001     (.common:Lcd_FlagRead)
                  2000ae9f    00000001     (.common:Lcd_FontSolid)
                  2000aea0    00000001     (.common:Lcd_Orientation)
                  2000aea1    00000001     (.common:Lcd_PenSolid)

.data      0    2000aea4    00008694     UNINITIALIZED
                  2000aea4    00008000     Crystalfontz128x128_ST7735.obj (.data:Lcd_buffer)
                  20012ea4    000001c8     rtos_pem4f.oem4f (.data:ti_sysbios_knl_Task_Object__table__V)
                  2001306c    00000080     rtos_pem4f.oem4f (.data:ti_sysbios_knl_Swi_Module_State_0_readyQ__A)
                  200130ec    00000080     rtos_pem4f.oem4f (.data:ti_sysbios_knl_Task_Module_State_0_readyQ__A)
                  2001316c    00000050     rtos_pem4f.oem4f (.data:ti_sysbios_knl_Mailbox_Object__table__V)
                  200131bc    00000050     rtos_pem4f.oem4f (.data:ti_sysbios_knl_Semaphore_Object__table__V)
                  2001320c    00000044     rtos_pem4f.oem4f (.data:ti_sysbios_knl_Task_Module__state__V)
                  20013250    00000040     rtos_pem4f.oem4f (.data:ti_sysbios_family_arm_lm4_Timer_Module_State_0_device__A)
                  20013290    00000040     rtos_pem4f.oem4f (.data:ti_sysbios_family_arm_lm4_Timer_Object__table__V)
                  200132d0    00000038     rtos_pem4f.oem4f (.data:ti_sysbios_gates_GateMutex_Object__table__V)
                  20013308    00000034     rtos_pem4f.oem4f (.data:ti_sysbios_family_arm_m3_Hwi_Module__state__V)
                  2001333c    00000030     rtos_pem4f.oem4f (.data:ti_sysbios_family_arm_m3_Hwi_Object__table__V)
                  2001336c    00000030     rtos_pem4f.oem4f (.data:ti_sysbios_knl_Swi_Object__table__V)
                  2001339c    0000002c     rtos_pem4f.oem4f (.data:ti_sysbios_knl_Clock_Module__state__V)
                  200133c8    00000024     buttons.obj (.data:count$2)
                  200133ec    00000024     rtos_pem4f.oem4f (.data:ti_sysbios_BIOS_Module__state__V)
                  20013410    00000020     rtos_pem4f.oem4f (.data:ti_sysbios_family_arm_lm4_Timer_Module_State_0_handles__A)
                  20013430    00000020     rtos_pem4f.oem4f (.data:ti_sysbios_knl_Clock_Object__table__V)
                  20013450    0000001c     rtos_pem4f.oem4f (.data:ti_sysbios_knl_Swi_Module__state__V)
                  2001346c    00000018     rtos_pem4f.oem4f (.data:ti_sysbios_heaps_HeapMem_Object__table__V)
                  20013484    00000010     main.obj (.data)
                  20013494    0000000c     rtos_pem4f.oem4f (.data:ti_sysbios_family_arm_lm4_Timer_Module__state__V)
                  200134a0    0000000c     rtos_pem4f.oem4f (.data:xdc_runtime_SysMin_Module__state__V)
                  200134ac    00000008     rtsv7M4_T_le_v4SPD16_eabi.lib : _lock.c.obj (.data:$O1$$)
                  200134b4    00000008     buttons.obj (.data:gJoystick)
                  200134bc    00000008     sampling.obj (.data)
                  200134c4    00000008     rtos_pem4f.oem4f (.data:ti_sysbios_family_arm_lm4_TimestampProvider_Module__state__V)
                  200134cc    00000008     rtos_pem4f.oem4f (.data:ti_sysbios_gates_GateHwi_Module__root__V)
                  200134d4    00000008     rtos_pem4f.oem4f (.data:ti_sysbios_gates_GateMutex_Module__root__V)
                  200134dc    00000008     rtos_pem4f.oem4f (.data:ti_sysbios_heaps_HeapMem_Module__root__V)
                  200134e4    00000008     rtos_pem4f.oem4f (.data:ti_sysbios_knl_Queue_Module__root__V)
                  200134ec    00000008     rtos_pem4f.oem4f (.data:ti_sysbios_knl_Semaphore_Module__root__V)
                  200134f4    00000008     rtos_pem4f.oem4f (.data:xdc_runtime_Registry_Module__state__V)
                  200134fc    00000008     rtos_pem4f.oem4f (.data:xdc_runtime_Startup_Module__state__V)
                  20013504    00000008     rtos_pem4f.oem4f (.data:xdc_runtime_System_Module_State_0_atexitHandlers__A)
                  2001350c    00000008     rtos_pem4f.oem4f (.data:xdc_runtime_System_Module__state__V)
                  20013514    00000004     buttons.obj (.data)
                  20013518    00000004     rtsv7M4_T_le_v4SPD16_eabi.lib : errno.c.obj (.data)
                  2001351c    00000004                                   : stkdepth_vars.c.obj (.data)
                  20013520    00000004     rtos_pem4f.oem4f (.data:ti_sysbios_family_arm_m3_Hwi_Module_State_0_excContext__A)
                  20013524    00000004     rtos_pem4f.oem4f (.data:ti_sysbios_family_arm_m3_Hwi_Module_State_0_excStack__A)
                  20013528    00000004     rtos_pem4f.oem4f (.data:ti_sysbios_gates_GateHwi_Object__table__V)
                  2001352c    00000004     rtos_pem4f.oem4f (.data:ti_sysbios_knl_Task_Module_State_0_idleTask__A)
                  20013530    00000004     rtos_pem4f.oem4f (.data:xdc_runtime_Memory_Module__state__V)
                  20013534    00000002     rtos_pem4f.oem4f (.data:ti_sysbios_family_arm_m3_Hwi_Module_State_0_excActive__A)
                  20013536    00000002     rtos_pem4f.oem4f (.data:xdc_runtime_Error_Module__state__V)

.stack     0    20013538    00000300     UNINITIALIZED
                  20013538    00000300     --HOLE--

.bootVecs 
*          0    00000000    00000008     DSECT
                  00000000    00000008     boot.aem4f : boot.oem4f (.bootVecs)

.vecs      0    20000000    00000360     UNINITIALIZED
                  20000000    00000360     rtos_pem4f.oem4f (.vecs)

xdc.meta   0    00000000    000000f8     COPY SECTION
                  00000000    000000f8     rtos_pem4f.oem4f (xdc.meta)

__llvm_prf_cnts 
*          0    20000000    00000000     UNINITIALIZED

MODULE SUMMARY

       Module                                             code    ro data   rw data
       ------                                             ----    -------   -------
    .\
       main.obj                                           2548    20        32280  
       Crystalfontz128x128_ST7735.obj                     958     40        32778  
       sampling.obj                                       216     0         4104   
       kiss_fft.obj                                       2602    0         0      
       buttons.obj                                        836     0         68     
       HAL_EK_TM4C1294XL_Crystalfontz128x128_ST7735.obj   324     0         0      
       sysctl_pll.obj                                     72      0         0      
    +--+--------------------------------------------------+-------+---------+---------+
       Total:                                             7556    60        69230  
                                                                                   
    C:\Users\Slater Campbell\workspace_v11\ece3849d21_lab2_scampbell\Debug\configPkg\package\cfg\
       rtos_pem4f.oem4f                                   1546    7907      9612   
    +--+--------------------------------------------------+-------+---------+---------+
       Total:                                             1546    7907      9612   
                                                                                   
    C:/ti/tirtos_tivac_2_16_01_14/products/TivaWare_C_Series-2.1.1.71b/driverlib/ccs/Debug/driverlib.lib
       gpio.obj                                           526     144       0      
       adc.obj                                            362     0         0      
       pwm.obj                                            130     0         0      
       ssi.obj                                            88      0         0      
       sysctl.obj                                         58      0         0      
       interrupt.obj                                      32      0         0      
       cpu.obj                                            24      0         0      
    +--+--------------------------------------------------+-------+---------+---------+
       Total:                                             1220    144       0      
                                                                                   
[...]
0000cde2  ti_sysbios_family_arm_lm4_TimestampProvider_Module__id__C            
0000cde4  g_sFontFixed6x8                                                      
0000ceac  xdc_runtime_Text_nodeTab__A                                          
0000d0e8  waveformTask                                                         
0000d0ec  ADC_Hwi                                                              
0000d0f0  waveSem0                                                             
0000d0f4  processSem0                                                          
0000d0f8  displaySem0                                                          
0000d0fc  processingTask                                                       
0000d100  displayTask                                                          
0000d104  buttonSchedule                                                       
0000d108  buttonMailbox                                                        
0000d10c  buttonTask                                                           
0000d110  buttonSem0                                                           
0000d114  userInputTask                                                        
0000d118  g_sCrystalfontz128x128                                               
0000d140  ti_sysbios_heaps_HeapMem_Module__FXNS__C                             
0000d168  xdc_runtime_Startup_sfxnTab__A                                       
0000d190  ti_sysbios_gates_GateHwi_Module__FXNS__C                             
0000d1b4  ti_sysbios_gates_GateMutex_Module__FXNS__C                           
0000d1d8  ti_sysbios_heaps_HeapMem_Object__PARAMS__C                           
0000d1fc  ti_sysbios_knl_Semaphore_Object__PARAMS__C                           
0000d220  ti_sysbios_gates_GateHwi_Object__DESC__C                             
0000d240  ti_sysbios_gates_GateMutex_Object__DESC__C                           
0000d260  ti_sysbios_heaps_HeapMem_Object__DESC__C                             
0000d280  ti_sysbios_knl_Queue_Object__DESC__C                                 
0000d2a0  ti_sysbios_knl_Semaphore_Object__DESC__C                             
0000d2c0  ti_sysbios_gates_GateHwi_Object__PARAMS__C                           
0000d2d8  ti_sysbios_gates_GateMutex_Object__PARAMS__C                         
0000d2f0  ti_sysbios_knl_Queue_Object__PARAMS__C                               
0000d308  xdc_runtime_Startup_firstFxns__A                                     
0000d334  xdc_runtime_Startup_sfxnRts__A                                       
0000d348  g_psDefaultCodePointMapTable                                         
0000d360  ti_sysbios_family_arm_m3_Hwi_excHookFuncs__A                         
0000d368  ti_sysbios_knl_Idle_funcList__C                                      
0000d370  xdc_runtime_Startup_firstFxns__C                                     
0000d378  xdc_runtime_Startup_lastFxns__C                                      
0000d380  ti_catalog_arm_cortexm4_tiva_ce_Boot_Module__diagsEnabled__C         
0000d384  ti_catalog_arm_cortexm4_tiva_ce_Boot_Module__diagsIncluded__C        
0000d388  ti_catalog_arm_cortexm4_tiva_ce_Boot_Module__diagsMask__C            
0000d38c  ti_sysbios_family_arm_lm4_Timer_enableFunc__C                        
0000d390  ti_sysbios_family_arm_lm4_Timer_numTimerDevices__C                   
0000d394  ti_sysbios_family_arm_lm4_Timer_startupNeeded__C                     
0000d398  ti_sysbios_family_arm_lm4_TimestampProvider_Module__diagsEnabled__C  
0000d39c  ti_sysbios_family_arm_lm4_TimestampProvider_Module__diagsIncluded__C 
0000d3a0  ti_sysbios_family_arm_lm4_TimestampProvider_Module__diagsMask__C     
0000d3a4  ti_sysbios_family_arm_m3_Hwi_E_NMI__C                                
0000d3a8  ti_sysbios_family_arm_m3_Hwi_E_busFault__C                           
0000d3ac  ti_sysbios_family_arm_m3_Hwi_E_debugMon__C                           
0000d3b0  ti_sysbios_family_arm_m3_Hwi_E_hardFault__C                          
0000d3b4  ti_sysbios_family_arm_m3_Hwi_E_memFault__C                           
0000d3b8  ti_sysbios_family_arm_m3_Hwi_E_noIsr__C                              
0000d3bc  ti_sysbios_family_arm_m3_Hwi_E_reserved__C                           
0000d3c0  ti_sysbios_family_arm_m3_Hwi_E_svCall__C                             
0000d3c4  ti_sysbios_family_arm_m3_Hwi_E_usageFault__C                         
0000d3c8  ti_sysbios_family_arm_m3_Hwi_NUM_INTERRUPTS__C                       
0000d3cc  ti_sysbios_family_arm_m3_Hwi_Object__count__C                        
0000d3d0  ti_sysbios_family_arm_m3_Hwi_ccr__C                                  
0000d3d4  ti_sysbios_family_arm_m3_Hwi_excHandlerFunc__C                       
0000d3d8  ti_sysbios_family_arm_m3_Hwi_excHookFuncs__C                         
0000d3dc  ti_sysbios_family_arm_m3_Hwi_nullIsrFunc__C                          
0000d3e0  ti_sysbios_family_arm_m3_Hwi_priGroup__C                             
0000d3e4  ti_sysbios_gates_GateMutex_A_badContext__C                           
0000d3e8  ti_sysbios_gates_GateMutex_Instance_State_sem__O                     
0000d3ec  ti_sysbios_gates_GateMutex_Module__diagsEnabled__C                   
0000d3f0  ti_sysbios_gates_GateMutex_Module__diagsIncluded__C                  
0000d3f4  ti_sysbios_gates_GateMutex_Module__diagsMask__C                      
0000d3f8  ti_sysbios_hal_Hwi_E_stackOverflow__C                                
0000d3fc  ti_sysbios_heaps_HeapMem_A_align__C                                  
0000d400  ti_sysbios_heaps_HeapMem_A_heapSize__C                               
0000d404  ti_sysbios_heaps_HeapMem_A_invalidFree__C                            
0000d408  ti_sysbios_heaps_HeapMem_A_zeroBlock__C                              
0000d40c  ti_sysbios_heaps_HeapMem_E_memory__C                                 
0000d410  ti_sysbios_heaps_HeapMem_Module__diagsEnabled__C                     
0000d414  ti_sysbios_heaps_HeapMem_Module__diagsIncluded__C                    
0000d418  ti_sysbios_heaps_HeapMem_Module__diagsMask__C                        
0000d41c  ti_sysbios_heaps_HeapMem_Module__gateObj__C                          
0000d420  ti_sysbios_heaps_HeapMem_Object__count__C                            
0000d424  ti_sysbios_heaps_HeapMem_reqAlign__C                                 
0000d428  ti_sysbios_knl_Clock_Module_State_clockQ__O                          
0000d42c  ti_sysbios_knl_Idle_funcList__A                                      
0000d430  ti_sysbios_knl_Mailbox_Instance_State_dataQue__O                     
0000d434  ti_sysbios_knl_Mailbox_Instance_State_dataSem__O                     
0000d438  ti_sysbios_knl_Mailbox_Instance_State_freeQue__O                     
0000d43c  ti_sysbios_knl_Mailbox_Instance_State_freeSem__O                     
0000d440  ti_sysbios_knl_Mailbox_Object__count__C                              
0000d444  ti_sysbios_knl_Mailbox_maxTypeAlign__C                               
0000d448  ti_sysbios_knl_Semaphore_A_badContext__C                             
0000d44c  ti_sysbios_knl_Semaphore_A_noEvents__C                               
0000d450  ti_sysbios_knl_Semaphore_A_overflow__C                               
0000d454  ti_sysbios_knl_Semaphore_A_pendTaskDisabled__C                       
0000d458  ti_sysbios_knl_Semaphore_Instance_State_pendQ__O                     
0000d45c  ti_sysbios_knl_Semaphore_Module__diagsEnabled__C                     
0000d460  ti_sysbios_knl_Semaphore_Module__diagsIncluded__C                    
0000d464  ti_sysbios_knl_Semaphore_Module__diagsMask__C                        
0000d468  ti_sysbios_knl_Swi_Object__count__C                                  
0000d46c  ti_sysbios_knl_Task_E_spOutOfBounds__C                               
0000d470  ti_sysbios_knl_Task_E_stackOverflow__C                               
0000d474  ti_sysbios_knl_Task_Module_State_inactiveQ__O                        
0000d478  ti_sysbios_knl_Task_Object__count__C                                 
0000d47c  ti_sysbios_knl_Task_allBlockedFunc__C                                
0000d480  ti_sysbios_knl_Task_numConstructedTasks__C                           
0000d484  xdc_runtime_Assert_E_assertFailed__C                                 
0000d488  xdc_runtime_Core_A_initializedParams__C                              
0000d48c  xdc_runtime_Core_Module__diagsEnabled__C                             
0000d490  xdc_runtime_Core_Module__diagsIncluded__C                            
0000d494  xdc_runtime_Core_Module__diagsMask__C                                
0000d498  xdc_runtime_Error_E_memory__C                                        
0000d49c  xdc_runtime_Error_Module__diagsEnabled__C                            
0000d4a0  xdc_runtime_Error_Module__diagsIncluded__C                           
0000d4a4  xdc_runtime_Error_Module__diagsMask__C                               
0000d4a8  xdc_runtime_Error_Module__loggerFxn8__C                              
0000d4ac  xdc_runtime_Error_Module__loggerObj__C                               
0000d4b0  xdc_runtime_Error_policyFxn__C                                       
0000d4b4  xdc_runtime_Error_raiseHook__C                                       
0000d4b8  xdc_runtime_IGateProvider_Interface__BASE__C                         
0000d4bc  xdc_runtime_IHeap_Interface__BASE__C                                 
0000d4c0  xdc_runtime_IModule_Interface__BASE__C                               
0000d4c4  xdc_runtime_Log_L_error__C                                           
0000d4c8  xdc_runtime_Memory_defaultHeapInstance__C                            
0000d4cc  xdc_runtime_Startup_execImpl__C                                      
0000d4d0  xdc_runtime_Startup_maxPasses__C                                     
0000d4d4  xdc_runtime_Startup_sfxnRts__C                                       
0000d4d8  xdc_runtime_Startup_sfxnTab__C                                       
0000d4dc  xdc_runtime_SysMin_bufSize__C                                        
0000d4e0  xdc_runtime_SysMin_outputFunc__C                                     
0000d4e4  xdc_runtime_System_Module__gateObj__C                                
0000d4e8  xdc_runtime_System_abortFxn__C                                       
0000d4ec  xdc_runtime_System_exitFxn__C                                        
0000d4f0  xdc_runtime_System_extendFxn__C                                      
0000d4f4  xdc_runtime_System_maxAtexitHandlers__C                              
0000d4f8  xdc_runtime_Text_charTab__C                                          
0000d4fc  xdc_runtime_Text_nameEmpty__C                                        
0000d500  xdc_runtime_Text_nameStatic__C                                       
0000d504  xdc_runtime_Text_nameUnknown__C                                      
0000d508  xdc_runtime_Text_nodeTab__C                                          
0000d50c  xdc_runtime_Text_visitRopeFxn__C                                     
0000d510  ti_sysbios_family_arm_lm4_TimestampProvider_useClockTimer__C         
0000d512  ti_sysbios_family_arm_m3_Hwi_Module__id__C                           
0000d514  ti_sysbios_gates_GateMutex_Module__id__C                             
0000d516  ti_sysbios_hal_Hwi_Module__id__C                                     
0000d518  ti_sysbios_heaps_HeapMem_Module__id__C                               
0000d51a  ti_sysbios_knl_Semaphore_Module__id__C                               
0000d51c  ti_sysbios_knl_Task_Module__id__C                                    
0000d51e  xdc_runtime_Core_Module__id__C                                       
0000d520  xdc_runtime_Error_Module__loggerDefined__C                           
0000d522  xdc_runtime_Error_maxDepth__C                                        
0000d524  xdc_runtime_Memory_Module__id__C                                     
0000d526  xdc_runtime_SysMin_flushAtExit__C                                    
0000d528  xdc_runtime_Text_charCnt__C                                          
0000d52a  xdc_runtime_Text_isLoaded__C                                         
0000d52c  xdc_runtime_Text_registryModsLastId__C                               
0000d52e  xdc_runtime_Text_unnamedModsLastId__C                                
0000d530  __TI_static_base__                                                   
0000d7c8  __TI_Handler_Table_Base                                              
0000d7d4  __TI_Handler_Table_Limit                                             
0000d7e8  __TI_CINIT_Base                                                      
0000d800  __TI_CINIT_Limit                                                     
20000000  __start___llvm_prf_cnts                                              
20000000  __stop___llvm_prf_cnts                                               
20000000  ti_sysbios_family_arm_m3_Hwi_ramVectors                              
20006468  ti_sysbios_knl_Task_Instance_State_0_stack__A                        
20006668  ti_sysbios_knl_Task_Instance_State_1_stack__A                        
20006a68  ti_sysbios_knl_Task_Instance_State_2_stack__A                        
20007268  ti_sysbios_knl_Task_Instance_State_3_stack__A                        
20007468  ti_sysbios_knl_Task_Instance_State_4_stack__A                        
20007668  ti_sysbios_knl_Task_Instance_State_5_stack__A                        
20008868  gADCBuffer                                                           
20009868  spectrumWaveBuffer                                                   
2000a068  ti_sysbios_heaps_HeapMem_Instance_State_0_buf__A                     
2000a468  ti_sysbios_family_arm_m3_Hwi_dispatchTable                           
2000a7c8  displayWaveBuffer                                                    
2000a9c8  out_dB                                                               
2000abc8  __CIOBUF_                                                            
2000ace8  rawWaveBuffer                                                        
2000ade8  xdc_runtime_SysMin_Module_State_0_outbuf__A                          
2000ae80  ti_sysbios_knl_Mailbox_Instance_State_0_allocBuf__A                  
2000ae90  parmbuf                                                              
2000ae98  Lcd_ScreenHeigth                                                     
2000ae9a  Lcd_ScreenWidth                                                      
2000ae9c  Lcd_TouchTrim                                                        
2000ae9e  Lcd_FlagRead                                                         
2000ae9f  Lcd_FontSolid                                                        
2000aea0  Lcd_Orientation                                                      
2000aea1  Lcd_PenSolid                                                         
2000aea4  Lcd_buffer                                                           
20012ea4  ti_sysbios_knl_Task_Object__table__V                                 
2001306c  ti_sysbios_knl_Swi_Module_State_0_readyQ__A                          
200130ec  ti_sysbios_knl_Task_Module_State_0_readyQ__A                         
2001316c  ti_sysbios_knl_Mailbox_Object__table__V                              
200131bc  ti_sysbios_knl_Semaphore_Object__table__V                            
2001320c  ti_sysbios_knl_Task_Module__state__V                                 
20013250  ti_sysbios_family_arm_lm4_Timer_Module_State_0_device__A             
20013290  ti_sysbios_family_arm_lm4_Timer_Object__table__V                     
200132d0  ti_sysbios_gates_GateMutex_Object__table__V                          
20013308  ti_sysbios_family_arm_m3_Hwi_Module__state__V                        
2001333c  ti_sysbios_family_arm_m3_Hwi_Object__table__V                        
2001336c  ti_sysbios_knl_Swi_Object__table__V                                  
2001339c  ti_sysbios_knl_Clock_Module__state__V                                
200133ec  ti_sysbios_BIOS_Module__state__V                                     
20013410  ti_sysbios_family_arm_lm4_Timer_Module_State_0_handles__A            
20013430  ti_sysbios_knl_Clock_Object__table__V                                
20013450  ti_sysbios_knl_Swi_Module__state__V                                  
2001346c  ti_sysbios_heaps_HeapMem_Object__table__V                            
20013484  gSystemClock                                                         
20013488  voltageScale                                                         
2001348c  triggerMode                                                          
2001348d  spectrumMode                                                         
20013494  ti_sysbios_family_arm_lm4_Timer_Module__state__V                     
200134a0  xdc_runtime_SysMin_Module__state__V                                  
200134ac  _lock                                                                
200134b0  _unlock                                                              
200134b4  gJoystick                                                            
200134bc  gADCBufferIndex                                                      
200134c0  gADCErrors                                                           
200134c4  ti_sysbios_family_arm_lm4_TimestampProvider_Module__state__V         
200134cc  ti_sysbios_gates_GateHwi_Module__root__V                             
200134d4  ti_sysbios_gates_GateMutex_Module__root__V                           
200134dc  ti_sysbios_heaps_HeapMem_Module__root__V                             
200134e4  ti_sysbios_knl_Queue_Module__root__V                                 
200134ec  ti_sysbios_knl_Semaphore_Module__root__V                             
200134f4  xdc_runtime_Registry_Module__state__V                                
200134fc  xdc_runtime_Startup_Module__state__V                                 
20013504  xdc_runtime_System_Module_State_0_atexitHandlers__A                  
2001350c  xdc_runtime_System_Module__state__V                                  
20013514  gButtons                                                             
20013518  errno                                                                
2001351c  main_func_sp                                                         
20013520  ti_sysbios_family_arm_m3_Hwi_Module_State_0_excContext__A            
20013524  ti_sysbios_family_arm_m3_Hwi_Module_State_0_excStack__A              
20013528  ti_sysbios_gates_GateHwi_Object__table__V                            
2001352c  ti_sysbios_knl_Task_Module_State_0_idleTask__A                       
20013530  xdc_runtime_Memory_Module__state__V                                  
20013534  ti_sysbios_family_arm_m3_Hwi_Module_State_0_excActive__A             
20013536  xdc_runtime_Error_Module__state__V                                   
20013538  __stack                                                              
20013838  __STACK_END                                                          
e000e000  ti_sysbios_family_arm_m3_Hwi_nvic                                    
ffffffff  __TI_pprof_out_hndl                                                  
ffffffff  __TI_prof_data_size                                                  
ffffffff  __TI_prof_data_start                                                 
ffffffff  __binit__                                                            
ffffffff  __c_args__                                                           
ffffffff  binit                                                                
UNDEFED   SHT$$INIT_ARRAY$$Base                                                
UNDEFED   SHT$$INIT_ARRAY$$Limit                                               

[685 symbols]
