******************************************************************************
                  TI ARM Linker PC v20.2.2                     
******************************************************************************
>> Linked Thu May 13 10:41:53 2021

OUTPUT FILE NAME:   <ece3849d21_lab3_scampbell.out>
ENTRY POINT SYMBOL: "_c_int00"  address: 00016571


MEMORY CONFIGURATION

         name            origin    length      used     unused   attr    fill
----------------------  --------  ---------  --------  --------  ----  --------
  FLASH                 00000000   00100000  00019004  000e6ffc  R  X
  SRAM                  20000000   00040000  00013ccc  0002c334  RW X


SEGMENT ALLOCATION MAP

run origin  load origin   length   init length attrs members
----------  ----------- ---------- ----------- ----- -------
00000000    00000000    00019010   00019010    r-x
  00000000    00000000    0000003c   0000003c    r-- .resetVecs
  00000040    00000040    0000d70e   0000d70e    r-- .const
  0000d750    0000d750    0000b5c2   0000b5c2    r-x .text
  00018d18    00018d18    000002f8   000002f8    r-- .cinit
20000000    20000000    00000360   00000000    rw-
  20000000    20000000    00000360   00000000    rw- .vecs
20000400    20000400    00013970   00000000    rw-
  20000400    20000400    0000af80   00000000    rw- .bss
  2000b380    2000b380    000086ec   00000000    rw- .data
  20013a70    20013a70    00000300   00000000    rw- .stack


SECTION ALLOCATION MAP

 output                                  attributes/
section   page    origin      length       input sections
--------  ----  ----------  ----------   ----------------
.const     0    00000040    0000d70e     
                  00000040    0000af82     audio_waveform.obj (.const:.string:gWaveform)
                  0000afc2    000019b5     rtos_pem4f.oem4f (.const:xdc_runtime_Text_charTab__A)
                  0000c977    000002f8     grlib.lib : fontfixed6x8.obj (.const:.string:g_pui8FontFixed6x8Data)
                  0000cc6f    00000001     rtos_pem4f.oem4f (.const:xdc_runtime_Error_policy__C)
                  0000cc70    00000158     rtsv7M4_T_le_v4SPD16_eabi.lib : k_rem_pio2.c.obj (.const:$O1$$)
                  0000cdc8    00000120     Boot.aem4f : Boot_sysctl.oem4f (.const:g_pppui32XTALtoVCO)
                  0000cee8    00000101     rtsv7M4_T_le_v4SPD16_eabi.lib : ctype.c.obj (.const:.string:_ctypes_)
                  0000cfe9    00000001     --HOLE-- [fill = 0]
                  0000cfea    00000002     rtos_pem4f.oem4f (.const:ti_catalog_arm_cortexm4_tiva_ce_Boot_Module__id__C)
                  0000cfec    000000c8     grlib.lib : fontfixed6x8.obj (.const:g_sFontFixed6x8)
                  0000d0b4    000000c8     rtos_pem4f.oem4f (.const:xdc_runtime_Text_nodeTab__A)
                  0000d17c    00000090     driverlib.lib : gpio.obj (.const:g_pui32GPIOBaseAddrs)
                  0000d20c    0000006c     Boot.aem4f : Boot_sysctl.oem4f (.const:g_pui32Xtals)
                  0000d278    00000048     rtos_pem4f.oem4f (.const:.string)
                  0000d2c0    0000003c     rtos_pem4f.oem4f (.const)
                  0000d2fc    00000030     Boot.aem4f : Boot_sysctl.oem4f (.const:g_sXTALtoMEMTIM)
                  0000d32c    00000028     Crystalfontz128x128_ST7735.obj (.const:g_sCrystalfontz128x128)
                  0000d354    00000028     rtos_pem4f.oem4f (.const:ti_sysbios_heaps_HeapMem_Module__FXNS__C)
                  0000d37c    00000028     rtos_pem4f.oem4f (.const:xdc_runtime_Startup_sfxnTab__A)
                  0000d3a4    00000024     rtos_pem4f.oem4f (.const:ti_sysbios_gates_GateHwi_Module__FXNS__C)
                  0000d3c8    00000024     rtos_pem4f.oem4f (.const:ti_sysbios_gates_GateMutex_Module__FXNS__C)
                  0000d3ec    00000024     rtos_pem4f.oem4f (.const:ti_sysbios_heaps_HeapMem_Object__PARAMS__C)
                  0000d410    00000024     rtos_pem4f.oem4f (.const:ti_sysbios_knl_Semaphore_Object__PARAMS__C)
                  0000d434    00000020     rtos_pem4f.oem4f (.const:ti_sysbios_gates_GateHwi_Object__DESC__C)
                  0000d454    00000020     rtos_pem4f.oem4f (.const:ti_sysbios_gates_GateMutex_Object__DESC__C)
                  0000d474    00000020     rtos_pem4f.oem4f (.const:ti_sysbios_heaps_HeapMem_Object__DESC__C)
                  0000d494    00000020     rtos_pem4f.oem4f (.const:ti_sysbios_knl_Queue_Object__DESC__C)
                  0000d4b4    00000020     rtos_pem4f.oem4f (.const:ti_sysbios_knl_Semaphore_Object__DESC__C)
                  0000d4d4    00000018     rtos_pem4f.oem4f (.const:ti_sysbios_gates_GateHwi_Object__PARAMS__C)
                  0000d4ec    00000018     rtos_pem4f.oem4f (.const:ti_sysbios_gates_GateMutex_Object__PARAMS__C)
                  0000d504    00000018     rtos_pem4f.oem4f (.const:ti_sysbios_knl_Queue_Object__PARAMS__C)
                  0000d51c    00000018     rtos_pem4f.oem4f (.const:xdc_runtime_Startup_firstFxns__A)
                  0000d534    00000014     main.obj (.const:$P$T3$9)
                  0000d548    00000014     rtos_pem4f.oem4f (.const:xdc_runtime_Startup_sfxnRts__A)
                  0000d55c    00000010     grlib.lib : context.obj (.const)
                  0000d56c    00000008     Boot.aem4f : Boot_sysctl.oem4f (.const)
                  0000d574    00000008     rtos_pem4f.oem4f (.const:ti_sysbios_family_arm_m3_Hwi_excHookFuncs__A)
                  0000d57c    00000008     rtos_pem4f.oem4f (.const:ti_sysbios_knl_Idle_funcList__C)
                  0000d584    00000008     rtos_pem4f.oem4f (.const:xdc_runtime_Startup_firstFxns__C)
                  0000d58c    00000008     rtos_pem4f.oem4f (.const:xdc_runtime_Startup_lastFxns__C)
                  0000d594    00000004     audio_waveform.obj (.const)
                  0000d598    00000004     rtos_pem4f.oem4f (.const:ti_catalog_arm_cortexm4_tiva_ce_Boot_A_mustNotUseEnhancedClockMode__C)
                  0000d59c    00000004     rtos_pem4f.oem4f (.const:ti_catalog_arm_cortexm4_tiva_ce_Boot_Module__diagsEnabled__C)
                  0000d5a0    00000004     rtos_pem4f.oem4f (.const:ti_catalog_arm_cortexm4_tiva_ce_Boot_Module__diagsIncluded__C)
                  0000d5a4    00000004     rtos_pem4f.oem4f (.const:ti_catalog_arm_cortexm4_tiva_ce_Boot_Module__diagsMask__C)
                  0000d5a8    00000004     rtos_pem4f.oem4f (.const:ti_sysbios_family_arm_lm4_Timer_enableFunc__C)
                  0000d5ac    00000004     rtos_pem4f.oem4f (.const:ti_sysbios_family_arm_lm4_Timer_numTimerDevices__C)
                  0000d5b0    00000004     rtos_pem4f.oem4f (.const:ti_sysbios_family_arm_lm4_Timer_startupNeeded__C)
                  0000d5b4    00000004     rtos_pem4f.oem4f (.const:ti_sysbios_family_arm_lm4_TimestampProvider_Module__diagsEnabled__C)
                  0000d5b8    00000004     rtos_pem4f.oem4f (.const:ti_sysbios_family_arm_lm4_TimestampProvider_Module__diagsIncluded__C)
                  0000d5bc    00000004     rtos_pem4f.oem4f (.const:ti_sysbios_family_arm_lm4_TimestampProvider_Module__diagsMask__C)
                  0000d5c0    00000004     rtos_pem4f.oem4f (.const:ti_sysbios_family_arm_m3_Hwi_E_NMI__C)
                  0000d5c4    00000004     rtos_pem4f.oem4f (.const:ti_sysbios_family_arm_m3_Hwi_E_busFault__C)
                  0000d5c8    00000004     rtos_pem4f.oem4f (.const:ti_sysbios_family_arm_m3_Hwi_E_debugMon__C)
                  0000d5cc    00000004     rtos_pem4f.oem4f (.const:ti_sysbios_family_arm_m3_Hwi_E_hardFault__C)
                  0000d5d0    00000004     rtos_pem4f.oem4f (.const:ti_sysbios_family_arm_m3_Hwi_E_memFault__C)
                  0000d5d4    00000004     rtos_pem4f.oem4f (.const:ti_sysbios_family_arm_m3_Hwi_E_noIsr__C)
                  0000d5d8    00000004     rtos_pem4f.oem4f (.const:ti_sysbios_family_arm_m3_Hwi_E_reserved__C)
                  0000d5dc    00000004     rtos_pem4f.oem4f (.const:ti_sysbios_family_arm_m3_Hwi_E_svCall__C)
                  0000d5e0    00000004     rtos_pem4f.oem4f (.const:ti_sysbios_family_arm_m3_Hwi_E_usageFault__C)
                  0000d5e4    00000004     rtos_pem4f.oem4f (.const:ti_sysbios_family_arm_m3_Hwi_NUM_INTERRUPTS__C)
                  0000d5e8    00000004     rtos_pem4f.oem4f (.const:ti_sysbios_family_arm_m3_Hwi_Object__count__C)
                  0000d5ec    00000004     rtos_pem4f.oem4f (.const:ti_sysbios_family_arm_m3_Hwi_ccr__C)
                  0000d5f0    00000004     rtos_pem4f.oem4f (.const:ti_sysbios_family_arm_m3_Hwi_excHandlerFunc__C)
                  0000d5f4    00000004     rtos_pem4f.oem4f (.const:ti_sysbios_family_arm_m3_Hwi_excHookFuncs__C)
                  0000d5f8    00000004     rtos_pem4f.oem4f (.const:ti_sysbios_family_arm_m3_Hwi_nullIsrFunc__C)
                  0000d5fc    00000004     rtos_pem4f.oem4f (.const:ti_sysbios_family_arm_m3_Hwi_priGroup__C)
                  0000d600    00000004     rtos_pem4f.oem4f (.const:ti_sysbios_gates_GateMutex_A_badContext__C)
                  0000d604    00000004     rtos_pem4f.oem4f (.const:ti_sysbios_gates_GateMutex_Instance_State_sem__O)
                  0000d608    00000004     rtos_pem4f.oem4f (.const:ti_sysbios_gates_GateMutex_Module__diagsEnabled__C)
                  0000d60c    00000004     rtos_pem4f.oem4f (.const:ti_sysbios_gates_GateMutex_Module__diagsIncluded__C)
                  0000d610    00000004     rtos_pem4f.oem4f (.const:ti_sysbios_gates_GateMutex_Module__diagsMask__C)
                  0000d614    00000004     rtos_pem4f.oem4f (.const:ti_sysbios_hal_Hwi_E_stackOverflow__C)
                  0000d618    00000004     rtos_pem4f.oem4f (.const:ti_sysbios_heaps_HeapMem_A_align__C)
                  0000d61c    00000004     rtos_pem4f.oem4f (.const:ti_sysbios_heaps_HeapMem_A_heapSize__C)
                  0000d620    00000004     rtos_pem4f.oem4f (.const:ti_sysbios_heaps_HeapMem_A_invalidFree__C)
                  0000d624    00000004     rtos_pem4f.oem4f (.const:ti_sysbios_heaps_HeapMem_A_zeroBlock__C)
                  0000d628    00000004     rtos_pem4f.oem4f (.const:ti_sysbios_heaps_HeapMem_E_memory__C)
                  0000d62c    00000004     rtos_pem4f.oem4f (.const:ti_sysbios_heaps_HeapMem_Module__diagsEnabled__C)
                  0000d630    00000004     rtos_pem4f.oem4f (.const:ti_sysbios_heaps_HeapMem_Module__diagsIncluded__C)
                  0000d634    00000004     rtos_pem4f.oem4f (.const:ti_sysbios_heaps_HeapMem_Module__diagsMask__C)
                  0000d638    00000004     rtos_pem4f.oem4f (.const:ti_sysbios_heaps_HeapMem_Module__gateObj__C)
                  0000d63c    00000004     rtos_pem4f.oem4f (.const:ti_sysbios_heaps_HeapMem_Object__count__C)
                  0000d640    00000004     rtos_pem4f.oem4f (.const:ti_sysbios_heaps_HeapMem_reqAlign__C)
                  0000d644    00000004     rtos_pem4f.oem4f (.const:ti_sysbios_knl_Clock_Module_State_clockQ__O)
                  0000d648    00000004     rtos_pem4f.oem4f (.const:ti_sysbios_knl_Idle_funcList__A)
                  0000d64c    00000004     rtos_pem4f.oem4f (.const:ti_sysbios_knl_Mailbox_Instance_State_dataQue__O)
                  0000d650    00000004     rtos_pem4f.oem4f (.const:ti_sysbios_knl_Mailbox_Instance_State_dataSem__O)
                  0000d654    00000004     rtos_pem4f.oem4f (.const:ti_sysbios_knl_Mailbox_Instance_State_freeQue__O)
                  0000d658    00000004     rtos_pem4f.oem4f (.const:ti_sysbios_knl_Mailbox_Instance_State_freeSem__O)
                  0000d65c    00000004     rtos_pem4f.oem4f (.const:ti_sysbios_knl_Mailbox_Object__count__C)
                  0000d660    00000004     rtos_pem4f.oem4f (.const:ti_sysbios_knl_Mailbox_maxTypeAlign__C)
                  0000d664    00000004     rtos_pem4f.oem4f (.const:ti_sysbios_knl_Semaphore_A_badContext__C)
                  0000d668    00000004     rtos_pem4f.oem4f (.const:ti_sysbios_knl_Semaphore_A_noEvents__C)
                  0000d66c    00000004     rtos_pem4f.oem4f (.const:ti_sysbios_knl_Semaphore_A_overflow__C)
                  0000d670    00000004     rtos_pem4f.oem4f (.const:ti_sysbios_knl_Semaphore_A_pendTaskDisabled__C)
                  0000d674    00000004     rtos_pem4f.oem4f (.const:ti_sysbios_knl_Semaphore_Instance_State_pendQ__O)
                  0000d678    00000004     rtos_pem4f.oem4f (.const:ti_sysbios_knl_Semaphore_Module__diagsEnabled__C)
                  0000d67c    00000004     rtos_pem4f.oem4f (.const:ti_sysbios_knl_Semaphore_Module__diagsIncluded__C)
                  0000d680    00000004     rtos_pem4f.oem4f (.const:ti_sysbios_knl_Semaphore_Module__diagsMask__C)
                  0000d684    00000004     rtos_pem4f.oem4f (.const:ti_sysbios_knl_Swi_Object__count__C)
                  0000d688    00000004     rtos_pem4f.oem4f (.const:ti_sysbios_knl_Task_E_spOutOfBounds__C)
                  0000d68c    00000004     rtos_pem4f.oem4f (.const:ti_sysbios_knl_Task_E_stackOverflow__C)
                  0000d690    00000004     rtos_pem4f.oem4f (.const:ti_sysbios_knl_Task_Module_State_inactiveQ__O)
                  0000d694    00000004     rtos_pem4f.oem4f (.const:ti_sysbios_knl_Task_Object__count__C)
                  0000d698    00000004     rtos_pem4f.oem4f (.const:ti_sysbios_knl_Task_allBlockedFunc__C)
                  0000d69c    00000004     rtos_pem4f.oem4f (.const:ti_sysbios_knl_Task_numConstructedTasks__C)
                  0000d6a0    00000004     rtos_pem4f.oem4f (.const:xdc_runtime_Assert_E_assertFailed__C)
                  0000d6a4    00000004     rtos_pem4f.oem4f (.const:xdc_runtime_Core_A_initializedParams__C)
                  0000d6a8    00000004     rtos_pem4f.oem4f (.const:xdc_runtime_Core_Module__diagsEnabled__C)
                  0000d6ac    00000004     rtos_pem4f.oem4f (.const:xdc_runtime_Core_Module__diagsIncluded__C)
                  0000d6b0    00000004     rtos_pem4f.oem4f (.const:xdc_runtime_Core_Module__diagsMask__C)
                  0000d6b4    00000004     rtos_pem4f.oem4f (.const:xdc_runtime_Error_E_memory__C)
                  0000d6b8    00000004     rtos_pem4f.oem4f (.const:xdc_runtime_Error_Module__diagsEnabled__C)
                  0000d6bc    00000004     rtos_pem4f.oem4f (.const:xdc_runtime_Error_Module__diagsIncluded__C)
                  0000d6c0    00000004     rtos_pem4f.oem4f (.const:xdc_runtime_Error_Module__diagsMask__C)
                  0000d6c4    00000004     rtos_pem4f.oem4f (.const:xdc_runtime_Error_Module__loggerFxn8__C)
                  0000d6c8    00000004     rtos_pem4f.oem4f (.const:xdc_runtime_Error_Module__loggerObj__C)
                  0000d6cc    00000004     rtos_pem4f.oem4f (.const:xdc_runtime_Error_policyFxn__C)
                  0000d6d0    00000004     rtos_pem4f.oem4f (.const:xdc_runtime_Error_raiseHook__C)
                  0000d6d4    00000004     rtos_pem4f.oem4f (.const:xdc_runtime_IGateProvider_Interface__BASE__C)
                  0000d6d8    00000004     rtos_pem4f.oem4f (.const:xdc_runtime_IHeap_Interface__BASE__C)
                  0000d6dc    00000004     rtos_pem4f.oem4f (.const:xdc_runtime_IModule_Interface__BASE__C)
                  0000d6e0    00000004     rtos_pem4f.oem4f (.const:xdc_runtime_Log_L_error__C)
                  0000d6e4    00000004     rtos_pem4f.oem4f (.const:xdc_runtime_Memory_defaultHeapInstance__C)
                  0000d6e8    00000004     rtos_pem4f.oem4f (.const:xdc_runtime_Startup_execImpl__C)
                  0000d6ec    00000004     rtos_pem4f.oem4f (.const:xdc_runtime_Startup_maxPasses__C)
                  0000d6f0    00000004     rtos_pem4f.oem4f (.const:xdc_runtime_Startup_sfxnRts__C)
                  0000d6f4    00000004     rtos_pem4f.oem4f (.const:xdc_runtime_Startup_sfxnTab__C)
                  0000d6f8    00000004     rtos_pem4f.oem4f (.const:xdc_runtime_SysMin_bufSize__C)
                  0000d6fc    00000004     rtos_pem4f.oem4f (.const:xdc_runtime_SysMin_outputFunc__C)
                  0000d700    00000004     rtos_pem4f.oem4f (.const:xdc_runtime_System_Module__gateObj__C)
                  0000d704    00000004     rtos_pem4f.oem4f (.const:xdc_runtime_System_abortFxn__C)
                  0000d708    00000004     rtos_pem4f.oem4f (.const:xdc_runtime_System_exitFxn__C)
                  0000d70c    00000004     rtos_pem4f.oem4f (.const:xdc_runtime_System_extendFxn__C)
                  0000d710    00000004     rtos_pem4f.oem4f (.const:xdc_runtime_System_maxAtexitHandlers__C)
                  0000d714    00000004     rtos_pem4f.oem4f (.const:xdc_runtime_Text_charTab__C)
                  0000d718    00000004     rtos_pem4f.oem4f (.const:xdc_runtime_Text_nameEmpty__C)
                  0000d71c    00000004     rtos_pem4f.oem4f (.const:xdc_runtime_Text_nameStatic__C)
                  0000d720    00000004     rtos_pem4f.oem4f (.const:xdc_runtime_Text_nameUnknown__C)
                  0000d724    00000004     rtos_pem4f.oem4f (.const:xdc_runtime_Text_nodeTab__C)
                  0000d728    00000004     rtos_pem4f.oem4f (.const:xdc_runtime_Text_visitRopeFxn__C)
                  0000d72c    00000002     rtos_pem4f.oem4f (.const:ti_sysbios_family_arm_lm4_TimestampProvider_Module__id__C)
                  0000d72e    00000002     rtos_pem4f.oem4f (.const:ti_sysbios_family_arm_lm4_TimestampProvider_useClockTimer__C)
                  0000d730    00000002     rtos_pem4f.oem4f (.const:ti_sysbios_family_arm_m3_Hwi_Module__id__C)
                  0000d732    00000002     rtos_pem4f.oem4f (.const:ti_sysbios_gates_GateMutex_Module__id__C)
                  0000d734    00000002     rtos_pem4f.oem4f (.const:ti_sysbios_hal_Hwi_Module__id__C)
                  0000d736    00000002     rtos_pem4f.oem4f (.const:ti_sysbios_heaps_HeapMem_Module__id__C)
                  0000d738    00000002     rtos_pem4f.oem4f (.const:ti_sysbios_knl_Semaphore_Module__id__C)
                  0000d73a    00000002     rtos_pem4f.oem4f (.const:ti_sysbios_knl_Task_Module__id__C)
                  0000d73c    00000002     rtos_pem4f.oem4f (.const:xdc_runtime_Core_Module__id__C)
                  0000d73e    00000002     rtos_pem4f.oem4f (.const:xdc_runtime_Error_Module__loggerDefined__C)
                  0000d740    00000002     rtos_pem4f.oem4f (.const:xdc_runtime_Error_maxDepth__C)
                  0000d742    00000002     rtos_pem4f.oem4f (.const:xdc_runtime_Memory_Module__id__C)
                  0000d744    00000002     rtos_pem4f.oem4f (.const:xdc_runtime_SysMin_flushAtExit__C)
                  0000d746    00000002     rtos_pem4f.oem4f (.const:xdc_runtime_Text_charCnt__C)
                  0000d748    00000002     rtos_pem4f.oem4f (.const:xdc_runtime_Text_isLoaded__C)
                  0000d74a    00000002     rtos_pem4f.oem4f (.const:xdc_runtime_Text_registryModsLastId__C)
                  0000d74c    00000002     rtos_pem4f.oem4f (.const:xdc_runtime_Text_unnamedModsLastId__C)

.text      0    0000d750    0000b5c2     
                  0000d750    00000a4e     rtsv7M4_T_le_v4SPD16_eabi.lib : _printfi.c.obj (.text:__TI_printfi)
                  0000e19e    00000002                                   : _lock.c.obj (.text:_nop)
                  0000e1a0    00000738                                   : k_rem_pio2.c.obj (.text:__kernel_rem_pio2)
                  0000e8d8    000005dc                                   : s_cos.c.obj (.text:cos)
                  0000eeb4    000005c4                                   : s_sin.c.obj (.text:sin)
                  0000f478    00000430     sysbios.aem4f : BIOS.obj (.text:ti_sysbios_family_arm_m3_Hwi_excDumpRegs__I)
                  0000f8a8    0000034c     ti.targets.arm.rtsarm.aem4f : System.oem4f (.text:xdc_runtime_System_doPrint__I)
                  0000fbf4    00000004     driverlib.lib : adc.obj (.text:ADCIntClearEx)
                  0000fbf8    000002a4     sysbios.aem4f : BIOS.obj (.text:ti_sysbios_knl_Semaphore_pend__E)
                  0000fe9c    00000004     driverlib.lib : timer.obj (.text:TimerIntClear)
                  0000fea0    0000028e     kiss_fft.obj (.text:kf_bfly5)
                  0001012e    00000002     rtsv7M4_T_le_v4SPD16_eabi.lib : div0.asm.obj (.text)
                  00010130    00000270                                   : _printfi.c.obj (.text:_pconv_a)
                  000103a0    0000026c     sysbios.aem4f : BIOS.obj (.text:ti_sysbios_heaps_HeapMem_free__E)
                  0001060c    00000256     grlib.lib : string.obj (.text:GrFontGlyphRender)
                  00010862    00000006     driverlib.lib : gpio.obj (.text:GPIOPinRead)
                  00010868    00000250     sysbios.aem4f : BIOS.obj (.text:ti_sysbios_heaps_HeapMem_alloc__E)
                  00010ab8    00000204     Boot.aem4f : Boot_sysctl.oem4f (.text:ti_catalog_arm_cortexm4_tiva_ce_Boot_sysCtlClockFreqSetI__I)
                  00010cbc    00000004     rtsv7M4_T_le_v4SPD16_eabi.lib : exit.c.obj (.text:abort:abort)
                  00010cc0    000001f4     sysbios.aem4f : BIOS.obj (.text:ti_sysbios_family_arm_m3_Hwi_excHandlerMax__I)
                  00010eb4    00000004                   : BIOS.obj (.text:ti_sysbios_family_arm_lm4_Timer_masterEnable__I)
                  00010eb8    000001f0     kiss_fft.obj (.text:kf_bfly4)
                  000110a8    000001d0     rtsv7M4_T_le_v4SPD16_eabi.lib : _printfi.c.obj (.text:_pconv_g)
                  00011278    000001b6                                   : fd_add_t2.asm.obj (.text)
                  0001142e    00000002     --HOLE-- [fill = 0]
                  00011430    000001b4     kiss_fft.obj (.text:kf_bfly3)
                  000115e4    00000004     ti.targets.arm.rtsarm.aem4f : Error.oem4f (.text:xdc_runtime_Error_getSite__E)
                  000115e8    00000190     main.obj (.text:processingTask_func)
                  00011778    00000174     rtsv7M4_T_le_v4SPD16_eabi.lib : k_sin.c.obj (.text:__kernel_sin)
                  000118ec    00000004     ti.targets.arm.rtsarm.aem4f : System.oem4f (.text:xdc_runtime_System_aprintf_va__F)
                  000118f0    00000174     sysbios.aem4f : BIOS.obj (.text:ti_sysbios_family_arm_m3_Hwi_excBusFault__I)
                  00011a64    0000016c     rtsv7M4_T_le_v4SPD16_eabi.lib : k_cos.c.obj (.text:__kernel_cos)
                  00011bd0    00000164     sysbios.aem4f : BIOS.obj (.text:ti_sysbios_family_arm_m3_Hwi_excUsageFault__I)
                  00011d34    0000015c     rtsv7M4_T_le_v4SPD16_eabi.lib : e_log10f.c.obj (.text:log10f)
                  00011e90    00000158                                   : e_sqrt.c.obj (.text:sqrt)
                  00011fe8    00000148     sysbios.aem4f : BIOS.obj (.text:ti_sysbios_family_arm_m3_Hwi_excMemFault__I)
                  00012130    00000140     main.obj (.text:displaySettings)
                  00012270    0000013c     rtsv7M4_T_le_v4SPD16_eabi.lib : _printfi.c.obj (.text:_pconv_e)
                  000123ac    00000004     ti.targets.arm.rtsarm.aem4f : System.oem4f (.text:xdc_runtime_System_printf_va__F)
                  000123b0    0000013c     sysbios.aem4f : BIOS.obj (.text:ti_sysbios_heaps_HeapMem_Instance_init__E)
                  000124ec    00000004     --HOLE-- [fill = 0]
                  000124f0    00000138     main.obj (.text:modeIcon)
                  00012628    00000136     rtsv7M4_T_le_v4SPD16_eabi.lib : fd_div_t2.asm.obj (.text)
                  0001275e    00000130     driverlib.lib : gpio.obj (.text:GPIOPadConfigSet)
                  0001288e    00000002     --HOLE-- [fill = 0]
                  00012890    00000124     rtsv7M4_T_le_v4SPD16_eabi.lib : _printfi.c.obj (.text:fcvt)
                  000129b4    00000004     --HOLE-- [fill = 0]
                  000129b8    00000118     sampling.obj (.text:sampleInit)
                  00012ad0    00000118     ti.targets.arm.rtsarm.aem4f : Error.oem4f (.text:xdc_runtime_Error_policyDefault__E)
                  00012be8    00000110     rtsv7M4_T_le_v4SPD16_eabi.lib : s_scalbn.c.obj (.text:scalbn)
                  00012cf8    00000108     main.obj (.text:signalInit)
                  00012e00    00000108     sysbios.aem4f : BIOS.obj (.text:ti_sysbios_family_arm_lm4_Timer_start__E)
                  00012f08    00000106     grlib.lib : line.obj (.text:GrLineDraw)
                  0001300e    00000002     --HOLE-- [fill = 0]
                  00013010    00000100     ti.targets.arm.rtsarm.aem4f : Core-mem.oem4f (.text:xdc_runtime_Core_createObject__I)
                  00013110    000000fc     kiss_fft.obj (.text:kf_bfly_generic)
                  0001320c    000000fc     rtsv7M4_T_le_v4SPD16_eabi.lib : fd_mul_t2.asm.obj (.text)
                  00013308    000000fc     rtos_pem4f.oem4f (.text:xdc_runtime_System_printfExtend__I)
                  00013404    000000f8     rtsv7M4_T_le_v4SPD16_eabi.lib : s_floor.c.obj (.text:floor)
                  000134fc    000000f8     ti.targets.arm.rtsarm.aem4f : Startup.oem4f (.text:xdc_runtime_Startup_startMods__I)
                  000135f4    000000f4     sysbios.aem4f : m3_Hwi_asm.obj (.text:ti_sysbios_family_arm_m3_Hwi_dispatch__I)
                  000136e8    000000ec     buttons.obj (.text:ButtonInit)
                  000137d4    00000004     --HOLE-- [fill = 0]
                  000137d8    000000ec     sysbios.aem4f : BIOS.obj (.text:ti_sysbios_knl_Semaphore_post__E)
                  000138c4    00000004     --HOLE-- [fill = 0]
                  000138c8    000000e8     buttons.obj (.text:ButtonRoutine)
                  000139b0    000000e8     main.obj (.text:userInputTask_func)
                  00013a98    000000e2     kiss_fft.obj (.text:kf_work)
                  00013b7a    00000006     driverlib.lib : gpio.obj (.text:GPIOPinWrite)
                  00013b80    000000dc     Crystalfontz128x128_ST7735.obj (.text:Crystalfontz128x128_PixelDrawMultiple)
                  00013c5c    00000004     --HOLE-- [fill = 0]
                  00013c60    000000dc     main.obj (.text:displayTask_func)
                  00013d3c    00000004     --HOLE-- [fill = 0]
                  00013d40    000000d4     buttons.obj (.text:ButtonReadJoystick)
                  00013e14    00000004     --HOLE-- [fill = 0]
                  00013e18    000000d0     main.obj (.text:drawBackground)
                  00013ee8    000000cc     kiss_fft.obj (.text:kiss_fft_alloc)
                  00013fb4    000000cc     ti.targets.arm.rtsarm.aem4f : Core-smem.oem4f (.text:xdc_runtime_Core_constructObject__I)
                  00014080    000000c8     main.obj (.text:displayFrequency)
                  00014148    000000c4     grlib.lib : string.obj (.text:GrDefaultStringRenderer)
                  0001420c    000000c0               : line.obj (.text:GrLineClip)
                  000142cc    00000004     --HOLE-- [fill = 0]
                  000142d0    000000bc     Crystalfontz128x128_ST7735.obj (.text:Crystalfontz128x128_Init)
                  0001438c    00000004     --HOLE-- [fill = 0]
                  00014390    000000bc     sysbios.aem4f : BIOS.obj (.text:ti_sysbios_family_arm_m3_Hwi_excDebugMon__I)
                  0001444c    00000004     --HOLE-- [fill = 0]
                  00014450    000000bc                   : BIOS.obj (.text:ti_sysbios_family_arm_m3_Hwi_excHardFault__I)
                  0001450c    000000b4     rtsv7M4_T_le_v4SPD16_eabi.lib : s_cosf.c.obj (.text:cosf)
                  000145c0    000000b4     sysbios.aem4f : BIOS.obj (.text:ti_sysbios_gates_GateMutex_enter__E)
                  00014674    00000004     --HOLE-- [fill = 0]
                  00014678    000000b4                   : BIOS.obj (.text:ti_sysbios_knl_Task_checkStacks__E)
                  0001472c    000000b1     rtsv7M4_T_le_v4SPD16_eabi.lib : _printfi.c.obj (.text:_ltostr)
                  000147dd    00000003     --HOLE-- [fill = 0]
                  000147e0    000000ac     sysbios.aem4f : BIOS.obj (.text:ti_sysbios_family_arm_lm4_Timer_enableTiva__I)
                  0001488c    00000004     --HOLE-- [fill = 0]
                  00014890    000000a8     sampling.obj (.text:pwmInit)
                  00014938    000000a0     auto_init.aem4f : auto_init.oem4f (.text)
                  000149d8    000000a0     main.obj (.text:displayCPUuse)
                  00014a78    000000a0     ti.targets.arm.rtsarm.aem4f : Text.oem4f (.text:xdc_runtime_Text_putMod__E)
                  00014b18    0000009c     Crystalfontz128x128_ST7735.obj (.text:Crystalfontz128x128_SetDrawFrame)
                  00014bb4    00000004     --HOLE-- [fill = 0]
                  00014bb8    0000009c     main.obj (.text:drawWave)
                  00014c54    0000009c     rtsv7M4_T_le_v4SPD16_eabi.lib : memcpy_t2.asm.obj (.text)
                  00014cf0    0000009c     sysbios.aem4f : BIOS.obj (.text:ti_sysbios_knl_Semaphore_Instance_init__E)
                  00014d8c    0000009a     ti.targets.arm.rtsarm.aem4f : Text.oem4f (.text:xdc_runtime_Text_putSite__E)
                  00014e26    00000002     --HOLE-- [fill = 0]
                  00014e28    00000098     Boot.aem4f : Boot.oem4f (.text:ti_catalog_arm_cortexm4_tiva_ce_Boot_sysCtlClockFreqSet__E)
                  00014ec0    00000096     rtsv7M4_T_le_v4SPD16_eabi.lib : ull_div_t2.asm.obj (.text)
                  00014f56    00000002     --HOLE-- [fill = 0]
                  00014f58    00000094     sysbios.aem4f : BIOS.obj (.text:ti_sysbios_family_arm_m3_Hwi_initNVIC__E)
                  00014fec    0000008c                   : m3_TaskSupport_asm.obj (.text:ti_sysbios_family_arm_m3_TaskSupport_buildTaskStack)
                  00015078    0000008c                   : BIOS.obj (.text:ti_sysbios_knl_Task_postInit__I)
                  00015104    00000004     --HOLE-- [fill = 0]
                  00015108    00000088                   : BIOS.obj (.text:ti_sysbios_knl_Mailbox_post__E)
                  00015190    00000086     grlib.lib : rectangle.obj (.text:GrRectFill)
                  00015216    00000086     rtsv7M4_T_le_v4SPD16_eabi.lib : fd_cmp_t2.asm.obj (.text:__aeabi_cdcmple)
                  0001529c    00000086                                   : fd_cmp_t2.asm.obj (.text:__aeabi_cdrcmple)
                  00015322    00000006     grlib.lib : string.obj (.text:GrContextFontSet)
                  00015328    00000084     sysbios.aem4f : BIOS.obj (.text:ti_sysbios_family_arm_m3_Hwi_postInit__I)
                  000153ac    00000084     driverlib.lib : udma.obj (.text:uDMAChannelTransferSet)
                  00015430    00000080     Crystalfontz128x128_ST7735.obj (.text:Crystalfontz128x128_RectFill)
                  000154b0    00000080     rtsv7M4_T_le_v4SPD16_eabi.lib : s_floorf.c.obj (.text:floorf)
                  00015530    00000080     kiss_fft.obj (.text:kf_bfly2)
                  000155b0    0000007c     sampling.obj (.text:freqCaptureInit)
                  0001562c    0000007a     driverlib.lib : adc.obj (.text:ADCSequenceStepConfigure)
                  000156a6    0000007a     rtsv7M4_T_le_v4SPD16_eabi.lib : memset_t2.asm.obj (.text)
                  00015720    00000078     HAL_EK_TM4C1294XL_Crystalfontz128x128_ST7735.obj (.text:HAL_LCD_PortInit)
                  00015798    00000078     HAL_EK_TM4C1294XL_Crystalfontz128x128_ST7735.obj (.text:HAL_LCD_SpiInit)
                  00015810    00000074     sysbios.aem4f : BIOS.obj (.text:ti_sysbios_knl_Mailbox_pend__E)
                  00015884    00000004     --HOLE-- [fill = 0]
                  00015888    00000070     sampling.obj (.text:ADC_ISR)
                  000158f8    00000070     main.obj (.text:scaleWave)
                  00015968    00000070     sysbios.aem4f : BIOS.obj (.text:ti_sysbios_knl_Clock_workFunc__E)
                  000159d8    00000070                   : BIOS.obj (.text:ti_sysbios_knl_Task_exit__E)
                  00015a48    0000006e     rtsv7M4_T_le_v4SPD16_eabi.lib : _printfi.c.obj (.text:_mcpy)
                  00015ab6    0000006e                                   : s_roundf.c.obj (.text:roundf)
                  00015b24    0000006e                                   : fd_tos_t2.asm.obj (.text)
                  00015b92    00000002     --HOLE-- [fill = 0]
                  00015b94    0000006d     ti.targets.arm.rtsarm.aem4f : System.oem4f (.text:xdc_runtime_System_formatNum__I)
                  00015c01    00000001     --HOLE-- [fill = 0]
                  00015c02    00000006     driverlib.lib : pwm.obj (.text:PWMGenIntClear)
                  00015c08    0000006c     kiss_fft.obj (.text:kf_factor)
                  00015c74    00000004     --HOLE-- [fill = 0]
                  00015c78    0000006c     sysbios.aem4f : BIOS.obj (.text:ti_sysbios_knl_Swi_restoreHwi__E)
                  00015ce4    0000006c     ti.targets.arm.rtsarm.aem4f : Error.oem4f (.text:xdc_runtime_Error_print__E)
                  00015d50    0000006c                                 : Memory.oem4f (.text:xdc_runtime_Memory_alloc__E)
                  00015dbc    0000006a     grlib.lib : string.obj (.text:GrStringWidthGet)
                  00015e26    00000002     --HOLE-- [fill = 0]
                  00015e28    00000068               : context.obj (.text:GrContextInit)
                  00015e90    00000068     rtsv7M4_T_le_v4SPD16_eabi.lib : copy_decompress_lzss.c.obj (.text:decompress:lzss:__TI_decompress_lzss)
                  00015ef8    00000068     sysbios.aem4f : BIOS.obj (.text:ti_sysbios_family_arm_lm4_TimestampProvider_initTimerHandle__I)
                  00015f60    00000066     ti.targets.arm.rtsarm.aem4f : Core-mem.oem4f (.text:xdc_runtime_Core_deleteObject__I)
                  00015fc6    00000002     --HOLE-- [fill = 0]
                  00015fc8    00000064     rtsv7M4_T_le_v4SPD16_eabi.lib : s_frexp.c.obj (.text:frexp)
                  0001602c    00000004     --HOLE-- [fill = 0]
                  00016030    00000064     sysbios.aem4f : BIOS.obj (.text:ti_sysbios_family_arm_lm4_Timer_Module_startup__E)
                  00016094    00000004     --HOLE-- [fill = 0]
                  00016098    00000064                   : BIOS.obj (.text:ti_sysbios_family_arm_m3_Hwi_dispatchC__I)
                  000160fc    00000004     --HOLE-- [fill = 0]
                  00016100    00000060     buttons.obj (.text:ButtonDebounce)
                  00016160    00000060     driverlib.lib : timer.obj (.text:TimerConfigure)
                  000161c0    00000060     sysbios.aem4f : BIOS.obj (.text:ti_sysbios_knl_Task_schedule__I)
                  00016220    0000005c     kiss_fft.obj (.text:kiss_fft_stride)
                  0001627c    00000004     --HOLE-- [fill = 0]
                  00016280    0000005c     sysbios.aem4f : BIOS.obj (.text:ti_sysbios_knl_Swi_run__I)
                  000162dc    00000004     --HOLE-- [fill = 0]
                  000162e0    0000005c                   : BIOS.obj (.text:ti_sysbios_knl_Swi_schedule__I)
                  0001633c    00000004     --HOLE-- [fill = 0]
                  00016340    0000005c                   : BIOS.obj (.text:ti_sysbios_knl_Task_Module_startup__E)
                  0001639c    00000004     --HOLE-- [fill = 0]
                  000163a0    0000005c                   : BIOS.obj (.text:ti_sysbios_knl_Task_startCore__E)
                  000163fc    00000004     --HOLE-- [fill = 0]
                  00016400    0000005c     main.obj (.text:waveformTask_func)
                  0001645c    0000005b     ti.targets.arm.rtsarm.aem4f : Text.oem4f (.text:xdc_runtime_Text_putLab__E)
                  000164b7    00000001     --HOLE-- [fill = 0]
                  000164b8    0000005a     grlib.lib : string.obj (.text:FontWideGlyphDataGet)
                  00016512    00000006     driverlib.lib : sysctl.obj (.text:SysCtlDelay)
                  00016518    00000058     buttons.obj (.text:ButtonAutoRepeat)
                  00016570    00000058     boot.aem4f : boot.oem4f (.text)
                  000165c8    00000058     rtsv7M4_T_le_v4SPD16_eabi.lib : hostwrite.c.obj (.text:HOSTwrite)
                  00016620    00000058     sysbios.aem4f : m3_Hwi_asm_switch.obj (.text:ti_sysbios_family_arm_m3_Hwi_initStacks__E)
                  00016678    00000056     rtsv7M4_T_le_v4SPD16_eabi.lib : _printfi.c.obj (.text:_pconv_f)
                  000166ce    00000002     --HOLE-- [fill = 0]
                  000166d0    00000054     sampling.obj (.text:PWM_ISR)
                  00016724    00000054     rtsv7M4_T_le_v4SPD16_eabi.lib : _ltoa.c.obj (.text:__TI_ltoa)
                  00016778    00000054     sysbios.aem4f : BIOS.obj (.text:ti_sysbios_family_arm_lm4_Timer_initDevice__I)
                  000167cc    00000054     ti.targets.arm.rtsarm.aem4f : Assert.oem4f (.text:xdc_runtime_Assert_raise__I)
                  00016820    00000052     rtsv7M4_T_le_v4SPD16_eabi.lib : _printfi.c.obj (.text:_ecpy)
                  00016872    00000002     --HOLE-- [fill = 0]
                  00016874    00000050     Boot.aem4f : Boot_sysctl.oem4f (.text:_SysCtlFrequencyGet)
                  000168c4    00000004     --HOLE-- [fill = 0]
                  000168c8    00000050     sysbios.aem4f : BIOS.obj (.text:ti_sysbios_family_arm_m3_Hwi_Module_startup__E)
                  00016918    00000050     ti.targets.arm.rtsarm.aem4f : Startup.oem4f (.text:xdc_runtime_Startup_exec__E)
                  00016968    00000050                                 : Text.oem4f (.text:xdc_runtime_Text_visitRope2__I)
                  000169b8    0000004c     main.obj (.text:adjustVoltageScale)
                  00016a04    0000004c     rtsv7M4_T_le_v4SPD16_eabi.lib : atoi.c.obj (.text:atoi)
                  00016a50    0000004c                                   : cpy_tbl.c.obj (.text:copy_in)
                  00016a9c    0000004c                                   : snprintf.c.obj (.text:snprintf)
                  00016ae8    0000004c     sysbios.aem4f : BIOS.obj (.text:ti_sysbios_heaps_HeapMem_getStats__E)
                  00016b34    00000004     --HOLE-- [fill = 0]
                  00016b38    0000004c                   : BIOS.obj (.text:ti_sysbios_knl_Swi_runLoop__I)
                  00016b84    00000004     --HOLE-- [fill = 0]
                  00016b88    0000004c                   : BIOS.obj (.text:ti_sysbios_knl_Task_allBlockedFunction__I)
                  00016bd4    0000004a     grlib.lib : string.obj (.text:UpdateContextCharMapping)
                  00016c1e    00000002     --HOLE-- [fill = 0]
                  00016c20    00000048     driverlib.lib : gpio.obj (.text:GPIOPinConfigure)
                  00016c68    00000048     HAL_EK_TM4C1294XL_Crystalfontz128x128_ST7735.obj (.text:HAL_LCD_writeCommand)
                  00016cb0    00000048     sysctl_pll.obj (.text:SysCtlFrequencyGet)
                  00016cf8    00000048     main.obj (.text:getADCBufferIndex)
                  00016d40    00000048     rtsv7M4_T_le_v4SPD16_eabi.lib : fd_toi_t2.asm.obj (.text)
                  00016d88    00000048     sysbios.aem4f : BIOS.obj (.text:ti_sysbios_family_arm_lm4_Timer_enableTimers__I)
                  00016dd0    00000048                   : BIOS.obj (.text:ti_sysbios_family_arm_m3_Hwi_disableInterrupt__E)
                  00016e18    00000048                   : BIOS.obj (.text:ti_sysbios_family_arm_m3_Hwi_enableInterrupt__E)
                  00016e60    00000048                   : BIOS.obj (.text:ti_sysbios_family_arm_m3_Hwi_excReserved__I)
                  00016ea8    00000048                   : BIOS.obj (.text:ti_sysbios_knl_Mailbox_Module_startup__E)
                  00016ef0    00000048     driverlib.lib : udma.obj (.text:uDMAChannelAttributeDisable)
                  00016f38    00000046     grlib.lib : line.obj (.text:GrLineDrawH)
                  00016f7e    00000046               : line.obj (.text:GrLineDrawV)
                  00016fc4    00000046     ti.targets.arm.rtsarm.aem4f : Core-params.oem4f (.text:xdc_runtime_Core_assignParams__I)
                  0001700a    00000006                                 : System.oem4f (.text:xdc_runtime_System_Module_startup__E)
                  00017010    00000044     Crystalfontz128x128_ST7735.obj (.text:Crystalfontz128x128_SetOrientation)
                  00017054    00000004     --HOLE-- [fill = 0]
                  00017058    00000044     main.obj (.text:fallingTrigger)
                  0001709c    00000004     --HOLE-- [fill = 0]
                  000170a0    00000044     main.obj (.text:risingTrigger)
                  000170e4    00000004     --HOLE-- [fill = 0]
                  000170e8    00000044     sysbios.aem4f : BIOS.obj (.text:ti_sysbios_family_arm_lm4_Timer_isrStub__E)
                  0001712c    00000004     --HOLE-- [fill = 0]
                  00017130    00000044                   : BIOS.obj (.text:ti_sysbios_family_arm_m3_Hwi_getStackInfo__E)
                  00017174    00000004     --HOLE-- [fill = 0]
                  00017178    00000044                   : BIOS.obj (.text:ti_sysbios_knl_Swi_post__E)
                  000171bc    00000044     ti.targets.arm.rtsarm.aem4f : Error.oem4f (.text:xdc_runtime_Error_setX__E)
                  00017200    00000044                                 : SysMin.oem4f (.text:xdc_runtime_SysMin_flush__E)
                  00017244    00000044                                 : Text.oem4f (.text:xdc_runtime_Text_xprintf__I)
                  00017288    00000040     Crystalfontz128x128_ST7735.obj (.text:Crystalfontz128x128_LineDrawH)
                  000172c8    00000040     main.obj (.text:copySpectrumBuffer)
                  00017308    00000040     main.obj (.text:cpu_load_init)
                  00017348    00000040     rtsv7M4_T_le_v4SPD16_eabi.lib : u_divt2.asm.obj (.text)
                  00017388    00000040     sysbios.aem4f : BIOS.obj (.text:ti_sysbios_family_arm_lm4_Timer_startup__E)
                  000173c8    0000003e     driverlib.lib : adc.obj (.text:ADCSequenceConfigure)
                  00017406    0000003e     rtsv7M4_T_le_v4SPD16_eabi.lib : _printfi.c.obj (.text:_fcpy)
                  00017444    0000003c     driverlib.lib : ssi.obj (.text:SSIConfigSetExpClk)
                  00017480    0000003c     main.obj (.text:main)
                  000174bc    00000004     --HOLE-- [fill = 0]
                  000174c0    0000003c     sysbios.aem4f : BIOS.obj (.text:ti_sysbios_family_arm_m3_Hwi_excSvCall__I)
                  000174fc    00000004     --HOLE-- [fill = 0]
                  00017500    0000003c                   : BIOS.obj (.text:ti_sysbios_heaps_HeapMem_init__I)
                  0001753c    00000004     --HOLE-- [fill = 0]
                  00017540    0000003c                   : BIOS.obj (.text:ti_sysbios_knl_Swi_restore__E)
                  0001757c    0000003a     grlib.lib : string.obj (.text:FontGlyphDataGet)
                  000175b6    00000002     --HOLE-- [fill = 0]
                  000175b8    00000038     Crystalfontz128x128_ST7735.obj (.text:Crystalfontz128x128_Flush)
                  000175f0    00000038     rtsv7M4_T_le_v4SPD16_eabi.lib : trgmsg.c.obj (.text:__TI_writemsg)
                  00017628    00000038     main.obj (.text:copyBuffer)
                  00017660    00000038     rtsv7M4_T_le_v4SPD16_eabi.lib : fs_tod_t2.asm.obj (.text)
                  00017698    00000038     sysbios.aem4f : BIOS.obj (.text:ti_sysbios_family_arm_m3_Hwi_excNoIsr__I)
                  000176d0    00000038                   : BIOS.obj (.text:ti_sysbios_knl_Task_processVitalTaskFlag__I)
                  00017708    00000038     ti.targets.arm.rtsarm.aem4f : SysMin.oem4f (.text:xdc_runtime_SysMin_putch__E)
                  00017740    00000038                                 : System.oem4f (.text:xdc_runtime_System_atexit__E)
                  00017778    00000036     grlib.lib : line.obj (.text:GrClipCodeGet)
                  000177ae    00000002     --HOLE-- [fill = 0]
                  000177b0    00000034     driverlib.lib : sysctl.obj (.text:SysCtlPeripheralEnable)
                  000177e4    00000004     --HOLE-- [fill = 0]
                  000177e8    00000034     sampling.obj (.text:Timer0_ISR)
                  0001781c    00000034     rtsv7M4_T_le_v4SPD16_eabi.lib : trgmsg.c.obj (.text:__TI_readmsg)
                  00017850    00000034     sysbios.aem4f : BIOS.obj (.text:ti_sysbios_family_arm_m3_Hwi_excNmi__I)
                  00017884    00000004     --HOLE-- [fill = 0]
                  00017888    00000034                   : BIOS.obj (.text:ti_sysbios_hal_Hwi_checkStack)
                  000178bc    00000034     ti.targets.arm.rtsarm.aem4f : Core-label.oem4f (.text:xdc_runtime_Core_assignLabel__I)
                  000178f0    00000033                                 : Text.oem4f (.text:xdc_runtime_Text_printVisFxn__I)
                  00017923    00000005     --HOLE-- [fill = 0]
                  00017928    00000032     sysbios.aem4f : BIOS.obj (.text:ti_sysbios_hal_Hwi_initStack)
                  0001795a    00000030     rtsv7M4_T_le_v4SPD16_eabi.lib : snprintf.c.obj (.text:_outs)
                  0001798a    00000006     --HOLE-- [fill = 0]
                  00017990    00000030     main.obj (.text:cpu_load_count)
                  000179c0    00000030     rtos_pem4f.oem4f (.text:ti_sysbios_BIOS_atExitFunc__I)
                  000179f0    00000030     sysbios.aem4f : BIOS.obj (.text:ti_sysbios_family_arm_lm4_Timer_stop__E)
                  00017a20    00000030                   : BIOS.obj (.text:ti_sysbios_family_arm_m3_TaskSupport_start__E)
                  00017a50    00000030     rtos_pem4f.oem4f (.text:ti_sysbios_gates_GateHwi_Object__create__S)
                  00017a80    00000030     rtos_pem4f.oem4f (.text:ti_sysbios_gates_GateMutex_Object__create__S)
                  00017ab0    00000030     rtos_pem4f.oem4f (.text:ti_sysbios_heaps_HeapMem_Object__create__S)
                  00017ae0    00000030     sysbios.aem4f : BIOS.obj (.text:ti_sysbios_knl_Mailbox_postInit__I)
                  00017b10    00000030     rtos_pem4f.oem4f (.text:ti_sysbios_knl_Semaphore_construct)
                  00017b40    00000030     sysbios.aem4f : BIOS.obj (.text:ti_sysbios_knl_Semaphore_pendTimeout__I)
                  00017b70    00000030                   : BIOS.obj (.text:ti_sysbios_knl_Task_unblockI__E)
                  00017ba0    00000030     ti.targets.arm.rtsarm.aem4f : SysMin.oem4f (.text:xdc_runtime_SysMin_abort__E)
                  00017bd0    00000030                                 : System.oem4f (.text:xdc_runtime_System_processAtExit__E)
                  00017c00    0000002e     driverlib.lib : adc.obj (.text:ADCIntStatus)
                  00017c2e    0000002e     grlib.lib : string.obj (.text:GrStringNextCharGet)
                  00017c5c    00000004     --HOLE-- [fill = 0]
                  00017c60    0000002e     rtos_pem4f.oem4f (.text:malloc)
                  00017c8e    0000002e     rtsv7M4_T_le_v4SPD16_eabi.lib : i_tofd_t2.asm.obj (.text)
                  00017cbc    0000002c     grlib.lib : string.obj (.text:GrFontBaselineGet)
                  00017ce8    0000002c     rtos_pem4f.oem4f (.text:ti_sysbios_knl_Clock_doTick__I)
                  00017d14    00000004     --HOLE-- [fill = 0]
                  00017d18    0000002c     rtos_pem4f.oem4f (.text:ti_sysbios_knl_Queue_construct)
                  00017d44    00000004     --HOLE-- [fill = 0]
                  00017d48    0000002c     sysbios.aem4f : BIOS.obj (.text:ti_sysbios_knl_Task_restore__E)
                  00017d74    0000002c     driverlib.lib : udma.obj (.text:uDMAChannelAssign)
                  00017da0    0000002c     ti.targets.arm.rtsarm.aem4f : Text.oem4f (.text:xdc_runtime_Text_cordText__E)
                  00017dcc    0000002a     driverlib.lib : gpio.obj (.text:GPIODirModeSet)
                  00017df6    0000002a     ti.targets.arm.rtsarm.aem4f : System.oem4f (.text:xdc_runtime_System_putchar__I)
                  00017e20    00000028     sysbios.aem4f : BIOS.obj (.text:ti_sysbios_knl_Clock_addI__E)
                  00017e48    00000028                   : BIOS.obj (.text:ti_sysbios_knl_Swi_Module_startup__E)
                  00017e70    00000028     driverlib.lib : udma.obj (.text:uDMAChannelModeGet)
                  00017e98    00000026     grlib.lib : string.obj (.text:GrFontInfoGet)
                  00017ebe    00000026     sysbios.aem4f : m3_Hwi_asm.obj (.text:ti_sysbios_family_arm_m3_Hwi_pendSV__I)
                  00017ee4    00000026     ti.targets.arm.rtsarm.aem4f : System.oem4f (.text:xdc_runtime_System_avprintf__E)
                  00017f0a    00000006     --HOLE-- [fill = 0]
                  00017f10    00000024     rtos_pem4f.oem4f (.text:ti_sysbios_BIOS_errorRaiseHook__I)
                  00017f34    00000004     --HOLE-- [fill = 0]
                  00017f38    00000024     rtos_pem4f.oem4f (.text:ti_sysbios_BIOS_registerRTSLock__I)
                  00017f5c    00000004     --HOLE-- [fill = 0]
                  00017f60    00000024     rtos_pem4f.oem4f (.text:ti_sysbios_BIOS_removeRTSLock__I)
                  00017f84    00000004     --HOLE-- [fill = 0]
                  00017f88    00000024     rtos_pem4f.oem4f (.text:ti_sysbios_BIOS_startFunc__I)
                  00017fac    00000004     --HOLE-- [fill = 0]
                  00017fb0    00000024     rtos_pem4f.oem4f (.text:ti_sysbios_gates_GateMutex_Object__delete__S)
                  00017fd4    00000004     --HOLE-- [fill = 0]
                  00017fd8    00000024     sysbios.aem4f : BIOS.obj (.text:ti_sysbios_knl_Clock_Module_startup__E)
                  00017ffc    00000004     --HOLE-- [fill = 0]
                  00018000    00000024                   : BIOS.obj (.text:ti_sysbios_knl_Task_restoreHwi__E)
                  00018024    00000024     driverlib.lib : udma.obj (.text:uDMAChannelControlSet)
                  00018048    00000024                   : udma.obj (.text:uDMAChannelSizeGet)
                  0001806c    00000024     ti.targets.arm.rtsarm.aem4f : System.oem4f (.text:xdc_runtime_System_vprintf__E)
                  00018090    00000022     grlib.lib : string.obj (.text:GrFontGlyphDataGet)
                  000180b2    00000022     driverlib.lib : pwm.obj (.text:PWMGenConfigure)
                  000180d4    00000004     --HOLE-- [fill = 0]
                  000180d8    00000022     sysbios.aem4f : BIOS.obj (.text:ti_sysbios_family_arm_lm4_Timer_write__I)
                  000180fa    00000006     --HOLE-- [fill = 0]
                  00018100    00000022     rtos_pem4f.oem4f (.text:xdc_runtime_SysMin_output__I)
                  00018122    00000002     --HOLE-- [fill = 0]
                  00018124    00000020     Boot.aem4f : Boot_sysctl.oem4f (.text:_SysCtlMemTimingGet)
                  00018144    00000020     rtsv7M4_T_le_v4SPD16_eabi.lib : u_tofd_t2.asm.obj (.text)
                  00018164    00000004     --HOLE-- [fill = 0]
                  00018168    00000020     rtos_pem4f.oem4f (.text:ti_sysbios_BIOS_rtsLock__I)
                  00018188    00000020     sysbios.aem4f : m3_Hwi_asm.obj (.text:ti_sysbios_family_arm_m3_Hwi_excHandlerAsm__I)
                  000181a8    00000020                   : BIOS.obj (.text:ti_sysbios_family_arm_m3_Hwi_excHandler__I)
                  000181c8    00000020     rtos_pem4f.oem4f (.text:ti_sysbios_gates_GateHwi_Object__delete__S)
                  000181e8    00000020     rtos_pem4f.oem4f (.text:ti_sysbios_heaps_HeapMem_Object__delete__S)
                  00018208    00000020     sysbios.aem4f : BIOS.obj (.text:ti_sysbios_knl_Idle_run__E)
                  00018228    00000020     rtos_pem4f.oem4f (.text:ti_sysbios_knl_Semaphore_Object__destruct__S)
                  00018248    00000020     ti.targets.arm.rtsarm.aem4f : Registry.oem4f (.text:xdc_runtime_Registry_findById__E)
                  00018268    00000020                                 : SysMin.oem4f (.text:xdc_runtime_SysMin_Module_startup__E)
                  00018288    0000001e     driverlib.lib : adc.obj (.text:ADCSequenceDataGet)
                  000182a6    00000002     --HOLE-- [fill = 0]
                  000182a8    0000001e     Crystalfontz128x128_ST7735.obj (.text:Crystalfontz128x128_ColorTranslate)
                  000182c6    0000001e     grlib.lib : string.obj (.text:GrFontCodepageGet)
                  000182e4    0000001e     driverlib.lib : pwm.obj (.text:PWMPulseWidthSet)
                  00018302    0000001e     sysbios.aem4f : m3_Hwi_asm_switch.obj (.text:ti_sysbios_family_xxx_Hwi_switchAndRunFunc)
                  00018320    0000001c     Crystalfontz128x128_ST7735.obj (.text:Crystalfontz128x128_LineDrawV)
                  0001833c    00000004     --HOLE-- [fill = 0]
                  00018340    0000001c     main.obj (.text:buttonTask_func)
                  0001835c    0000001c     rtsv7M4_T_le_v4SPD16_eabi.lib : memccpy.c.obj (.text:memccpy)
                  00018378    0000001c     sysbios.aem4f : BIOS.obj (.text:ti_sysbios_gates_GateMutex_Instance_init__E)
                  00018394    00000004     --HOLE-- [fill = 0]
                  00018398    0000001c     rtos_pem4f.oem4f (.text:ti_sysbios_knl_Queue_Object__destruct__S)
                  000183b4    00000004     --HOLE-- [fill = 0]
                  000183b8    0000001c     sysbios.aem4f : BIOS.obj (.text:ti_sysbios_knl_Queue_get__E)
                  000183d4    00000004     --HOLE-- [fill = 0]
                  000183d8    0000001c                   : BIOS.obj (.text:ti_sysbios_knl_Queue_put__E)
                  000183f4    00000004     --HOLE-- [fill = 0]
                  000183f8    0000001c                   : BIOS.obj (.text:ti_sysbios_knl_Task_enter__I)
                  00018414    0000001c     ti.targets.arm.rtsarm.aem4f : Error.oem4f (.text:xdc_runtime_Error_raiseX__E)
                  00018430    0000001c                                 : Memory.oem4f (.text:xdc_runtime_Memory_valloc__E)
                  0001844c    0000001c                                 : SysMin.oem4f (.text:xdc_runtime_SysMin_exit__E)
                  00018468    0000001c                                 : System.oem4f (.text:xdc_runtime_System_abort__E)
                  00018484    0000001a     rtsv7M4_T_le_v4SPD16_eabi.lib : s_copysign.c.obj (.text:copysign)
                  0001849e    00000002     --HOLE-- [fill = 0]
                  000184a0    0000001a     rtos_pem4f.oem4f (.text:free)
                  000184ba    00000006     --HOLE-- [fill = 0]
                  000184c0    0000001a     rtos_pem4f.oem4f (.text:ti_sysbios_family_arm_m3_Hwi_Handle__label__S)
                  000184da    00000006     --HOLE-- [fill = 0]
                  000184e0    0000001a     rtos_pem4f.oem4f (.text:ti_sysbios_gates_GateHwi_Handle__label__S)
                  000184fa    00000006     --HOLE-- [fill = 0]
                  00018500    0000001a     rtos_pem4f.oem4f (.text:ti_sysbios_gates_GateMutex_Handle__label__S)
                  0001851a    00000006     --HOLE-- [fill = 0]
                  00018520    0000001a     rtos_pem4f.oem4f (.text:ti_sysbios_heaps_HeapMem_Handle__label__S)
                  0001853a    00000006     --HOLE-- [fill = 0]
                  00018540    0000001a     rtos_pem4f.oem4f (.text:ti_sysbios_knl_Swi_Handle__label__S)
                  0001855a    00000006     --HOLE-- [fill = 0]
                  00018560    0000001a     rtos_pem4f.oem4f (.text:ti_sysbios_knl_Task_Handle__label__S)
                  0001857a    00000006     --HOLE-- [fill = 0]
                  00018580    0000001a     rtos_pem4f.oem4f (.text:xdc_runtime_System_aprintf__E)
                  0001859a    00000006     --HOLE-- [fill = 0]
                  000185a0    0000001a     rtos_pem4f.oem4f (.text:xdc_runtime_System_printf__E)
                  000185ba    00000018     driverlib.lib : adc.obj (.text:ADCClockConfigSet)
                  000185d2    00000018                   : adc.obj (.text:ADCProcessorTrigger)
                  000185ea    00000018                   : gpio.obj (.text:GPIOPinTypeGPIOOutput)
                  00018602    00000002     --HOLE-- [fill = 0]
                  00018604    00000018     rtsv7M4_T_le_v4SPD16_eabi.lib : args_main.c.obj (.text:_args_main)
                  0001861c    00000018                                   : snprintf.c.obj (.text:_outc)
                  00018634    00000004     --HOLE-- [fill = 0]
                  00018638    00000018     rtos_pem4f.oem4f (.text:ti_sysbios_BIOS_rtsUnlock__I)
                  00018650    00000018     rtos_pem4f.oem4f (.text:ti_sysbios_family_arm_lm4_Timer_Module__startupDone__F)
                  00018668    00000018     rtos_pem4f.oem4f (.text:ti_sysbios_family_arm_m3_Hwi_Module__startupDone__F)
                  00018680    00000018     sysbios.aem4f : m3_TaskSupport_asm.obj (.text:ti_sysbios_family_arm_m3_TaskSupport_swap__E)
                  00018698    00000018                   : BIOS.obj (.text:ti_sysbios_gates_GateMutex_leave__E)
                  000186b0    00000018     driverlib.lib : udma.obj (.text:uDMAChannelEnable)
                  000186c8    00000018                   : udma.obj (.text:uDMAChannelIsEnabled)
                  000186e0    00000018     ti.targets.arm.rtsarm.aem4f : Error.oem4f (.text:xdc_runtime_Error_check__E)
                  000186f8    00000018                                 : System.oem4f (.text:xdc_runtime_System_exit__E)
                  00018710    00000018                                 : Text.oem4f (.text:xdc_runtime_Text_ropeText__E)
                  00018728    00000016     grlib.lib : string.obj (.text:GrStringDraw)
                  0001873e    00000016     driverlib.lib : timer.obj (.text:TimerControlEvent)
                  00018754    00000016     rtsv7M4_T_le_v4SPD16_eabi.lib : strchr.c.obj (.text:strchr)
                  0001876a    00000006     --HOLE-- [fill = 0]
                  00018770    00000016     rtos_pem4f.oem4f (.text:ti_sysbios_BIOS_exitFunc__I)
                  00018786    00000002     --HOLE-- [fill = 0]
                  00018788    00000016     sysbios.aem4f : BIOS.obj (.text:ti_sysbios_knl_Task_unblock__E)
                  0001879e    00000002     --HOLE-- [fill = 0]
                  000187a0    00000014     Crystalfontz128x128_ST7735.obj (.text:Crystalfontz128x128_PixelDraw)
                  000187b4    00000014     driverlib.lib : pwm.obj (.text:PWMClockSet)
                  000187c8    00000014                   : timer.obj (.text:TimerDisable)
                  000187dc    00000014     rtsv7M4_T_le_v4SPD16_eabi.lib : strlen.c.obj (.text:strlen)
                  000187f0    00000014     rtos_pem4f.oem4f (.text:ti_sysbios_family_arm_m3_Hwi_Object__get__S)
                  00018804    00000004     --HOLE-- [fill = 0]
                  00018808    00000014     sysbios.aem4f : BIOS.obj (.text:ti_sysbios_family_arm_m3_Hwi_switchFromBootStack__E)
                  0001881c    00000004     --HOLE-- [fill = 0]
                  00018820    00000014     rtos_pem4f.oem4f (.text:ti_sysbios_heaps_HeapMem_Object__get__S)
                  00018834    00000004     --HOLE-- [fill = 0]
                  00018838    00000014     rtos_pem4f.oem4f (.text:ti_sysbios_knl_Mailbox_Object__get__S)
                  0001884c    00000004     --HOLE-- [fill = 0]
                  00018850    00000014     rtos_pem4f.oem4f (.text:ti_sysbios_knl_Swi_Object__get__S)
                  00018864    00000012     driverlib.lib : gpio.obj (.text:GPIOPinTypeADC)
                  00018876    00000012                   : gpio.obj (.text:GPIOPinTypeGPIOInput)
                  00018888    00000012                   : gpio.obj (.text:GPIOPinTypePWM)
                  0001889a    00000012                   : gpio.obj (.text:GPIOPinTypeSSI)
                  000188ac    00000012                   : gpio.obj (.text:GPIOPinTypeTimer)
                  000188be    00000012                   : pwm.obj (.text:PWMOutputState)
                  000188d0    00000012                   : timer.obj (.text:TimerLoadSet)
                  000188e2    00000012                   : timer.obj (.text:TimerPrescaleSet)
                  000188f4    00000004     --HOLE-- [fill = 0]
                  000188f8    00000012     sysbios.aem4f : BIOS.obj (.text:ti_sysbios_hal_Hwi_Module_startup__E)
                  0001890a    00000012     rtsv7M4_T_le_v4SPD16_eabi.lib : wcslen.c.obj (.text:wcslen)
                  0001891c    00000004     --HOLE-- [fill = 0]
                  00018920    00000012     rtos_pem4f.oem4f (.text:xdc_runtime_Startup_exec__I)
                  00018932    00000006     --HOLE-- [fill = 0]
                  00018938    00000010     rtos_pem4f.oem4f (.text:.bootCodeSection:ti_catalog_arm_cortexm4_tiva_ce_Boot_init__I)
                  00018948    00000010     driverlib.lib : adc.obj (.text:ADCSequenceDMAEnable)
                  00018958    00000010                   : interrupt.obj (.text:IntMasterDisable)
                  00018968    00000010                   : interrupt.obj (.text:IntMasterEnable)
                  00018978    00000010                   : pwm.obj (.text:PWMGenPeriodSet)
                  00018988    00000010     main.obj (.text:setPWMPeriod)
                  00018998    00000010     sysbios.aem4f : BIOS.obj (.text:ti_sysbios_BIOS_setThreadType__E)
                  000189a8    00000010                   : BIOS.obj (.text:ti_sysbios_BIOS_start__E)
                  000189b8    00000010                   : m3_TaskSupport_asm.obj (.text:ti_sysbios_family_arm_m3_TaskSupport_glue)
                  000189c8    00000010                   : BIOS.obj (.text:ti_sysbios_gates_GateMutex_Instance_finalize__E)
                  000189d8    00000010                   : BIOS.obj (.text:ti_sysbios_knl_Semaphore_Instance_finalize__E)
                  000189e8    00000010                   : BIOS.obj (.text:ti_sysbios_knl_Swi_disable__E)
                  000189f8    00000010     rtos_pem4f.oem4f (.text:ti_sysbios_knl_Task_Object__get__S)
                  00018a08    00000010     sysbios.aem4f : BIOS.obj (.text:ti_sysbios_knl_Task_disable__E)
                  00018a18    00000010     driverlib.lib : udma.obj (.text:uDMAEnable)
                  00018a28    00000010     ti.targets.arm.rtsarm.aem4f : Gate.oem4f (.text:xdc_runtime_Gate_leaveSystem__E)
                  00018a38    00000010                                 : Memory.oem4f (.text:xdc_runtime_Memory_free__E)
                  00018a48    00000010                                 : SysMin.oem4f (.text:xdc_runtime_SysMin_ready__E)
                  00018a58    00000010                                 : System.oem4f (.text:xdc_runtime_System_vsnprintf__E)
                  00018a68    00000010     rtos_pem4f.oem4f (.text:xdc_runtime_Text_visitRope__I)
                  00018a78    0000000e     driverlib.lib : adc.obj (.text:ADCSequenceDisable)
                  00018a86    0000000e                   : adc.obj (.text:ADCSequenceEnable)
                  00018a94    0000000e                   : timer.obj (.text:TimerEnable)
                  00018aa2    0000000e     rtsv7M4_T_le_v4SPD16_eabi.lib : copy_decompress_none.c.obj (.text:decompress:none:__TI_decompress_none)
                  00018ab0    0000000e     sysbios.aem4f : BIOS.obj (.text:ti_sysbios_knl_Idle_loop__E)
                  00018abe    00000002     --HOLE-- [fill = 0]
                  00018ac0    0000000e                   : BIOS.obj (.text:ti_sysbios_knl_Queue_empty__E)
                  00018ace    0000000c     driverlib.lib : cpu.obj (.text:CPUcpsid)
                  00018ada    0000000c                   : cpu.obj (.text:CPUcpsie)
                  00018ae6    00000002     --HOLE-- [fill = 0]
                  00018ae8    0000000c     HAL_EK_TM4C1294XL_Crystalfontz128x128_ST7735.obj (.text:HAL_LCD_writeData)
                  00018af4    0000000c     driverlib.lib : pwm.obj (.text:PWMGenEnable)
                  00018b00    0000000c     rtsv7M4_T_le_v4SPD16_eabi.lib : _lock.c.obj (.text:_register_lock)
                  00018b0c    0000000c                                   : _lock.c.obj (.text:_register_unlock)
                  00018b18    0000000c     main.obj (.text:buttonSchedule_func)
                  00018b24    0000000c     rtsv7M4_T_le_v4SPD16_eabi.lib : copy_zero_init.c.obj (.text:decompress:ZI:__TI_zero_init)
                  00018b30    0000000c     sysbios.aem4f : BIOS.obj (.text:ti_sysbios_family_arm_lm4_Timer_getMaxTicks__E)
                  00018b3c    00000004     --HOLE-- [fill = 0]
                  00018b40    0000000c                   : BIOS.obj (.text:ti_sysbios_family_arm_m3_TaskSupport_checkStack__E)
                  00018b4c    00000004     --HOLE-- [fill = 0]
                  00018b50    0000000c                   : BIOS.obj (.text:ti_sysbios_gates_GateHwi_enter__E)
                  00018b5c    00000004     --HOLE-- [fill = 0]
                  00018b60    0000000c     rtos_pem4f.oem4f (.text:ti_sysbios_knl_Queue_Object__get__S)
                  00018b6c    0000000c     driverlib.lib : udma.obj (.text:uDMAControlBaseSet)
                  00018b78    0000000c     ti.targets.arm.rtsarm.aem4f : Error.oem4f (.text:xdc_runtime_Error_init__E)
                  00018b84    0000000c                                 : Gate.oem4f (.text:xdc_runtime_Gate_enterSystem__E)
                  00018b90    0000000c                                 : Memory.oem4f (.text:xdc_runtime_Memory_calloc__E)
                  00018b9c    0000000c                                 : Memory.oem4f (.text:xdc_runtime_Memory_getMaxDefaultTypeAlign__E)
                  00018ba8    0000000a     driverlib.lib : adc.obj (.text:ADCIntClear)
                  00018bb2    0000000a                   : pwm.obj (.text:PWMGenIntTrigEnable)
                  00018bbc    0000000a                   : pwm.obj (.text:PWMIntDisable)
                  00018bc6    0000000a                   : ssi.obj (.text:SSIDataPut)
                  00018bd0    0000000a                   : ssi.obj (.text:SSIEnable)
                  00018bda    0000000a                   : timer.obj (.text:TimerIntStatus)
                  00018be4    0000000a                   : timer.obj (.text:TimerValueGet)
                  00018bee    00000002     --HOLE-- [fill = 0]
                  00018bf0    0000000a     rtos_pem4f.oem4f (.text:xdc_runtime_IHeap_alloc)
                  00018bfa    00000006     --HOLE-- [fill = 0]
                  00018c00    0000000a     rtos_pem4f.oem4f (.text:xdc_runtime_IHeap_free)
                  00018c0a    00000008     driverlib.lib : adc.obj (.text:ADCIntEnableEx)
                  00018c12    00000008     grlib.lib : charmap.obj (.text:GrMapISO8859_1_Unicode)
                  00018c1a    00000008     driverlib.lib : pwm.obj (.text:PWMIntEnable)
                  00018c22    00000008                   : ssi.obj (.text:SSIBusy)
                  00018c2a    00000008                   : timer.obj (.text:TimerIntEnable)
                  00018c32    00000002     --HOLE-- [fill = 0]
                  00018c34    00000008     rtsv7M4_T_le_v4SPD16_eabi.lib : errno.c.obj (.text:__aeabi_errno_addr)
                  00018c3c    00000008     sysbios.aem4f : BIOS.obj (.text:ti_sysbios_family_arm_lm4_Timer_masterDisable__I)
                  00018c44    00000004     --HOLE-- [fill = 0]
                  00018c48    00000008                   : BIOS.obj (.text:ti_sysbios_family_arm_m3_Hwi_doSwiRestore__I)
                  00018c50    00000008                   : BIOS.obj (.text:ti_sysbios_family_arm_m3_Hwi_startup__E)
                  00018c58    00000006     kiss_fft.obj (.text:kiss_fft)
                  00018c5e    00000002     --HOLE-- [fill = 0]
                  00018c60    00000006     sysbios.aem4f : BIOS.obj (.text:ti_sysbios_family_arm_lm4_TimestampProvider_Module_startup__E)
                  00018c66    00000002     --HOLE-- [fill = 0]
                  00018c68    00000006                   : BIOS.obj (.text:ti_sysbios_family_arm_m3_Hwi_doTaskRestore__I)
                  00018c6e    00000002     --HOLE-- [fill = 0]
                  00018c70    00000006                   : BIOS.obj (.text:ti_sysbios_gates_GateHwi_leave__E)
                  00018c76    00000002     --HOLE-- [fill = 0]
                  00018c78    00000006                   : BIOS.obj (.text:ti_sysbios_heaps_HeapMem_isBlocking__E)
                  00018c7e    00000002     --HOLE-- [fill = 0]
                  00018c80    00000006                   : BIOS.obj (.text:ti_sysbios_knl_Queue_Instance_init__E)
                  00018c86    00000002     --HOLE-- [fill = 0]
                  00018c88    00000006                   : BIOS.obj (.text:ti_sysbios_knl_Swi_startup__E)
                  00018c8e    00000002     --HOLE-- [fill = 0]
                  00018c90    00000004     rtos_pem4f.oem4f (.text:ti_sysbios_BIOS_RtsGateProxy_enter__E)
                  00018c94    00000004     --HOLE-- [fill = 0]
                  00018c98    00000004     rtos_pem4f.oem4f (.text:ti_sysbios_BIOS_RtsGateProxy_leave__E)
                  00018c9c    00000004     --HOLE-- [fill = 0]
                  00018ca0    00000004     rtos_pem4f.oem4f (.text:ti_sysbios_family_arm_m3_TaskSupport_Module__startupDone__S)
                  00018ca4    00000004     --HOLE-- [fill = 0]
                  00018ca8    00000004     sysbios.aem4f : BIOS.obj (.text:ti_sysbios_gates_GateHwi_query__E)
                  00018cac    00000004     --HOLE-- [fill = 0]
                  00018cb0    00000004                   : BIOS.obj (.text:ti_sysbios_gates_GateMutex_query__E)
                  00018cb4    00000004     --HOLE-- [fill = 0]
                  00018cb8    00000004     rtos_pem4f.oem4f (.text:ti_sysbios_heaps_HeapMem_Module_GateProxy_enter__E)
                  00018cbc    00000004     --HOLE-- [fill = 0]
                  00018cc0    00000004     rtos_pem4f.oem4f (.text:ti_sysbios_heaps_HeapMem_Module_GateProxy_leave__E)
                  00018cc4    00000004     --HOLE-- [fill = 0]
                  00018cc8    00000004     rtos_pem4f.oem4f (.text:ti_sysbios_knl_Clock_TimerProxy_getMaxTicks__E)
                  00018ccc    00000004     --HOLE-- [fill = 0]
                  00018cd0    00000004     rtos_pem4f.oem4f (.text:ti_sysbios_knl_Queue_destruct)
                  00018cd4    00000004     --HOLE-- [fill = 0]
                  00018cd8    00000004     rtos_pem4f.oem4f (.text:ti_sysbios_knl_Semaphore_destruct)
                  00018cdc    00000004     --HOLE-- [fill = 0]
                  00018ce0    00000004     sysbios.aem4f : BIOS.obj (.text:ti_sysbios_knl_Task_startup__E)
                  00018ce4    00000004     --HOLE-- [fill = 0]
                  00018ce8    00000004     rtos_pem4f.oem4f (.text:xdc_runtime_System_Module_GateProxy_enter__E)
                  00018cec    00000004     --HOLE-- [fill = 0]
                  00018cf0    00000004     rtos_pem4f.oem4f (.text:xdc_runtime_System_Module_GateProxy_leave__E)
                  00018cf4    00000004     --HOLE-- [fill = 0]
                  00018cf8    00000002     rtos_pem4f.oem4f (.text:ti_sysbios_BIOS_nullFunc__I)
                  00018cfa    00000006     --HOLE-- [fill = 0]
                  00018d00    00000002     sysbios.aem4f : BIOS.obj (.text:ti_sysbios_gates_GateHwi_Instance_init__E)
                  00018d02    00000006     --HOLE-- [fill = 0]
                  00018d08    00000002                   : BIOS.obj (.text:ti_sysbios_knl_Clock_logTick__E)
                  00018d0a    00000006     --HOLE-- [fill = 0]
                  00018d10    00000002     rtos_pem4f.oem4f (.text:xdc_runtime_Startup_reset__I)

.cinit     0    00018d18    000002f8     
                  00018d18    000002be     (.cinit..data.load) [load image, compression = lzss]
                  00018fd6    00000002     --HOLE-- [fill = 0]
                  00018fd8    0000000c     (__TI_handler_table)
                  00018fe4    00000004     --HOLE-- [fill = 0]
                  00018fe8    00000008     (.cinit..bss.load) [load image, compression = zero_init]
                  00018ff0    00000008     (.cinit..vecs.load) [load image, compression = zero_init]
                  00018ff8    00000018     (__TI_cinit_table)

.init_array 
*          0    00000000    00000000     UNINITIALIZED

.resetVecs 
*          0    00000000    0000003c     
                  00000000    0000003c     rtos_pem4f.oem4f (.resetVecs)

.bss       0    20000400    0000af80     UNINITIALIZED
                  20000400    00002108     main.obj (.bss:kiss_fft_cfg_buffer$1)
                  20002508    00002000     main.obj (.bss:in$2)
                  20004508    00002000     main.obj (.bss:out$3)
                  20006508    00001400     rtos_pem4f.oem4f (.bss:taskStackSection)
                  20007908    00001000     main.obj (.bss:w$4)
                  20008908    00001000     (.common:gADCBuffer)
                  20009908    00000800     (.common:spectrumWaveBuffer)
                  2000a108    00000200     (.common:displayWaveBuffer)
                  2000a308    00000080     (.common:xdc_runtime_SysMin_Module_State_0_outbuf__A)
                  2000a388    00000014     buttons.obj (.bss:state$1)
                  2000a39c    00000004     (.common:g_psGrLibDefaults)
                  2000a3a0    00000010     (.common:ti_sysbios_knl_Mailbox_Instance_State_0_allocBuf__A)
                  2000a3b0    00000008     (.common:parmbuf)
                  2000a3b8    00000002     (.common:Lcd_ScreenHeigth)
                  2000a3ba    00000002     (.common:Lcd_ScreenWidth)
                  2000a3bc    00000002     (.common:Lcd_TouchTrim)
                  2000a3be    00000001     (.common:Lcd_FlagRead)
                  2000a3bf    00000001     (.common:Lcd_FontSolid)
                  2000a3c0    00000001     (.common:Lcd_Orientation)
                  2000a3c1    00000001     (.common:Lcd_PenSolid)
                  2000a3c2    0000003e     --HOLE--
                  2000a400    00000400     (.common:gDMAControlTable)
                  2000a800    00000400     (.common:ti_sysbios_heaps_HeapMem_Instance_State_0_buf__A)
                  2000ac00    00000360     (.common:ti_sysbios_family_arm_m3_Hwi_dispatchTable)
                  2000af60    00000200     (.common:out_dB)
                  2000b160    00000120     rtsv7M4_T_le_v4SPD16_eabi.lib : trgmsg.c.obj (.bss:_CIOBUF_)
                  2000b280    00000100     (.common:rawWaveBuffer)

.data      0    2000b380    000086ec     UNINITIALIZED
                  2000b380    00008000     Crystalfontz128x128_ST7735.obj (.data:Lcd_buffer)
                  20013380    000001c8     rtos_pem4f.oem4f (.data:ti_sysbios_knl_Task_Object__table__V)
                  20013548    00000080     rtos_pem4f.oem4f (.data:ti_sysbios_knl_Swi_Module_State_0_readyQ__A)
                  200135c8    00000080     rtos_pem4f.oem4f (.data:ti_sysbios_knl_Task_Module_State_0_readyQ__A)
                  20013648    00000060     rtos_pem4f.oem4f (.data:ti_sysbios_family_arm_m3_Hwi_Object__table__V)
                  200136a8    00000050     rtos_pem4f.oem4f (.data:ti_sysbios_knl_Mailbox_Object__table__V)
                  200136f8    00000050     rtos_pem4f.oem4f (.data:ti_sysbios_knl_Semaphore_Object__table__V)
                  20013748    00000044     rtos_pem4f.oem4f (.data:ti_sysbios_knl_Task_Module__state__V)
                  2001378c    00000040     rtos_pem4f.oem4f (.data:ti_sysbios_family_arm_lm4_Timer_Module_State_0_device__A)
                  200137cc    00000040     rtos_pem4f.oem4f (.data:ti_sysbios_family_arm_lm4_Timer_Object__table__V)
                  2001380c    00000038     rtos_pem4f.oem4f (.data:ti_sysbios_gates_GateMutex_Object__table__V)
                  20013844    00000034     rtos_pem4f.oem4f (.data:ti_sysbios_family_arm_m3_Hwi_Module__state__V)
                  20013878    00000030     rtos_pem4f.oem4f (.data:ti_sysbios_knl_Swi_Object__table__V)
                  200138a8    0000002c     rtos_pem4f.oem4f (.data:ti_sysbios_knl_Clock_Module__state__V)
                  200138d4    00000024     buttons.obj (.data:count$2)
                  200138f8    00000024     rtos_pem4f.oem4f (.data:ti_sysbios_BIOS_Module__state__V)
                  2001391c    00000020     main.obj (.data)
                  2001393c    00000020     rtos_pem4f.oem4f (.data:ti_sysbios_family_arm_lm4_Timer_Module_State_0_handles__A)
                  2001395c    00000020     rtos_pem4f.oem4f (.data:ti_sysbios_knl_Clock_Object__table__V)
                  2001397c    0000001c     sampling.obj (.data)
                  20013998    0000001c     rtos_pem4f.oem4f (.data:ti_sysbios_knl_Swi_Module__state__V)
                  200139b4    00000018     rtos_pem4f.oem4f (.data:ti_sysbios_heaps_HeapMem_Object__table__V)
                  200139cc    0000000c     rtos_pem4f.oem4f (.data:ti_sysbios_family_arm_lm4_Timer_Module__state__V)
                  200139d8    0000000c     rtos_pem4f.oem4f (.data:xdc_runtime_SysMin_Module__state__V)
                  200139e4    00000008     rtsv7M4_T_le_v4SPD16_eabi.lib : _lock.c.obj (.data:$O1$$)
                  200139ec    00000008     buttons.obj (.data:gJoystick)
                  200139f4    00000008     rtos_pem4f.oem4f (.data:ti_sysbios_family_arm_lm4_TimestampProvider_Module__state__V)
                  200139fc    00000008     rtos_pem4f.oem4f (.data:ti_sysbios_gates_GateHwi_Module__root__V)
                  20013a04    00000008     rtos_pem4f.oem4f (.data:ti_sysbios_gates_GateHwi_Object__table__V)
                  20013a0c    00000008     rtos_pem4f.oem4f (.data:ti_sysbios_gates_GateMutex_Module__root__V)
                  20013a14    00000008     rtos_pem4f.oem4f (.data:ti_sysbios_heaps_HeapMem_Module__root__V)
                  20013a1c    00000008     rtos_pem4f.oem4f (.data:ti_sysbios_knl_Queue_Module__root__V)
                  20013a24    00000008     rtos_pem4f.oem4f (.data:ti_sysbios_knl_Semaphore_Module__root__V)
                  20013a2c    00000008     rtos_pem4f.oem4f (.data:xdc_runtime_Registry_Module__state__V)
                  20013a34    00000008     rtos_pem4f.oem4f (.data:xdc_runtime_Startup_Module__state__V)
                  20013a3c    00000008     rtos_pem4f.oem4f (.data:xdc_runtime_System_Module_State_0_atexitHandlers__A)
                  20013a44    00000008     rtos_pem4f.oem4f (.data:xdc_runtime_System_Module__state__V)
                  20013a4c    00000004     buttons.obj (.data)
                  20013a50    00000004     rtsv7M4_T_le_v4SPD16_eabi.lib : errno.c.obj (.data)
                  20013a54    00000004                                   : stkdepth_vars.c.obj (.data)
                  20013a58    00000004     rtos_pem4f.oem4f (.data:ti_sysbios_family_arm_m3_Hwi_Module_State_0_excContext__A)
                  20013a5c    00000004     rtos_pem4f.oem4f (.data:ti_sysbios_family_arm_m3_Hwi_Module_State_0_excStack__A)
                  20013a60    00000004     rtos_pem4f.oem4f (.data:ti_sysbios_knl_Task_Module_State_0_idleTask__A)
[...]
00018541  ti_sysbios_knl_Swi_Handle__label__S                                  
00018561  ti_sysbios_knl_Task_Handle__label__S                                 
00018581  xdc_runtime_System_aprintf__E                                        
000185a1  xdc_runtime_System_printf__E                                         
000185bb  ADCClockConfigSet                                                    
000185d3  ADCProcessorTrigger                                                  
000185eb  GPIOPinTypeGPIOOutput                                                
00018605  _args_main                                                           
00018639  ti_sysbios_BIOS_rtsUnlock__I                                         
00018651  ti_sysbios_family_arm_lm4_Timer_Module__startupDone__F               
00018651  ti_sysbios_family_arm_lm4_Timer_Module__startupDone__S               
00018651  ti_sysbios_knl_Clock_TimerProxy_Module__startupDone__S               
00018669  ti_sysbios_family_arm_m3_Hwi_Module__startupDone__F                  
00018669  ti_sysbios_family_arm_m3_Hwi_Module__startupDone__S                  
00018669  ti_sysbios_hal_Hwi_HwiProxy_Module__startupDone__S                   
00018681  ti_sysbios_family_arm_m3_TaskSupport_swap__E                         
00018681  ti_sysbios_knl_Task_SupportProxy_swap__E                             
0001868d  ti_sysbios_knl_Task_swapReturn                                       
00018699  ti_sysbios_gates_GateMutex_leave__E                                  
000186b1  uDMAChannelEnable                                                    
000186c9  uDMAChannelIsEnabled                                                 
000186e1  xdc_runtime_Error_check__E                                           
000186f9  xdc_runtime_System_exit__E                                           
00018711  xdc_runtime_Text_ropeText__E                                         
00018729  GrStringDraw                                                         
0001873f  TimerControlEvent                                                    
00018755  strchr                                                               
00018771  ti_sysbios_BIOS_exitFunc__I                                          
00018789  ti_sysbios_knl_Task_unblock__E                                       
000187b5  PWMClockSet                                                          
000187c9  TimerDisable                                                         
000187dd  strlen                                                               
000187f1  ti_sysbios_family_arm_m3_Hwi_Object__get__S                          
00018809  ti_sysbios_family_arm_m3_Hwi_switchFromBootStack__E                  
00018809  ti_sysbios_hal_Hwi_HwiProxy_switchFromBootStack__E                   
00018809  ti_sysbios_hal_Hwi_switchFromBootStack__E                            
00018821  ti_sysbios_heaps_HeapMem_Object__get__S                              
00018839  ti_sysbios_knl_Mailbox_Object__get__S                                
00018851  ti_sysbios_knl_Swi_Object__get__S                                    
00018865  GPIOPinTypeADC                                                       
00018877  GPIOPinTypeGPIOInput                                                 
00018889  GPIOPinTypePWM                                                       
0001889b  GPIOPinTypeSSI                                                       
000188ad  GPIOPinTypeTimer                                                     
000188bf  PWMOutputState                                                       
000188d1  TimerLoadSet                                                         
000188e3  TimerPrescaleSet                                                     
000188f9  ti_sysbios_hal_Hwi_Module_startup__E                                 
0001890b  wcslen                                                               
00018921  xdc_runtime_Startup_exec__I                                          
00018939  ti_catalog_arm_cortexm4_tiva_ce_Boot_init__I                         
00018949  ADCSequenceDMAEnable                                                 
00018959  IntMasterDisable                                                     
00018969  IntMasterEnable                                                      
00018979  PWMGenPeriodSet                                                      
00018989  setPWMPeriod                                                         
00018999  ti_sysbios_BIOS_setThreadType__E                                     
000189a9  ti_sysbios_BIOS_start__E                                             
000189b9  ti_sysbios_family_arm_m3_TaskSupport_glue                            
000189c9  ti_sysbios_gates_GateMutex_Instance_finalize__E                      
000189d9  ti_sysbios_knl_Semaphore_Instance_finalize__E                        
000189e9  ti_sysbios_knl_Swi_disable__E                                        
000189f9  ti_sysbios_knl_Task_Object__get__S                                   
00018a09  ti_sysbios_knl_Task_disable__E                                       
00018a19  uDMAEnable                                                           
00018a29  xdc_runtime_Gate_leaveSystem__E                                      
00018a39  xdc_runtime_Memory_free__E                                           
00018a49  xdc_runtime_SysMin_ready__E                                          
00018a49  xdc_runtime_System_SupportProxy_ready__E                             
00018a59  xdc_runtime_System_vsnprintf__E                                      
00018a69  xdc_runtime_Text_visitRope__I                                        
00018a79  ADCSequenceDisable                                                   
00018a87  ADCSequenceEnable                                                    
00018a95  TimerEnable                                                          
00018aa3  __TI_decompress_none                                                 
00018ab1  ti_sysbios_knl_Idle_loop__E                                          
00018ac1  ti_sysbios_knl_Queue_empty__E                                        
00018acf  CPUcpsid                                                             
00018adb  CPUcpsie                                                             
00018ae9  HAL_LCD_writeData                                                    
00018af5  PWMGenEnable                                                         
00018b01  _register_lock                                                       
00018b0d  _register_unlock                                                     
00018b19  buttonSchedule_func                                                  
00018b25  __TI_zero_init                                                       
00018b31  ti_sysbios_family_arm_lm4_Timer_getMaxTicks__E                       
00018b41  ti_sysbios_family_arm_m3_TaskSupport_checkStack__E                   
00018b41  ti_sysbios_knl_Task_SupportProxy_checkStack__E                       
00018b51  ti_sysbios_gates_GateHwi_enter__E                                    
00018b61  ti_sysbios_knl_Queue_Object__get__S                                  
00018b6d  uDMAControlBaseSet                                                   
00018b79  xdc_runtime_Error_init__E                                            
00018b85  xdc_runtime_Gate_enterSystem__E                                      
00018b91  xdc_runtime_Memory_calloc__E                                         
00018b9d  xdc_runtime_Memory_getMaxDefaultTypeAlign__E                         
00018ba9  ADCIntClear                                                          
00018bb3  PWMGenIntTrigEnable                                                  
00018bbd  PWMIntDisable                                                        
00018bc7  SSIDataPut                                                           
00018bd1  SSIEnable                                                            
00018bdb  TimerIntStatus                                                       
00018be5  TimerValueGet                                                        
00018bf1  xdc_runtime_Memory_HeapProxy_alloc__E                                
00018c01  xdc_runtime_Memory_HeapProxy_free__E                                 
00018c0b  ADCIntEnableEx                                                       
00018c13  GrMapISO8859_1_Unicode                                               
00018c1b  PWMIntEnable                                                         
00018c23  SSIBusy                                                              
00018c2b  TimerIntEnable                                                       
00018c35  __aeabi_errno_addr                                                   
00018c3d  ti_sysbios_family_arm_lm4_Timer_masterDisable__I                     
00018c49  ti_sysbios_family_arm_m3_Hwi_doSwiRestore__I                         
00018c51  ti_sysbios_family_arm_m3_Hwi_startup__E                              
00018c51  ti_sysbios_hal_Hwi_HwiProxy_startup__E                               
00018c51  ti_sysbios_hal_Hwi_startup__E                                        
00018c59  kiss_fft                                                             
00018c61  ti_sysbios_family_arm_lm4_TimestampProvider_Module_startup__E        
00018c69  ti_sysbios_family_arm_m3_Hwi_doTaskRestore__I                        
00018c71  ti_sysbios_gates_GateHwi_leave__E                                    
00018c79  ti_sysbios_heaps_HeapMem_isBlocking__E                               
00018c81  ti_sysbios_knl_Queue_Instance_init__E                                
00018c89  ti_sysbios_knl_Swi_startup__E                                        
00018c91  ti_sysbios_BIOS_RtsGateProxy_enter__E                                
00018c99  ti_sysbios_BIOS_RtsGateProxy_leave__E                                
00018ca1  ti_sysbios_family_arm_m3_TaskSupport_Module__startupDone__S          
00018ca1  ti_sysbios_knl_Task_SupportProxy_Module__startupDone__S              
00018ca9  ti_sysbios_gates_GateHwi_query__E                                    
00018ca9  xdc_runtime_Main_Module_GateProxy_query__E                           
00018ca9  xdc_runtime_System_Module_GateProxy_query__E                         
00018cb1  ti_sysbios_BIOS_RtsGateProxy_query__E                                
00018cb1  ti_sysbios_gates_GateMutex_query__E                                  
00018cb1  ti_sysbios_heaps_HeapMem_Module_GateProxy_query__E                   
00018cb9  ti_sysbios_heaps_HeapMem_Module_GateProxy_enter__E                   
00018cc1  ti_sysbios_heaps_HeapMem_Module_GateProxy_leave__E                   
00018cc9  ti_sysbios_knl_Clock_TimerProxy_getMaxTicks__E                       
00018cd1  ti_sysbios_knl_Queue_destruct                                        
00018cd9  ti_sysbios_knl_Semaphore_destruct                                    
00018ce1  ti_sysbios_knl_Task_startup__E                                       
00018ce9  xdc_runtime_System_Module_GateProxy_enter__E                         
00018cf1  xdc_runtime_System_Module_GateProxy_leave__E                         
00018cf9  ti_sysbios_BIOS_nullFunc__I                                          
00018d01  ti_sysbios_gates_GateHwi_Instance_init__E                            
00018d09  ti_sysbios_knl_Clock_logTick__E                                      
00018d11  xdc_runtime_Startup_reset__I                                         
00018d18  __TI_static_base__                                                   
00018fd8  __TI_Handler_Table_Base                                              
00018fe4  __TI_Handler_Table_Limit                                             
00018ff8  __TI_CINIT_Base                                                      
00019010  __TI_CINIT_Limit                                                     
20000000  __start___llvm_prf_cnts                                              
20000000  __stop___llvm_prf_cnts                                               
20000000  ti_sysbios_family_arm_m3_Hwi_ramVectors                              
20006508  ti_sysbios_knl_Task_Instance_State_0_stack__A                        
20006708  ti_sysbios_knl_Task_Instance_State_1_stack__A                        
20006b08  ti_sysbios_knl_Task_Instance_State_2_stack__A                        
20007308  ti_sysbios_knl_Task_Instance_State_3_stack__A                        
20007508  ti_sysbios_knl_Task_Instance_State_4_stack__A                        
20007708  ti_sysbios_knl_Task_Instance_State_5_stack__A                        
20008908  gADCBuffer                                                           
20009908  spectrumWaveBuffer                                                   
2000a108  displayWaveBuffer                                                    
2000a308  xdc_runtime_SysMin_Module_State_0_outbuf__A                          
2000a3a0  ti_sysbios_knl_Mailbox_Instance_State_0_allocBuf__A                  
2000a3b0  parmbuf                                                              
2000a3b8  Lcd_ScreenHeigth                                                     
2000a3ba  Lcd_ScreenWidth                                                      
2000a3bc  Lcd_TouchTrim                                                        
2000a3be  Lcd_FlagRead                                                         
2000a3bf  Lcd_FontSolid                                                        
2000a3c0  Lcd_Orientation                                                      
2000a3c1  Lcd_PenSolid                                                         
2000a400  gDMAControlTable                                                     
2000a800  ti_sysbios_heaps_HeapMem_Instance_State_0_buf__A                     
2000ac00  ti_sysbios_family_arm_m3_Hwi_dispatchTable                           
2000af60  out_dB                                                               
2000b160  __CIOBUF_                                                            
2000b280  rawWaveBuffer                                                        
2000b380  Lcd_buffer                                                           
20013380  ti_sysbios_knl_Task_Object__table__V                                 
20013548  ti_sysbios_knl_Swi_Module_State_0_readyQ__A                          
200135c8  ti_sysbios_knl_Task_Module_State_0_readyQ__A                         
20013648  ti_sysbios_family_arm_m3_Hwi_Object__table__V                        
200136a8  ti_sysbios_knl_Mailbox_Object__table__V                              
200136f8  ti_sysbios_knl_Semaphore_Object__table__V                            
20013748  ti_sysbios_knl_Task_Module__state__V                                 
2001378c  ti_sysbios_family_arm_lm4_Timer_Module_State_0_device__A             
200137cc  ti_sysbios_family_arm_lm4_Timer_Object__table__V                     
2001380c  ti_sysbios_gates_GateMutex_Object__table__V                          
20013844  ti_sysbios_family_arm_m3_Hwi_Module__state__V                        
20013878  ti_sysbios_knl_Swi_Object__table__V                                  
200138a8  ti_sysbios_knl_Clock_Module__state__V                                
200138f8  ti_sysbios_BIOS_Module__state__V                                     
2001391c  gSystemClock                                                         
20013920  voltageScale                                                         
20013924  triggerMode                                                          
20013925  spectrumMode                                                         
20013928  pwmPeriod                                                            
2001392c  count_unloaded                                                       
20013930  count_loaded                                                         
20013934  cpu_load                                                             
2001393c  ti_sysbios_family_arm_lm4_Timer_Module_State_0_handles__A            
2001395c  ti_sysbios_knl_Clock_Object__table__V                                
2001397c  gADCBufferIndex                                                      
20013980  gADCErrors                                                           
20013984  gDMAPrimary                                                          
20013988  signalPeriod                                                         
2001398c  gPWMSample                                                           
20013990  gSamplingRateDivider                                                 
20013998  ti_sysbios_knl_Swi_Module__state__V                                  
200139b4  ti_sysbios_heaps_HeapMem_Object__table__V                            
200139cc  ti_sysbios_family_arm_lm4_Timer_Module__state__V                     
200139d8  xdc_runtime_SysMin_Module__state__V                                  
200139e4  _lock                                                                
200139e8  _unlock                                                              
200139ec  gJoystick                                                            
200139f4  ti_sysbios_family_arm_lm4_TimestampProvider_Module__state__V         
200139fc  ti_sysbios_gates_GateHwi_Module__root__V                             
20013a04  ti_sysbios_gates_GateHwi_Object__table__V                            
20013a0c  ti_sysbios_gates_GateMutex_Module__root__V                           
20013a14  ti_sysbios_heaps_HeapMem_Module__root__V                             
20013a1c  ti_sysbios_knl_Queue_Module__root__V                                 
20013a24  ti_sysbios_knl_Semaphore_Module__root__V                             
20013a2c  xdc_runtime_Registry_Module__state__V                                
20013a34  xdc_runtime_Startup_Module__state__V                                 
20013a3c  xdc_runtime_System_Module_State_0_atexitHandlers__A                  
20013a44  xdc_runtime_System_Module__state__V                                  
20013a4c  gButtons                                                             
20013a50  errno                                                                
20013a54  main_func_sp                                                         
20013a58  ti_sysbios_family_arm_m3_Hwi_Module_State_0_excContext__A            
20013a5c  ti_sysbios_family_arm_m3_Hwi_Module_State_0_excStack__A              
20013a60  ti_sysbios_knl_Task_Module_State_0_idleTask__A                       
20013a64  xdc_runtime_Memory_Module__state__V                                  
20013a68  ti_sysbios_family_arm_m3_Hwi_Module_State_0_excActive__A             
20013a6a  xdc_runtime_Error_Module__state__V                                   
20013a70  __stack                                                              
20013d70  __STACK_END                                                          
e000e000  ti_sysbios_family_arm_m3_Hwi_nvic                                    
ffffffff  __TI_pprof_out_hndl                                                  
ffffffff  __TI_prof_data_size                                                  
ffffffff  __TI_prof_data_start                                                 
ffffffff  __binit__                                                            
ffffffff  __c_args__                                                           
ffffffff  binit                                                                
UNDEFED   SHT$$INIT_ARRAY$$Base                                                
UNDEFED   SHT$$INIT_ARRAY$$Limit                                               

[737 symbols]
