******************************************************************************
                  TI ARM Linker PC v18.12.4                    
******************************************************************************
>> Linked Thu Apr 15 11:50:31 2021

OUTPUT FILE NAME:   <ece3849_lab2_starter.out>
ENTRY POINT SYMBOL: "_c_int00"  address: 00003121


MEMORY CONFIGURATION

         name            origin    length      used     unused   attr    fill
----------------------  --------  ---------  --------  --------  ----  --------
  FLASH                 00000000   00100000  00006b31  000f94cf  R  X
  SRAM                  20000000   00040000  000017a8  0003e858  RW X


SEGMENT ALLOCATION MAP

run origin  load origin   length   init length attrs members
----------  ----------- ---------- ----------- ----- -------
00000000    00000000    00006b38   00006b38    r-x
  00000000    00000000    0000003c   0000003c    r-- .resetVecs
  00000040    00000040    0000494a   0000494a    r-x .text
  0000498c    0000498c    00001fa3   00001fa3    r-- .const
  00006930    00006930    00000208   00000208    r-- .cinit
20000000    20000000    000017a8   00000000    rw-
  20000000    20000000    00000360   00000000    rw- .vecs
  20000360    20000360    00000d08   00000000    rw- .bss
  20001068    20001068    00000440   00000000    rw- .data
  200014a8    200014a8    00000300   00000000    rw- .stack


SECTION ALLOCATION MAP

 output                                  attributes/
section   page    origin      length       input sections
--------  ----  ----------  ----------   ----------------
.text      0    00000040    0000494a     
                  00000040    00000430     sysbios.aem4f : BIOS.obj (.text:ti_sysbios_family_arm_m3_Hwi_excDumpRegs__I)
                  00000470    0000034c     ti.targets.arm.rtsarm.aem4f : System.oem4f (.text:xdc_runtime_System_doPrint__I)
                  000007bc    00000004     rtsv7M4_T_le_v4SPD16_eabi.lib : exit.c.obj (.text:abort:abort)
                  000007c0    000002a4     sysbios.aem4f : BIOS.obj (.text:ti_sysbios_knl_Semaphore_pend__E)
                  00000a64    00000004                   : BIOS.obj (.text:ti_sysbios_family_arm_lm4_Timer_masterEnable__I)
                  00000a68    0000026c                   : BIOS.obj (.text:ti_sysbios_heaps_HeapMem_free__E)
                  00000cd4    00000004     ti.targets.arm.rtsarm.aem4f : Error.oem4f (.text:xdc_runtime_Error_getSite__E)
                  00000cd8    00000250     sysbios.aem4f : BIOS.obj (.text:ti_sysbios_heaps_HeapMem_alloc__E)
                  00000f28    00000204     Boot.aem4f : Boot_sysctl.oem4f (.text:ti_catalog_arm_cortexm4_tiva_ce_Boot_sysCtlClockFreqSetI__I)
                  0000112c    00000004     ti.targets.arm.rtsarm.aem4f : System.oem4f (.text:xdc_runtime_System_aprintf_va__F)
                  00001130    000001f4     sysbios.aem4f : BIOS.obj (.text:ti_sysbios_family_arm_m3_Hwi_excHandlerMax__I)
                  00001324    00000004     ti.targets.arm.rtsarm.aem4f : System.oem4f (.text:xdc_runtime_System_printf_va__F)
                  00001328    00000174     sysbios.aem4f : BIOS.obj (.text:ti_sysbios_family_arm_m3_Hwi_excBusFault__I)
                  0000149c    00000002     rtsv7M4_T_le_v4SPD16_eabi.lib : _lock.c.obj (.text:_nop)
                  0000149e    00000002                                   : div0.asm.obj (.text)
                  000014a0    00000164     sysbios.aem4f : BIOS.obj (.text:ti_sysbios_family_arm_m3_Hwi_excUsageFault__I)
                  00001604    00000004     --HOLE-- [fill = 0]
                  00001608    00000148                   : BIOS.obj (.text:ti_sysbios_family_arm_m3_Hwi_excMemFault__I)
                  00001750    0000013c                   : BIOS.obj (.text:ti_sysbios_heaps_HeapMem_Instance_init__E)
                  0000188c    00000118     ti.targets.arm.rtsarm.aem4f : Error.oem4f (.text:xdc_runtime_Error_policyDefault__E)
                  000019a4    00000004     --HOLE-- [fill = 0]
                  000019a8    00000108     sysbios.aem4f : BIOS.obj (.text:ti_sysbios_family_arm_lm4_Timer_start__E)
                  00001ab0    00000100     ti.targets.arm.rtsarm.aem4f : Core-mem.oem4f (.text:xdc_runtime_Core_createObject__I)
                  00001bb0    000000fc     rtos_pem4f.oem4f (.text:xdc_runtime_System_printfExtend__I)
                  00001cac    000000f8     ti.targets.arm.rtsarm.aem4f : Startup.oem4f (.text:xdc_runtime_Startup_startMods__I)
                  00001da4    000000f4     sysbios.aem4f : m3_Hwi_asm.obj (.text:ti_sysbios_family_arm_m3_Hwi_dispatch__I)
                  00001e98    000000ec                   : BIOS.obj (.text:ti_sysbios_knl_Semaphore_post__E)
                  00001f84    000000cc     ti.targets.arm.rtsarm.aem4f : Core-smem.oem4f (.text:xdc_runtime_Core_constructObject__I)
                  00002050    000000bc     sysbios.aem4f : BIOS.obj (.text:ti_sysbios_family_arm_m3_Hwi_excDebugMon__I)
                  0000210c    00000004     --HOLE-- [fill = 0]
                  00002110    000000bc                   : BIOS.obj (.text:ti_sysbios_family_arm_m3_Hwi_excHardFault__I)
                  000021cc    00000004     --HOLE-- [fill = 0]
                  000021d0    000000b4                   : BIOS.obj (.text:ti_sysbios_gates_GateMutex_enter__E)
                  00002284    00000004     --HOLE-- [fill = 0]
                  00002288    000000b4                   : BIOS.obj (.text:ti_sysbios_knl_Task_checkStacks__E)
                  0000233c    00000004     --HOLE-- [fill = 0]
                  00002340    000000ac                   : BIOS.obj (.text:ti_sysbios_family_arm_lm4_Timer_enableTiva__I)
                  000023ec    000000a0     auto_init.aem4f : auto_init.oem4f (.text)
                  0000248c    000000a0     ti.targets.arm.rtsarm.aem4f : Text.oem4f (.text:xdc_runtime_Text_putMod__E)
                  0000252c    0000009c     rtsv7M4_T_le_v4SPD16_eabi.lib : memcpy_t2.asm.obj (.text)
                  000025c8    0000009c     sysbios.aem4f : BIOS.obj (.text:ti_sysbios_knl_Semaphore_Instance_init__E)
                  00002664    0000009a     ti.targets.arm.rtsarm.aem4f : Text.oem4f (.text:xdc_runtime_Text_putSite__E)
                  000026fe    00000002     --HOLE-- [fill = 0]
                  00002700    00000098     Boot.aem4f : Boot.oem4f (.text:ti_catalog_arm_cortexm4_tiva_ce_Boot_sysCtlClockFreqSet__E)
                  00002798    00000094     sysbios.aem4f : BIOS.obj (.text:ti_sysbios_family_arm_m3_Hwi_initNVIC__E)
                  0000282c    0000008c                   : m3_TaskSupport_asm.obj (.text:ti_sysbios_family_arm_m3_TaskSupport_buildTaskStack)
                  000028b8    0000008c                   : BIOS.obj (.text:ti_sysbios_knl_Task_postInit__I)
                  00002944    00000004     --HOLE-- [fill = 0]
                  00002948    00000084                   : BIOS.obj (.text:ti_sysbios_family_arm_m3_Hwi_postInit__I)
                  000029cc    0000007a     rtsv7M4_T_le_v4SPD16_eabi.lib : memset_t2.asm.obj (.text)
                  00002a46    00000002     --HOLE-- [fill = 0]
                  00002a48    00000070     sysbios.aem4f : BIOS.obj (.text:ti_sysbios_knl_Clock_workFunc__E)
                  00002ab8    00000070                   : BIOS.obj (.text:ti_sysbios_knl_Task_exit__E)
                  00002b28    0000006d     ti.targets.arm.rtsarm.aem4f : System.oem4f (.text:xdc_runtime_System_formatNum__I)
                  00002b95    00000003     --HOLE-- [fill = 0]
                  00002b98    0000006c     sysbios.aem4f : BIOS.obj (.text:ti_sysbios_knl_Swi_restoreHwi__E)
                  00002c04    0000006c     ti.targets.arm.rtsarm.aem4f : Error.oem4f (.text:xdc_runtime_Error_print__E)
                  00002c70    0000006c                                 : Memory.oem4f (.text:xdc_runtime_Memory_alloc__E)
                  00002cdc    00000068     rtsv7M4_T_le_v4SPD16_eabi.lib : copy_decompress_lzss.c.obj (.text:decompress:lzss:__TI_decompress_lzss)
                  00002d44    00000004     --HOLE-- [fill = 0]
                  00002d48    00000068     sysbios.aem4f : BIOS.obj (.text:ti_sysbios_family_arm_lm4_TimestampProvider_initTimerHandle__I)
                  00002db0    00000066     ti.targets.arm.rtsarm.aem4f : Core-mem.oem4f (.text:xdc_runtime_Core_deleteObject__I)
                  00002e16    00000002     --HOLE-- [fill = 0]
                  00002e18    00000064     sysbios.aem4f : BIOS.obj (.text:ti_sysbios_family_arm_lm4_Timer_Module_startup__E)
                  00002e7c    00000004     --HOLE-- [fill = 0]
                  00002e80    00000064                   : BIOS.obj (.text:ti_sysbios_family_arm_m3_Hwi_dispatchC__I)
                  00002ee4    00000004     --HOLE-- [fill = 0]
                  00002ee8    00000060                   : BIOS.obj (.text:ti_sysbios_knl_Task_schedule__I)
                  00002f48    0000005c                   : BIOS.obj (.text:ti_sysbios_knl_Swi_run__I)
                  00002fa4    00000004     --HOLE-- [fill = 0]
                  00002fa8    0000005c                   : BIOS.obj (.text:ti_sysbios_knl_Swi_schedule__I)
                  00003004    00000004     --HOLE-- [fill = 0]
                  00003008    0000005c                   : BIOS.obj (.text:ti_sysbios_knl_Task_Module_startup__E)
                  00003064    00000004     --HOLE-- [fill = 0]
                  00003068    0000005c                   : BIOS.obj (.text:ti_sysbios_knl_Task_startCore__E)
                  000030c4    0000005b     ti.targets.arm.rtsarm.aem4f : Text.oem4f (.text:xdc_runtime_Text_putLab__E)
                  0000311f    00000001     --HOLE-- [fill = 0]
                  00003120    00000058     boot.aem4f : boot.oem4f (.text)
                  00003178    00000058     rtsv7M4_T_le_v4SPD16_eabi.lib : hostwrite.c.obj (.text:HOSTwrite)
                  000031d0    00000058     sysbios.aem4f : m3_Hwi_asm_switch.obj (.text:ti_sysbios_family_arm_m3_Hwi_initStacks__E)
                  00003228    00000054                   : BIOS.obj (.text:ti_sysbios_family_arm_lm4_Timer_initDevice__I)
                  0000327c    00000054     ti.targets.arm.rtsarm.aem4f : Assert.oem4f (.text:xdc_runtime_Assert_raise__I)
                  000032d0    00000050     Boot.aem4f : Boot_sysctl.oem4f (.text:_SysCtlFrequencyGet)
                  00003320    00000050     sysbios.aem4f : BIOS.obj (.text:ti_sysbios_family_arm_m3_Hwi_Module_startup__E)
                  00003370    00000050     ti.targets.arm.rtsarm.aem4f : Startup.oem4f (.text:xdc_runtime_Startup_exec__E)
                  000033c0    00000050                                 : Text.oem4f (.text:xdc_runtime_Text_visitRope2__I)
                  00003410    0000004c     rtsv7M4_T_le_v4SPD16_eabi.lib : cpy_tbl.c.obj (.text:copy_in)
                  0000345c    00000004     --HOLE-- [fill = 0]
                  00003460    0000004c     sysbios.aem4f : BIOS.obj (.text:ti_sysbios_heaps_HeapMem_getStats__E)
                  000034ac    00000004     --HOLE-- [fill = 0]
                  000034b0    0000004c                   : BIOS.obj (.text:ti_sysbios_knl_Swi_runLoop__I)
                  000034fc    00000004     --HOLE-- [fill = 0]
                  00003500    0000004c                   : BIOS.obj (.text:ti_sysbios_knl_Task_allBlockedFunction__I)
                  0000354c    00000004     --HOLE-- [fill = 0]
                  00003550    00000048                   : BIOS.obj (.text:ti_sysbios_family_arm_lm4_Timer_enableTimers__I)
                  00003598    00000048                   : BIOS.obj (.text:ti_sysbios_family_arm_m3_Hwi_disableInterrupt__E)
                  000035e0    00000048                   : BIOS.obj (.text:ti_sysbios_family_arm_m3_Hwi_enableInterrupt__E)
                  00003628    00000048                   : BIOS.obj (.text:ti_sysbios_family_arm_m3_Hwi_excReserved__I)
                  00003670    00000048                   : BIOS.obj (.text:ti_sysbios_knl_Mailbox_Module_startup__E)
                  000036b8    00000046     ti.targets.arm.rtsarm.aem4f : Core-params.oem4f (.text:xdc_runtime_Core_assignParams__I)
                  000036fe    00000002     --HOLE-- [fill = 0]
                  00003700    00000044     sysbios.aem4f : BIOS.obj (.text:ti_sysbios_family_arm_lm4_Timer_isrStub__E)
                  00003744    00000004     --HOLE-- [fill = 0]
                  00003748    00000044                   : BIOS.obj (.text:ti_sysbios_family_arm_m3_Hwi_getStackInfo__E)
                  0000378c    00000004     --HOLE-- [fill = 0]
                  00003790    00000044                   : BIOS.obj (.text:ti_sysbios_knl_Swi_post__E)
                  000037d4    00000044     ti.targets.arm.rtsarm.aem4f : Error.oem4f (.text:xdc_runtime_Error_setX__E)
                  00003818    00000044                                 : SysMin.oem4f (.text:xdc_runtime_SysMin_flush__E)
                  0000385c    00000044                                 : Text.oem4f (.text:xdc_runtime_Text_xprintf__I)
                  000038a0    00000040     rtsv7M4_T_le_v4SPD16_eabi.lib : u_divt2.asm.obj (.text)
                  000038e0    00000040     sysbios.aem4f : BIOS.obj (.text:ti_sysbios_family_arm_lm4_Timer_startup__E)
                  00003920    0000003c                   : BIOS.obj (.text:ti_sysbios_family_arm_m3_Hwi_excSvCall__I)
                  0000395c    00000004     --HOLE-- [fill = 0]
                  00003960    0000003c                   : BIOS.obj (.text:ti_sysbios_heaps_HeapMem_init__I)
                  0000399c    00000004     --HOLE-- [fill = 0]
                  000039a0    0000003c                   : BIOS.obj (.text:ti_sysbios_knl_Swi_restore__E)
                  000039dc    00000038     rtsv7M4_T_le_v4SPD16_eabi.lib : trgmsg.c.obj (.text:__TI_writemsg)
                  00003a14    00000004     --HOLE-- [fill = 0]
                  00003a18    00000038     sysbios.aem4f : BIOS.obj (.text:ti_sysbios_family_arm_m3_Hwi_excNoIsr__I)
                  00003a50    00000038                   : BIOS.obj (.text:ti_sysbios_knl_Task_processVitalTaskFlag__I)
                  00003a88    00000038     ti.targets.arm.rtsarm.aem4f : SysMin.oem4f (.text:xdc_runtime_SysMin_putch__E)
                  00003ac0    00000038                                 : System.oem4f (.text:xdc_runtime_System_atexit__E)
                  00003af8    00000034     rtsv7M4_T_le_v4SPD16_eabi.lib : trgmsg.c.obj (.text:__TI_readmsg)
                  00003b2c    00000004     --HOLE-- [fill = 0]
                  00003b30    00000034     sysbios.aem4f : BIOS.obj (.text:ti_sysbios_family_arm_m3_Hwi_excNmi__I)
                  00003b64    00000004     --HOLE-- [fill = 0]
                  00003b68    00000034                   : BIOS.obj (.text:ti_sysbios_hal_Hwi_checkStack)
                  00003b9c    00000034     ti.targets.arm.rtsarm.aem4f : Core-label.oem4f (.text:xdc_runtime_Core_assignLabel__I)
                  00003bd0    00000033                                 : Text.oem4f (.text:xdc_runtime_Text_printVisFxn__I)
                  00003c03    00000005     --HOLE-- [fill = 0]
                  00003c08    00000032     sysbios.aem4f : BIOS.obj (.text:ti_sysbios_hal_Hwi_initStack)
                  00003c3a    00000006     ti.targets.arm.rtsarm.aem4f : System.oem4f (.text:xdc_runtime_System_Module_startup__E)
                  00003c40    00000030     rtos_pem4f.oem4f (.text:ti_sysbios_BIOS_atExitFunc__I)
                  00003c70    00000030     sysbios.aem4f : BIOS.obj (.text:ti_sysbios_family_arm_lm4_Timer_stop__E)
                  00003ca0    00000030                   : BIOS.obj (.text:ti_sysbios_family_arm_m3_TaskSupport_start__E)
                  00003cd0    00000030     rtos_pem4f.oem4f (.text:ti_sysbios_gates_GateHwi_Object__create__S)
                  00003d00    00000030     rtos_pem4f.oem4f (.text:ti_sysbios_gates_GateMutex_Object__create__S)
                  00003d30    00000030     rtos_pem4f.oem4f (.text:ti_sysbios_heaps_HeapMem_Object__create__S)
                  00003d60    00000030     sysbios.aem4f : BIOS.obj (.text:ti_sysbios_knl_Mailbox_postInit__I)
                  00003d90    00000030     rtos_pem4f.oem4f (.text:ti_sysbios_knl_Semaphore_construct)
                  00003dc0    00000030     sysbios.aem4f : BIOS.obj (.text:ti_sysbios_knl_Semaphore_pendTimeout__I)
                  00003df0    00000030                   : BIOS.obj (.text:ti_sysbios_knl_Task_unblockI__E)
                  00003e20    00000030     ti.targets.arm.rtsarm.aem4f : SysMin.oem4f (.text:xdc_runtime_SysMin_abort__E)
                  00003e50    00000030                                 : System.oem4f (.text:xdc_runtime_System_processAtExit__E)
                  00003e80    0000002c     rtos_pem4f.oem4f (.text:ti_sysbios_knl_Clock_doTick__I)
                  00003eac    00000004     --HOLE-- [fill = 0]
                  00003eb0    0000002c     rtos_pem4f.oem4f (.text:ti_sysbios_knl_Queue_construct)
                  00003edc    00000004     --HOLE-- [fill = 0]
                  00003ee0    0000002c     sysbios.aem4f : BIOS.obj (.text:ti_sysbios_knl_Task_restore__E)
                  00003f0c    0000002c     ti.targets.arm.rtsarm.aem4f : Text.oem4f (.text:xdc_runtime_Text_cordText__E)
                  00003f38    0000002a                                 : System.oem4f (.text:xdc_runtime_System_putchar__I)
                  00003f62    00000006     --HOLE-- [fill = 0]
                  00003f68    00000028     sysbios.aem4f : BIOS.obj (.text:ti_sysbios_knl_Clock_addI__E)
                  00003f90    00000028                   : BIOS.obj (.text:ti_sysbios_knl_Swi_Module_startup__E)
                  00003fb8    00000026                   : m3_Hwi_asm.obj (.text:ti_sysbios_family_arm_m3_Hwi_pendSV__I)
                  00003fde    00000026     ti.targets.arm.rtsarm.aem4f : System.oem4f (.text:xdc_runtime_System_avprintf__E)
                  00004004    00000004     --HOLE-- [fill = 0]
                  00004008    00000024     rtos_pem4f.oem4f (.text:ti_sysbios_BIOS_errorRaiseHook__I)
                  0000402c    00000004     --HOLE-- [fill = 0]
                  00004030    00000024     rtos_pem4f.oem4f (.text:ti_sysbios_BIOS_registerRTSLock__I)
                  00004054    00000004     --HOLE-- [fill = 0]
                  00004058    00000024     rtos_pem4f.oem4f (.text:ti_sysbios_BIOS_removeRTSLock__I)
                  0000407c    00000004     --HOLE-- [fill = 0]
                  00004080    00000024     rtos_pem4f.oem4f (.text:ti_sysbios_BIOS_startFunc__I)
                  000040a4    00000004     --HOLE-- [fill = 0]
                  000040a8    00000024     rtos_pem4f.oem4f (.text:ti_sysbios_gates_GateMutex_Object__delete__S)
                  000040cc    00000004     --HOLE-- [fill = 0]
                  000040d0    00000024     sysbios.aem4f : BIOS.obj (.text:ti_sysbios_knl_Clock_Module_startup__E)
                  000040f4    00000004     --HOLE-- [fill = 0]
                  000040f8    00000024                   : BIOS.obj (.text:ti_sysbios_knl_Task_restoreHwi__E)
                  0000411c    00000024     ti.targets.arm.rtsarm.aem4f : System.oem4f (.text:xdc_runtime_System_vprintf__E)
                  00004140    00000022     sysbios.aem4f : BIOS.obj (.text:ti_sysbios_family_arm_lm4_Timer_write__I)
                  00004162    00000006     --HOLE-- [fill = 0]
                  00004168    00000022     rtos_pem4f.oem4f (.text:xdc_runtime_SysMin_output__I)
                  0000418a    00000002     --HOLE-- [fill = 0]
                  0000418c    00000020     Boot.aem4f : Boot_sysctl.oem4f (.text:_SysCtlMemTimingGet)
                  000041ac    00000004     --HOLE-- [fill = 0]
                  000041b0    00000020     rtos_pem4f.oem4f (.text:ti_sysbios_BIOS_rtsLock__I)
                  000041d0    00000020     sysbios.aem4f : m3_Hwi_asm.obj (.text:ti_sysbios_family_arm_m3_Hwi_excHandlerAsm__I)
                  000041f0    00000020                   : BIOS.obj (.text:ti_sysbios_family_arm_m3_Hwi_excHandler__I)
                  00004210    00000020     rtos_pem4f.oem4f (.text:ti_sysbios_gates_GateHwi_Object__delete__S)
                  00004230    00000020     rtos_pem4f.oem4f (.text:ti_sysbios_heaps_HeapMem_Object__delete__S)
                  00004250    00000020     sysbios.aem4f : BIOS.obj (.text:ti_sysbios_knl_Idle_run__E)
                  00004270    00000020     rtos_pem4f.oem4f (.text:ti_sysbios_knl_Semaphore_Object__destruct__S)
                  00004290    00000020     ti.targets.arm.rtsarm.aem4f : Registry.oem4f (.text:xdc_runtime_Registry_findById__E)
                  000042b0    00000020                                 : SysMin.oem4f (.text:xdc_runtime_SysMin_Module_startup__E)
                  000042d0    0000001e     sysbios.aem4f : m3_Hwi_asm_switch.obj (.text:ti_sysbios_family_xxx_Hwi_switchAndRunFunc)
                  000042ee    00000002     --HOLE-- [fill = 0]
                  000042f0    0000001c                   : BIOS.obj (.text:ti_sysbios_gates_GateMutex_Instance_init__E)
                  0000430c    00000004     --HOLE-- [fill = 0]
                  00004310    0000001c     rtos_pem4f.oem4f (.text:ti_sysbios_knl_Queue_Object__destruct__S)
                  0000432c    00000004     --HOLE-- [fill = 0]
                  00004330    0000001c     sysbios.aem4f : BIOS.obj (.text:ti_sysbios_knl_Queue_put__E)
                  0000434c    00000004     --HOLE-- [fill = 0]
                  00004350    0000001c                   : BIOS.obj (.text:ti_sysbios_knl_Task_enter__I)
                  0000436c    0000001c     ti.targets.arm.rtsarm.aem4f : Error.oem4f (.text:xdc_runtime_Error_raiseX__E)
                  00004388    0000001c                                 : Memory.oem4f (.text:xdc_runtime_Memory_valloc__E)
                  000043a4    0000001c                                 : SysMin.oem4f (.text:xdc_runtime_SysMin_exit__E)
                  000043c0    0000001c                                 : System.oem4f (.text:xdc_runtime_System_abort__E)
                  000043dc    00000004     --HOLE-- [fill = 0]
                  000043e0    0000001a     rtos_pem4f.oem4f (.text:ti_sysbios_family_arm_m3_Hwi_Handle__label__S)
                  000043fa    00000006     --HOLE-- [fill = 0]
                  00004400    0000001a     rtos_pem4f.oem4f (.text:ti_sysbios_gates_GateHwi_Handle__label__S)
                  0000441a    00000006     --HOLE-- [fill = 0]
                  00004420    0000001a     rtos_pem4f.oem4f (.text:ti_sysbios_gates_GateMutex_Handle__label__S)
                  0000443a    00000006     --HOLE-- [fill = 0]
                  00004440    0000001a     rtos_pem4f.oem4f (.text:ti_sysbios_heaps_HeapMem_Handle__label__S)
                  0000445a    00000006     --HOLE-- [fill = 0]
                  00004460    0000001a     rtos_pem4f.oem4f (.text:ti_sysbios_knl_Swi_Handle__label__S)
                  0000447a    00000006     --HOLE-- [fill = 0]
                  00004480    0000001a     rtos_pem4f.oem4f (.text:ti_sysbios_knl_Task_Handle__label__S)
                  0000449a    00000006     --HOLE-- [fill = 0]
                  000044a0    0000001a     rtos_pem4f.oem4f (.text:xdc_runtime_System_aprintf__E)
                  000044ba    00000006     --HOLE-- [fill = 0]
                  000044c0    0000001a     rtos_pem4f.oem4f (.text:xdc_runtime_System_printf__E)
                  000044da    00000002     --HOLE-- [fill = 0]
                  000044dc    00000018     rtsv7M4_T_le_v4SPD16_eabi.lib : args_main.c.obj (.text:_args_main)
                  000044f4    00000004     --HOLE-- [fill = 0]
                  000044f8    00000018     rtos_pem4f.oem4f (.text:ti_sysbios_BIOS_rtsUnlock__I)
                  00004510    00000018     rtos_pem4f.oem4f (.text:ti_sysbios_family_arm_lm4_Timer_Module__startupDone__F)
                  00004528    00000018     rtos_pem4f.oem4f (.text:ti_sysbios_family_arm_m3_Hwi_Module__startupDone__F)
                  00004540    00000018     sysbios.aem4f : m3_TaskSupport_asm.obj (.text:ti_sysbios_family_arm_m3_TaskSupport_swap__E)
                  00004558    00000018                   : BIOS.obj (.text:ti_sysbios_gates_GateMutex_leave__E)
                  00004570    00000018     ti.targets.arm.rtsarm.aem4f : Error.oem4f (.text:xdc_runtime_Error_check__E)
                  00004588    00000018                                 : System.oem4f (.text:xdc_runtime_System_exit__E)
                  000045a0    00000018                                 : Text.oem4f (.text:xdc_runtime_Text_ropeText__E)
                  000045b8    00000016     rtos_pem4f.oem4f (.text:ti_sysbios_BIOS_exitFunc__I)
                  000045ce    00000002     --HOLE-- [fill = 0]
                  000045d0    00000016     sysbios.aem4f : BIOS.obj (.text:ti_sysbios_knl_Task_unblock__E)
                  000045e6    00000014     rtsv7M4_T_le_v4SPD16_eabi.lib : strlen.c.obj (.text:strlen)
                  000045fa    00000006     --HOLE-- [fill = 0]
                  00004600    00000014     rtos_pem4f.oem4f (.text:ti_sysbios_family_arm_m3_Hwi_Object__get__S)
                  00004614    00000004     --HOLE-- [fill = 0]
                  00004618    00000014     sysbios.aem4f : BIOS.obj (.text:ti_sysbios_family_arm_m3_Hwi_switchFromBootStack__E)
                  0000462c    00000004     --HOLE-- [fill = 0]
                  00004630    00000014     rtos_pem4f.oem4f (.text:ti_sysbios_heaps_HeapMem_Object__get__S)
                  00004644    00000004     --HOLE-- [fill = 0]
                  00004648    00000014     rtos_pem4f.oem4f (.text:ti_sysbios_knl_Swi_Object__get__S)
                  0000465c    00000004     --HOLE-- [fill = 0]
                  00004660    00000012     sysbios.aem4f : BIOS.obj (.text:ti_sysbios_hal_Hwi_Module_startup__E)
                  00004672    00000006     --HOLE-- [fill = 0]
                  00004678    00000012     rtos_pem4f.oem4f (.text:xdc_runtime_Startup_exec__I)
                  0000468a    00000006     --HOLE-- [fill = 0]
                  00004690    00000010     rtos_pem4f.oem4f (.text:.bootCodeSection:ti_catalog_arm_cortexm4_tiva_ce_Boot_init__I)
                  000046a0    00000010     driverlib.lib : interrupt.obj (.text:IntMasterDisable)
                  000046b0    00000010                   : interrupt.obj (.text:IntMasterEnable)
                  000046c0    00000010     sysbios.aem4f : BIOS.obj (.text:ti_sysbios_BIOS_setThreadType__E)
                  000046d0    00000010                   : BIOS.obj (.text:ti_sysbios_BIOS_start__E)
                  000046e0    00000010                   : m3_TaskSupport_asm.obj (.text:ti_sysbios_family_arm_m3_TaskSupport_glue)
                  000046f0    00000010                   : BIOS.obj (.text:ti_sysbios_gates_GateMutex_Instance_finalize__E)
                  00004700    00000010     rtos_pem4f.oem4f (.text:ti_sysbios_knl_Mailbox_Object__get__S)
                  00004710    00000010     sysbios.aem4f : BIOS.obj (.text:ti_sysbios_knl_Semaphore_Instance_finalize__E)
                  00004720    00000010                   : BIOS.obj (.text:ti_sysbios_knl_Swi_disable__E)
                  00004730    00000010     rtos_pem4f.oem4f (.text:ti_sysbios_knl_Task_Object__get__S)
                  00004740    00000010     sysbios.aem4f : BIOS.obj (.text:ti_sysbios_knl_Task_disable__E)
                  00004750    00000010     ti.targets.arm.rtsarm.aem4f : Gate.oem4f (.text:xdc_runtime_Gate_leaveSystem__E)
                  00004760    00000010                                 : Memory.oem4f (.text:xdc_runtime_Memory_free__E)
                  00004770    00000010                                 : SysMin.oem4f (.text:xdc_runtime_SysMin_ready__E)
                  00004780    00000010                                 : System.oem4f (.text:xdc_runtime_System_vsnprintf__E)
                  00004790    00000010     rtos_pem4f.oem4f (.text:xdc_runtime_Text_visitRope__I)
                  000047a0    0000000e     rtsv7M4_T_le_v4SPD16_eabi.lib : copy_decompress_none.c.obj (.text:decompress:none:__TI_decompress_none)
                  000047ae    00000002     --HOLE-- [fill = 0]
                  000047b0    0000000e     main.obj (.text:main)
                  000047be    00000002     --HOLE-- [fill = 0]
                  000047c0    0000000e     sysbios.aem4f : BIOS.obj (.text:ti_sysbios_knl_Idle_loop__E)
                  000047ce    00000002     --HOLE-- [fill = 0]
                  000047d0    0000000e                   : BIOS.obj (.text:ti_sysbios_knl_Queue_empty__E)
                  000047de    0000000c     driverlib.lib : cpu.obj (.text:CPUcpsid)
                  000047ea    0000000c                   : cpu.obj (.text:CPUcpsie)
                  000047f6    00000002     --HOLE-- [fill = 0]
                  000047f8    0000000c     rtsv7M4_T_le_v4SPD16_eabi.lib : _lock.c.obj (.text:_register_lock)
                  00004804    0000000c                                   : _lock.c.obj (.text:_register_unlock)
                  00004810    0000000c                                   : copy_zero_init.c.obj (.text:decompress:ZI:__TI_zero_init)
                  0000481c    00000004     --HOLE-- [fill = 0]
                  00004820    0000000c     sysbios.aem4f : BIOS.obj (.text:ti_sysbios_family_arm_lm4_Timer_getMaxTicks__E)
                  0000482c    00000004     --HOLE-- [fill = 0]
                  00004830    0000000c                   : BIOS.obj (.text:ti_sysbios_family_arm_m3_TaskSupport_checkStack__E)
                  0000483c    00000004     --HOLE-- [fill = 0]
                  00004840    0000000c                   : BIOS.obj (.text:ti_sysbios_gates_GateHwi_enter__E)
                  0000484c    00000004     --HOLE-- [fill = 0]
                  00004850    0000000c     rtos_pem4f.oem4f (.text:ti_sysbios_knl_Queue_Object__get__S)
                  0000485c    0000000c     ti.targets.arm.rtsarm.aem4f : Error.oem4f (.text:xdc_runtime_Error_init__E)
                  00004868    0000000c                                 : Gate.oem4f (.text:xdc_runtime_Gate_enterSystem__E)
                  00004874    0000000c                                 : Memory.oem4f (.text:xdc_runtime_Memory_calloc__E)
                  00004880    0000000c                                 : Memory.oem4f (.text:xdc_runtime_Memory_getMaxDefaultTypeAlign__E)
                  0000488c    00000004     --HOLE-- [fill = 0]
                  00004890    0000000a     main.obj (.text:task0_func)
                  0000489a    00000006     --HOLE-- [fill = 0]
                  000048a0    0000000a     rtos_pem4f.oem4f (.text:xdc_runtime_IHeap_alloc)
                  000048aa    00000006     --HOLE-- [fill = 0]
                  000048b0    0000000a     rtos_pem4f.oem4f (.text:xdc_runtime_IHeap_free)
                  000048ba    00000008     sysbios.aem4f : BIOS.obj (.text:ti_sysbios_family_arm_lm4_Timer_masterDisable__I)
                  000048c2    00000006     --HOLE-- [fill = 0]
                  000048c8    00000008                   : BIOS.obj (.text:ti_sysbios_family_arm_m3_Hwi_doSwiRestore__I)
                  000048d0    00000008                   : BIOS.obj (.text:ti_sysbios_family_arm_m3_Hwi_startup__E)
                  000048d8    00000006                   : BIOS.obj (.text:ti_sysbios_family_arm_lm4_TimestampProvider_Module_startup__E)
                  000048de    00000002     --HOLE-- [fill = 0]
                  000048e0    00000006                   : BIOS.obj (.text:ti_sysbios_family_arm_m3_Hwi_doTaskRestore__I)
                  000048e6    00000002     --HOLE-- [fill = 0]
                  000048e8    00000006                   : BIOS.obj (.text:ti_sysbios_gates_GateHwi_leave__E)
                  000048ee    00000002     --HOLE-- [fill = 0]
                  000048f0    00000006                   : BIOS.obj (.text:ti_sysbios_heaps_HeapMem_isBlocking__E)
                  000048f6    00000002     --HOLE-- [fill = 0]
                  000048f8    00000006                   : BIOS.obj (.text:ti_sysbios_knl_Queue_Instance_init__E)
                  000048fe    00000002     --HOLE-- [fill = 0]
                  00004900    00000006                   : BIOS.obj (.text:ti_sysbios_knl_Swi_startup__E)
                  00004906    00000002     --HOLE-- [fill = 0]
                  00004908    00000004     rtos_pem4f.oem4f (.text:ti_sysbios_BIOS_RtsGateProxy_enter__E)
                  0000490c    00000004     --HOLE-- [fill = 0]
                  00004910    00000004     rtos_pem4f.oem4f (.text:ti_sysbios_BIOS_RtsGateProxy_leave__E)
                  00004914    00000004     --HOLE-- [fill = 0]
                  00004918    00000004     rtos_pem4f.oem4f (.text:ti_sysbios_family_arm_m3_TaskSupport_Module__startupDone__S)
                  0000491c    00000004     --HOLE-- [fill = 0]
                  00004920    00000004     sysbios.aem4f : BIOS.obj (.text:ti_sysbios_gates_GateHwi_query__E)
                  00004924    00000004     --HOLE-- [fill = 0]
                  00004928    00000004                   : BIOS.obj (.text:ti_sysbios_gates_GateMutex_query__E)
                  0000492c    00000004     --HOLE-- [fill = 0]
                  00004930    00000004     rtos_pem4f.oem4f (.text:ti_sysbios_heaps_HeapMem_Module_GateProxy_enter__E)
                  00004934    00000004     --HOLE-- [fill = 0]
                  00004938    00000004     rtos_pem4f.oem4f (.text:ti_sysbios_heaps_HeapMem_Module_GateProxy_leave__E)
                  0000493c    00000004     --HOLE-- [fill = 0]
                  00004940    00000004     rtos_pem4f.oem4f (.text:ti_sysbios_knl_Clock_TimerProxy_getMaxTicks__E)
                  00004944    00000004     --HOLE-- [fill = 0]
                  00004948    00000004     rtos_pem4f.oem4f (.text:ti_sysbios_knl_Queue_destruct)
                  0000494c    00000004     --HOLE-- [fill = 0]
                  00004950    00000004     rtos_pem4f.oem4f (.text:ti_sysbios_knl_Semaphore_destruct)
                  00004954    00000004     --HOLE-- [fill = 0]
                  00004958    00000004     sysbios.aem4f : BIOS.obj (.text:ti_sysbios_knl_Task_startup__E)
                  0000495c    00000004     --HOLE-- [fill = 0]
                  00004960    00000004     rtos_pem4f.oem4f (.text:xdc_runtime_System_Module_GateProxy_enter__E)
                  00004964    00000004     --HOLE-- [fill = 0]
                  00004968    00000004     rtos_pem4f.oem4f (.text:xdc_runtime_System_Module_GateProxy_leave__E)
                  0000496c    00000004     --HOLE-- [fill = 0]
                  00004970    00000002     rtos_pem4f.oem4f (.text:ti_sysbios_BIOS_nullFunc__I)
                  00004972    00000006     --HOLE-- [fill = 0]
                  00004978    00000002     sysbios.aem4f : BIOS.obj (.text:ti_sysbios_gates_GateHwi_Instance_init__E)
                  0000497a    00000006     --HOLE-- [fill = 0]
                  00004980    00000002                   : BIOS.obj (.text:ti_sysbios_knl_Clock_logTick__E)
                  00004982    00000006     --HOLE-- [fill = 0]
                  00004988    00000002     rtos_pem4f.oem4f (.text:xdc_runtime_Startup_reset__I)

.const     0    0000498c    00001fa3     
                  0000498c    0000190e     rtos_pem4f.oem4f (.const:xdc_runtime_Text_charTab__A)
                  0000629a    00000002     rtos_pem4f.oem4f (.const:ti_catalog_arm_cortexm4_tiva_ce_Boot_Module__id__C)
                  0000629c    00000120     Boot.aem4f : Boot_sysctl.oem4f (.const:g_pppui32XTALtoVCO)
                  000063bc    000000c8     rtos_pem4f.oem4f (.const:xdc_runtime_Text_nodeTab__A)
                  00006484    0000006c     Boot.aem4f : Boot_sysctl.oem4f (.const:g_pui32Xtals)
                  000064f0    00000048     rtos_pem4f.oem4f (.const:.string)
                  00006538    00000030     Boot.aem4f : Boot_sysctl.oem4f (.const:g_sXTALtoMEMTIM)
                  00006568    00000028     rtos_pem4f.oem4f (.const:ti_sysbios_heaps_HeapMem_Module__FXNS__C)
                  00006590    00000028     rtos_pem4f.oem4f (.const:xdc_runtime_Startup_sfxnTab__A)
                  000065b8    00000024     rtos_pem4f.oem4f (.const:ti_sysbios_gates_GateHwi_Module__FXNS__C)
                  000065dc    00000024     rtos_pem4f.oem4f (.const:ti_sysbios_gates_GateMutex_Module__FXNS__C)
                  00006600    00000024     rtos_pem4f.oem4f (.const:ti_sysbios_heaps_HeapMem_Object__PARAMS__C)
                  00006624    00000024     rtos_pem4f.oem4f (.const:ti_sysbios_knl_Semaphore_Object__PARAMS__C)
                  00006648    00000020     rtos_pem4f.oem4f (.const:ti_sysbios_gates_GateHwi_Object__DESC__C)
                  00006668    00000020     rtos_pem4f.oem4f (.const:ti_sysbios_gates_GateMutex_Object__DESC__C)
                  00006688    00000020     rtos_pem4f.oem4f (.const:ti_sysbios_heaps_HeapMem_Object__DESC__C)
                  000066a8    00000020     rtos_pem4f.oem4f (.const:ti_sysbios_knl_Queue_Object__DESC__C)
                  000066c8    00000020     rtos_pem4f.oem4f (.const:ti_sysbios_knl_Semaphore_Object__DESC__C)
                  000066e8    00000018     rtos_pem4f.oem4f (.const:ti_sysbios_gates_GateHwi_Object__PARAMS__C)
                  00006700    00000018     rtos_pem4f.oem4f (.const:ti_sysbios_gates_GateMutex_Object__PARAMS__C)
                  00006718    00000018     rtos_pem4f.oem4f (.const:ti_sysbios_knl_Queue_Object__PARAMS__C)
                  00006730    00000018     rtos_pem4f.oem4f (.const:xdc_runtime_Startup_firstFxns__A)
                  00006748    00000014     rtos_pem4f.oem4f (.const:xdc_runtime_Startup_sfxnRts__A)
                  0000675c    00000008     Boot.aem4f : Boot_sysctl.oem4f (.const)
                  00006764    00000008     rtos_pem4f.oem4f (.const:ti_sysbios_family_arm_m3_Hwi_excHookFuncs__A)
                  0000676c    00000008     rtos_pem4f.oem4f (.const:ti_sysbios_knl_Idle_funcList__C)
                  00006774    00000008     rtos_pem4f.oem4f (.const:xdc_runtime_Startup_firstFxns__C)
                  0000677c    00000008     rtos_pem4f.oem4f (.const:xdc_runtime_Startup_lastFxns__C)
                  00006784    00000004     rtos_pem4f.oem4f (.const:ti_catalog_arm_cortexm4_tiva_ce_Boot_A_mustNotUseEnhancedClockMode__C)
                  00006788    00000004     rtos_pem4f.oem4f (.const:ti_catalog_arm_cortexm4_tiva_ce_Boot_Module__diagsEnabled__C)
                  0000678c    00000004     rtos_pem4f.oem4f (.const:ti_catalog_arm_cortexm4_tiva_ce_Boot_Module__diagsIncluded__C)
                  00006790    00000004     rtos_pem4f.oem4f (.const:ti_catalog_arm_cortexm4_tiva_ce_Boot_Module__diagsMask__C)
                  00006794    00000004     rtos_pem4f.oem4f (.const:ti_sysbios_family_arm_lm4_Timer_enableFunc__C)
                  00006798    00000004     rtos_pem4f.oem4f (.const:ti_sysbios_family_arm_lm4_Timer_numTimerDevices__C)
                  0000679c    00000004     rtos_pem4f.oem4f (.const:ti_sysbios_family_arm_lm4_Timer_startupNeeded__C)
                  000067a0    00000004     rtos_pem4f.oem4f (.const:ti_sysbios_family_arm_lm4_TimestampProvider_Module__diagsEnabled__C)
                  000067a4    00000004     rtos_pem4f.oem4f (.const:ti_sysbios_family_arm_lm4_TimestampProvider_Module__diagsIncluded__C)
                  000067a8    00000004     rtos_pem4f.oem4f (.const:ti_sysbios_family_arm_lm4_TimestampProvider_Module__diagsMask__C)
                  000067ac    00000004     rtos_pem4f.oem4f (.const:ti_sysbios_family_arm_m3_Hwi_E_NMI__C)
                  000067b0    00000004     rtos_pem4f.oem4f (.const:ti_sysbios_family_arm_m3_Hwi_E_busFault__C)
                  000067b4    00000004     rtos_pem4f.oem4f (.const:ti_sysbios_family_arm_m3_Hwi_E_debugMon__C)
                  000067b8    00000004     rtos_pem4f.oem4f (.const:ti_sysbios_family_arm_m3_Hwi_E_hardFault__C)
                  000067bc    00000004     rtos_pem4f.oem4f (.const:ti_sysbios_family_arm_m3_Hwi_E_memFault__C)
                  000067c0    00000004     rtos_pem4f.oem4f (.const:ti_sysbios_family_arm_m3_Hwi_E_noIsr__C)
                  000067c4    00000004     rtos_pem4f.oem4f (.const:ti_sysbios_family_arm_m3_Hwi_E_reserved__C)
                  000067c8    00000004     rtos_pem4f.oem4f (.const:ti_sysbios_family_arm_m3_Hwi_E_svCall__C)
                  000067cc    00000004     rtos_pem4f.oem4f (.const:ti_sysbios_family_arm_m3_Hwi_E_usageFault__C)
                  000067d0    00000004     rtos_pem4f.oem4f (.const:ti_sysbios_family_arm_m3_Hwi_NUM_INTERRUPTS__C)
                  000067d4    00000004     rtos_pem4f.oem4f (.const:ti_sysbios_family_arm_m3_Hwi_Object__count__C)
                  000067d8    00000004     rtos_pem4f.oem4f (.const:ti_sysbios_family_arm_m3_Hwi_ccr__C)
                  000067dc    00000004     rtos_pem4f.oem4f (.const:ti_sysbios_family_arm_m3_Hwi_excHandlerFunc__C)
                  000067e0    00000004     rtos_pem4f.oem4f (.const:ti_sysbios_family_arm_m3_Hwi_excHookFuncs__C)
                  000067e4    00000004     rtos_pem4f.oem4f (.const:ti_sysbios_family_arm_m3_Hwi_nullIsrFunc__C)
                  000067e8    00000004     rtos_pem4f.oem4f (.const:ti_sysbios_family_arm_m3_Hwi_priGroup__C)
                  000067ec    00000004     rtos_pem4f.oem4f (.const:ti_sysbios_gates_GateMutex_A_badContext__C)
                  000067f0    00000004     rtos_pem4f.oem4f (.const:ti_sysbios_gates_GateMutex_Instance_State_sem__O)
                  000067f4    00000004     rtos_pem4f.oem4f (.const:ti_sysbios_gates_GateMutex_Module__diagsEnabled__C)
                  000067f8    00000004     rtos_pem4f.oem4f (.const:ti_sysbios_gates_GateMutex_Module__diagsIncluded__C)
                  000067fc    00000004     rtos_pem4f.oem4f (.const:ti_sysbios_gates_GateMutex_Module__diagsMask__C)
                  00006800    00000004     rtos_pem4f.oem4f (.const:ti_sysbios_hal_Hwi_E_stackOverflow__C)
                  00006804    00000004     rtos_pem4f.oem4f (.const:ti_sysbios_heaps_HeapMem_A_align__C)
                  00006808    00000004     rtos_pem4f.oem4f (.const:ti_sysbios_heaps_HeapMem_A_heapSize__C)
                  0000680c    00000004     rtos_pem4f.oem4f (.const:ti_sysbios_heaps_HeapMem_A_invalidFree__C)
                  00006810    00000004     rtos_pem4f.oem4f (.const:ti_sysbios_heaps_HeapMem_A_zeroBlock__C)
                  00006814    00000004     rtos_pem4f.oem4f (.const:ti_sysbios_heaps_HeapMem_E_memory__C)
                  00006818    00000004     rtos_pem4f.oem4f (.const:ti_sysbios_heaps_HeapMem_Module__diagsEnabled__C)
                  0000681c    00000004     rtos_pem4f.oem4f (.const:ti_sysbios_heaps_HeapMem_Module__diagsIncluded__C)
                  00006820    00000004     rtos_pem4f.oem4f (.const:ti_sysbios_heaps_HeapMem_Module__diagsMask__C)
                  00006824    00000004     rtos_pem4f.oem4f (.const:ti_sysbios_heaps_HeapMem_Module__gateObj__C)
                  00006828    00000004     rtos_pem4f.oem4f (.const:ti_sysbios_heaps_HeapMem_Object__count__C)
                  0000682c    00000004     rtos_pem4f.oem4f (.const:ti_sysbios_heaps_HeapMem_reqAlign__C)
                  00006830    00000004     rtos_pem4f.oem4f (.const:ti_sysbios_knl_Clock_Module_State_clockQ__O)
                  00006834    00000004     rtos_pem4f.oem4f (.const:ti_sysbios_knl_Idle_funcList__A)
                  00006838    00000004     rtos_pem4f.oem4f (.const:ti_sysbios_knl_Mailbox_Instance_State_freeQue__O)
                  0000683c    00000004     rtos_pem4f.oem4f (.const:ti_sysbios_knl_Mailbox_Object__count__C)
                  00006840    00000004     rtos_pem4f.oem4f (.const:ti_sysbios_knl_Mailbox_maxTypeAlign__C)
                  00006844    00000004     rtos_pem4f.oem4f (.const:ti_sysbios_knl_Semaphore_A_badContext__C)
                  00006848    00000004     rtos_pem4f.oem4f (.const:ti_sysbios_knl_Semaphore_A_noEvents__C)
                  0000684c    00000004     rtos_pem4f.oem4f (.const:ti_sysbios_knl_Semaphore_A_overflow__C)
                  00006850    00000004     rtos_pem4f.oem4f (.const:ti_sysbios_knl_Semaphore_A_pendTaskDisabled__C)
                  00006854    00000004     rtos_pem4f.oem4f (.const:ti_sysbios_knl_Semaphore_Instance_State_pendQ__O)
                  00006858    00000004     rtos_pem4f.oem4f (.const:ti_sysbios_knl_Semaphore_Module__diagsEnabled__C)
                  0000685c    00000004     rtos_pem4f.oem4f (.const:ti_sysbios_knl_Semaphore_Module__diagsIncluded__C)
                  00006860    00000004     rtos_pem4f.oem4f (.const:ti_sysbios_knl_Semaphore_Module__diagsMask__C)
                  00006864    00000004     rtos_pem4f.oem4f (.const:ti_sysbios_knl_Swi_Object__count__C)
                  00006868    00000004     rtos_pem4f.oem4f (.const:ti_sysbios_knl_Task_E_spOutOfBounds__C)
                  0000686c    00000004     rtos_pem4f.oem4f (.const:ti_sysbios_knl_Task_E_stackOverflow__C)
                  00006870    00000004     rtos_pem4f.oem4f (.const:ti_sysbios_knl_Task_Module_State_inactiveQ__O)
                  00006874    00000004     rtos_pem4f.oem4f (.const:ti_sysbios_knl_Task_Object__count__C)
                  00006878    00000004     rtos_pem4f.oem4f (.const:ti_sysbios_knl_Task_allBlockedFunc__C)
                  0000687c    00000004     rtos_pem4f.oem4f (.const:ti_sysbios_knl_Task_numConstructedTasks__C)
                  00006880    00000004     rtos_pem4f.oem4f (.const:xdc_runtime_Assert_E_assertFailed__C)
                  00006884    00000004     rtos_pem4f.oem4f (.const:xdc_runtime_Core_A_initializedParams__C)
                  00006888    00000004     rtos_pem4f.oem4f (.const:xdc_runtime_Core_Module__diagsEnabled__C)
                  0000688c    00000004     rtos_pem4f.oem4f (.const:xdc_runtime_Core_Module__diagsIncluded__C)
                  00006890    00000004     rtos_pem4f.oem4f (.const:xdc_runtime_Core_Module__diagsMask__C)
                  00006894    00000004     rtos_pem4f.oem4f (.const:xdc_runtime_Error_E_memory__C)
                  00006898    00000004     rtos_pem4f.oem4f (.const:xdc_runtime_Error_Module__diagsEnabled__C)
                  0000689c    00000004     rtos_pem4f.oem4f (.const:xdc_runtime_Error_Module__diagsIncluded__C)
                  000068a0    00000004     rtos_pem4f.oem4f (.const:xdc_runtime_Error_Module__diagsMask__C)
                  000068a4    00000004     rtos_pem4f.oem4f (.const:xdc_runtime_Error_Module__loggerFxn8__C)
                  000068a8    00000004     rtos_pem4f.oem4f (.const:xdc_runtime_Error_Module__loggerObj__C)
                  000068ac    00000004     rtos_pem4f.oem4f (.const:xdc_runtime_Error_policyFxn__C)
                  000068b0    00000004     rtos_pem4f.oem4f (.const:xdc_runtime_Error_raiseHook__C)
                  000068b4    00000004     rtos_pem4f.oem4f (.const:xdc_runtime_IGateProvider_Interface__BASE__C)
                  000068b8    00000004     rtos_pem4f.oem4f (.const:xdc_runtime_IHeap_Interface__BASE__C)
                  000068bc    00000004     rtos_pem4f.oem4f (.const:xdc_runtime_IModule_Interface__BASE__C)
                  000068c0    00000004     rtos_pem4f.oem4f (.const:xdc_runtime_Log_L_error__C)
                  000068c4    00000004     rtos_pem4f.oem4f (.const:xdc_runtime_Memory_defaultHeapInstance__C)
                  000068c8    00000004     rtos_pem4f.oem4f (.const:xdc_runtime_Startup_execImpl__C)
                  000068cc    00000004     rtos_pem4f.oem4f (.const:xdc_runtime_Startup_maxPasses__C)
                  000068d0    00000004     rtos_pem4f.oem4f (.const:xdc_runtime_Startup_sfxnRts__C)
                  000068d4    00000004     rtos_pem4f.oem4f (.const:xdc_runtime_Startup_sfxnTab__C)
                  000068d8    00000004     rtos_pem4f.oem4f (.const:xdc_runtime_SysMin_bufSize__C)
                  000068dc    00000004     rtos_pem4f.oem4f (.const:xdc_runtime_SysMin_outputFunc__C)
                  000068e0    00000004     rtos_pem4f.oem4f (.const:xdc_runtime_System_Module__gateObj__C)
                  000068e4    00000004     rtos_pem4f.oem4f (.const:xdc_runtime_System_abortFxn__C)
                  000068e8    00000004     rtos_pem4f.oem4f (.const:xdc_runtime_System_exitFxn__C)
                  000068ec    00000004     rtos_pem4f.oem4f (.const:xdc_runtime_System_extendFxn__C)
                  000068f0    00000004     rtos_pem4f.oem4f (.const:xdc_runtime_System_maxAtexitHandlers__C)
                  000068f4    00000004     rtos_pem4f.oem4f (.const:xdc_runtime_Text_charTab__C)
                  000068f8    00000004     rtos_pem4f.oem4f (.const:xdc_runtime_Text_nameEmpty__C)
                  000068fc    00000004     rtos_pem4f.oem4f (.const:xdc_runtime_Text_nameStatic__C)
                  00006900    00000004     rtos_pem4f.oem4f (.const:xdc_runtime_Text_nameUnknown__C)
                  00006904    00000004     rtos_pem4f.oem4f (.const:xdc_runtime_Text_nodeTab__C)
                  00006908    00000004     rtos_pem4f.oem4f (.const:xdc_runtime_Text_visitRopeFxn__C)
                  0000690c    00000002     rtos_pem4f.oem4f (.const:ti_sysbios_family_arm_lm4_TimestampProvider_Module__id__C)
                  0000690e    00000002     rtos_pem4f.oem4f (.const:ti_sysbios_family_arm_lm4_TimestampProvider_useClockTimer__C)
                  00006910    00000002     rtos_pem4f.oem4f (.const:ti_sysbios_family_arm_m3_Hwi_Module__id__C)
                  00006912    00000002     rtos_pem4f.oem4f (.const:ti_sysbios_gates_GateMutex_Module__id__C)
                  00006914    00000002     rtos_pem4f.oem4f (.const:ti_sysbios_hal_Hwi_Module__id__C)
                  00006916    00000002     rtos_pem4f.oem4f (.const:ti_sysbios_heaps_HeapMem_Module__id__C)
                  00006918    00000002     rtos_pem4f.oem4f (.const:ti_sysbios_knl_Semaphore_Module__id__C)
                  0000691a    00000002     rtos_pem4f.oem4f (.const:ti_sysbios_knl_Task_Module__id__C)
                  0000691c    00000002     rtos_pem4f.oem4f (.const:xdc_runtime_Core_Module__id__C)
                  0000691e    00000002     rtos_pem4f.oem4f (.const:xdc_runtime_Error_Module__loggerDefined__C)
                  00006920    00000002     rtos_pem4f.oem4f (.const:xdc_runtime_Error_maxDepth__C)
                  00006922    00000002     rtos_pem4f.oem4f (.const:xdc_runtime_Memory_Module__id__C)
                  00006924    00000002     rtos_pem4f.oem4f (.const:xdc_runtime_SysMin_flushAtExit__C)
                  00006926    00000002     rtos_pem4f.oem4f (.const:xdc_runtime_Text_charCnt__C)
                  00006928    00000002     rtos_pem4f.oem4f (.const:xdc_runtime_Text_isLoaded__C)
                  0000692a    00000002     rtos_pem4f.oem4f (.const:xdc_runtime_Text_registryModsLastId__C)
                  0000692c    00000002     rtos_pem4f.oem4f (.const:xdc_runtime_Text_unnamedModsLastId__C)
                  0000692e    00000001     rtos_pem4f.oem4f (.const:xdc_runtime_Error_policy__C)

.cinit     0    00006930    00000208     
                  00006930    000001d4     (.cinit..data.load) [load image, compression = lzss]
                  00006b04    0000000c     (__TI_handler_table)
                  00006b10    00000008     (.cinit..bss.load) [load image, compression = zero_init]
                  00006b18    00000008     (.cinit..vecs.load) [load image, compression = zero_init]
                  00006b20    00000018     (__TI_cinit_table)

.init_array 
*          0    00000000    00000000     UNINITIALIZED

.resetVecs 
*          0    00000000    0000003c     
                  00000000    0000003c     rtos_pem4f.oem4f (.resetVecs)

.bss       0    20000360    00000d08     UNINITIALIZED
                  20000360    00000400     rtos_pem4f.oem4f (.bss:taskStackSection)
                  20000760    00000400     (.common:ti_sysbios_heaps_HeapMem_Instance_State_0_buf__A)
                  20000b60    00000360     (.common:ti_sysbios_family_arm_m3_Hwi_dispatchTable)
                  20000ec0    00000120     rtsv7M4_T_le_v4SPD16_eabi.lib : trgmsg.c.obj (.bss:_CIOBUF_)
                  20000fe0    00000080     (.common:xdc_runtime_SysMin_Module_State_0_outbuf__A)
                  20001060    00000008     (.common:parmbuf)

.data      0    20001068    00000440     UNINITIALIZED
                  20001068    00000098     rtos_pem4f.oem4f (.data:ti_sysbios_knl_Task_Object__table__V)
                  20001100    00000080     rtos_pem4f.oem4f (.data:ti_sysbios_knl_Swi_Module_State_0_readyQ__A)
                  20001180    00000080     rtos_pem4f.oem4f (.data:ti_sysbios_knl_Task_Module_State_0_readyQ__A)
                  20001200    00000044     rtos_pem4f.oem4f (.data:ti_sysbios_knl_Task_Module__state__V)
                  20001244    00000040     rtos_pem4f.oem4f (.data:ti_sysbios_family_arm_lm4_Timer_Module_State_0_device__A)
                  20001284    00000040     rtos_pem4f.oem4f (.data:ti_sysbios_family_arm_lm4_Timer_Object__table__V)
                  200012c4    00000038     rtos_pem4f.oem4f (.data:ti_sysbios_gates_GateMutex_Object__table__V)
                  200012fc    00000034     rtos_pem4f.oem4f (.data:ti_sysbios_family_arm_m3_Hwi_Module__state__V)
                  20001330    00000030     rtos_pem4f.oem4f (.data:ti_sysbios_knl_Swi_Object__table__V)
                  20001360    0000002c     rtos_pem4f.oem4f (.data:ti_sysbios_knl_Clock_Module__state__V)
                  2000138c    00000024     rtos_pem4f.oem4f (.data:ti_sysbios_BIOS_Module__state__V)
                  200013b0    00000020     rtos_pem4f.oem4f (.data:ti_sysbios_family_arm_lm4_Timer_Module_State_0_handles__A)
                  200013d0    0000001c     rtos_pem4f.oem4f (.data:ti_sysbios_knl_Swi_Module__state__V)
                  200013ec    00000018     rtos_pem4f.oem4f (.data:ti_sysbios_family_arm_m3_Hwi_Object__table__V)
                  20001404    00000018     rtos_pem4f.oem4f (.data:ti_sysbios_heaps_HeapMem_Object__table__V)
                  2000141c    0000000c     rtos_pem4f.oem4f (.data:ti_sysbios_family_arm_lm4_Timer_Module__state__V)
                  20001428    0000000c     rtos_pem4f.oem4f (.data:xdc_runtime_SysMin_Module__state__V)
                  20001434    00000008     rtsv7M4_T_le_v4SPD16_eabi.lib : _lock.c.obj (.data:$O1$$)
                  2000143c    00000008     rtos_pem4f.oem4f (.data:ti_sysbios_family_arm_lm4_TimestampProvider_Module__state__V)
                  20001444    00000008     rtos_pem4f.oem4f (.data:ti_sysbios_gates_GateHwi_Module__root__V)
                  2000144c    00000008     rtos_pem4f.oem4f (.data:ti_sysbios_gates_GateMutex_Module__root__V)
                  20001454    00000008     rtos_pem4f.oem4f (.data:ti_sysbios_heaps_HeapMem_Module__root__V)
                  2000145c    00000008     rtos_pem4f.oem4f (.data:ti_sysbios_knl_Queue_Module__root__V)
                  20001464    00000008     rtos_pem4f.oem4f (.data:ti_sysbios_knl_Semaphore_Module__root__V)
                  2000146c    00000008     rtos_pem4f.oem4f (.data:xdc_runtime_Registry_Module__state__V)
                  20001474    00000008     rtos_pem4f.oem4f (.data:xdc_runtime_Startup_Module__state__V)
                  2000147c    00000008     rtos_pem4f.oem4f (.data:xdc_runtime_System_Module_State_0_atexitHandlers__A)
                  20001484    00000008     rtos_pem4f.oem4f (.data:xdc_runtime_System_Module__state__V)
                  2000148c    00000004     rtsv7M4_T_le_v4SPD16_eabi.lib : stkdepth_vars.c.obj (.data)
                  20001490    00000004     rtos_pem4f.oem4f (.data:ti_sysbios_family_arm_m3_Hwi_Module_State_0_excContext__A)
                  20001494    00000004     rtos_pem4f.oem4f (.data:ti_sysbios_family_arm_m3_Hwi_Module_State_0_excStack__A)
                  20001498    00000004     rtos_pem4f.oem4f (.data:ti_sysbios_gates_GateHwi_Object__table__V)
                  2000149c    00000004     rtos_pem4f.oem4f (.data:ti_sysbios_knl_Task_Module_State_0_idleTask__A)
                  200014a0    00000004     rtos_pem4f.oem4f (.data:xdc_runtime_Memory_Module__state__V)
                  200014a4    00000002     rtos_pem4f.oem4f (.data:ti_sysbios_family_arm_m3_Hwi_Module_State_0_excActive__A)
                  200014a6    00000002     rtos_pem4f.oem4f (.data:xdc_runtime_Error_Module__state__V)

.stack     0    200014a8    00000300     UNINITIALIZED
                  200014a8    00000300     --HOLE--

.bootVecs 
*          0    00000000    00000008     DSECT
                  00000000    00000008     boot.aem4f : boot.oem4f (.bootVecs)

.vecs      0    20000000    00000360     UNINITIALIZED
                  20000000    00000360     rtos_pem4f.oem4f (.vecs)

xdc.meta   0    00000000    000000ee     COPY SECTION
                  00000000    000000ee     rtos_pem4f.oem4f (xdc.meta)

MODULE SUMMARY

       Module                       code    ro data   rw data
       ------                       ----    -------   -------
    .\
       main.obj                     24      0         0      
    +--+----------------------------+-------+---------+---------+
       Total:                       24      0         0      
                                                             
    C:\repos\ECE3849\lab2_starter_d21\ece3849_lab2_starter\Debug\configPkg\package\cfg\
       rtos_pem4f.oem4f             1470    7707      4980   
    +--+----------------------------+-------+---------+---------+
       Total:                       1470    7707      4980   
                                                             
    C:/ti/tirtos_tivac_2_16_01_14/products/TivaWare_C_Series-2.1.1.71b/driverlib/ccs/Debug/driverlib.lib
       interrupt.obj                32      0         0      
       cpu.obj                      24      0         0      
    +--+----------------------------+-------+---------+---------+
       Total:                       56      0         0      
                                                             
    C:\repos\ECE3849\lab2_starter_d21\ece3849_lab2_starter\src\sysbios\sysbios.aem4f
       BIOS.obj                     10324   0         0      
       m3_Hwi_asm.obj               314     0         0      
       m3_TaskSupport_asm.obj       180     0         0      
       m3_Hwi_asm_switch.obj        118     0         0      
    +--+----------------------------+-------+---------+---------+
       Total:                       10936   0         0      
                                                             
    C:\ti\ccs930\ccs\tools\compiler\ti-cgt-arm_18.12.4.LTS\lib\rtsv7M4_T_le_v4SPD16_eabi.lib
       trgmsg.c.obj                 108     0         288    
       memcpy_t2.asm.obj            156     0         0      
       memset_t2.asm.obj            122     0         0      
       copy_decompress_lzss.c.obj   104     0         0      
       hostwrite.c.obj              88      0         0      
       cpy_tbl.c.obj                76      0         0      
       u_divt2.asm.obj              64      0         0      
       _lock.c.obj                  26      0         8      
       args_main.c.obj              24      0         0      
       strlen.c.obj                 20      0         0      
       copy_decompress_none.c.obj   14      0         0      
       copy_zero_init.c.obj         12      0         0      
       hostopen.c.obj               0       0         8      
       exit.c.obj                   4       0         0      
       stkdepth_vars.c.obj          0       0         4      
       div0.asm.obj                 2       0         0      
    +--+----------------------------+-------+---------+---------+
       Total:                       820     0         308    
                                                             
    C:\ti\tirtos_tivac_2_16_01_14\products\bios_6_45_02_31\packages\ti\catalog\arm\cortexm4\tiva\ce\lib\Boot.aem4f
       Boot_sysctl.oem4f            628     452       0      
       Boot.oem4f                   152     0         0      
    +--+----------------------------+-------+---------+---------+
       Total:                       780     452       0      
                                                             
    C:\ti\tirtos_tivac_2_16_01_14\products\bios_6_45_02_31\packages\ti\targets\arm\rtsarm\lib\auto_init.aem4f
       auto_init.oem4f              160     0         0      
    +--+----------------------------+-------+---------+---------+
       Total:                       160     0         0      
                                                             
    C:\ti\tirtos_tivac_2_16_01_14\products\bios_6_45_02_31\packages\ti\targets\arm\rtsarm\lib\boot.aem4f
       boot.oem4f                   88      0         0      
    +--+----------------------------+-------+---------+---------+
       Total:                       88      0         0      
                                                             
    C:\ti\tirtos_tivac_2_16_01_14\products\bios_6_45_02_31\packages\ti\targets\arm\rtsarm\lib\ti.targets.arm.rtsarm.aem4f
       System.oem4f                 1255    0         0      
       Text.oem4f                   672     0         0      
       Error.oem4f                  524     0         0      
       Core-mem.oem4f               358     0         0      
       Startup.oem4f                328     0         0      
       SysMin.oem4f                 248     0         0      
       Core-smem.oem4f              204     0         0      
       Memory.oem4f                 176     0         0      
       Assert.oem4f                 84      0         0      
       Core-params.oem4f            70      0         0      
       Core-label.oem4f             52      0         0      
       Registry.oem4f               32      0         0      
       Gate.oem4f                   28      0         0      
    +--+----------------------------+-------+---------+---------+
       Total:                       4031    0         0      
                                                             
       Stack:                       0       0         768    
       Linker Generated:            0       520       0      
    +--+----------------------------+-------+---------+---------+
       Grand Total:                 18365   8679      6056   


LINKER GENERATED COPY TABLES

__TI_cinit_table @ 00006b20 records: 3, size/record: 8, table size: 24
	.data: load addr=00006930, load size=000001d4 bytes, run addr=20001068, run size=00000440 bytes, compression=lzss
	.bss: load addr=00006b10, load size=00000008 bytes, run addr=20000360, run size=00000d08 bytes, compression=zero_init
	.vecs: load addr=00006b18, load size=00000008 bytes, run addr=20000000, run size=00000360 bytes, compression=zero_init


LINKER GENERATED HANDLER TABLE

__TI_handler_table @ 00006b04 records: 3, size/record: 4, table size: 12
	index: 0, handler: __TI_decompress_lzss
	index: 1, handler: __TI_decompress_none
	index: 2, handler: __TI_zero_init


GLOBAL SYMBOLS: SORTED ALPHABETICALLY BY Name 

address   name                                                                 
-------   ----                                                                 
000007bd  C$$EXIT                                                              
00003a0b  C$$IO$$                                                              
000047df  CPUcpsid                                                             
000047eb  CPUcpsie                                                             
00003179  HOSTwrite                                                            
000046a1  IntMasterDisable                                                     
000046b1  IntMasterEnable                                                      
UNDEFED   SHT$$INIT_ARRAY$$Base                                                
UNDEFED   SHT$$INIT_ARRAY$$Limit                                               
00000000  __ASM__                                                              
20000ec0  __CIOBUF_                                                            
0000006c  __ISA__                                                              
0000007f  __PLAT__                                                             
200017a8  __STACK_END                                                          
00000300  __STACK_SIZE                                                         
000000a0  __TARG__                                                             
00006b20  __TI_CINIT_Base                                                      
00006b38  __TI_CINIT_Limit                                                     
00006b04  __TI_Handler_Table_Base                                              
00006b10  __TI_Handler_Table_Limit                                             
000023ed  __TI_auto_init                                                       
00002cdd  __TI_decompress_lzss                                                 
000047a1  __TI_decompress_none                                                 
ffffffff  __TI_pprof_out_hndl                                                  
ffffffff  __TI_prof_data_size                                                  
ffffffff  __TI_prof_data_start                                                 
00003af9  __TI_readmsg                                                         
00006930  __TI_static_base__                                                   
000039dd  __TI_writemsg                                                        
00004811  __TI_zero_init                                                       
000000c6  __TRDR__                                                             
0000149f  __aeabi_idiv0                                                        
0000149f  __aeabi_ldiv0                                                        
000029cd  __aeabi_memclr                                                       
000029cd  __aeabi_memclr4                                                      
000029cd  __aeabi_memclr8                                                      
0000252d  __aeabi_memcpy                                                       
0000252d  __aeabi_memcpy4                                                      
0000252d  __aeabi_memcpy8                                                      
000029cf  __aeabi_memset                                                       
000029cf  __aeabi_memset4                                                      
000029cf  __aeabi_memset8                                                      
000038a1  __aeabi_uidiv                                                        
000038a1  __aeabi_uidivmod                                                     
ffffffff  __binit__                                                            
ffffffff  __c_args__                                                           
200014a8  __stack                                                              
000044dd  _args_main                                                           
00003121  _c_int00                                                             
20001434  _lock                                                                
0000149d  _nop                                                                 
000047f9  _register_lock                                                       
00004805  _register_unlock                                                     
20001438  _unlock                                                              
000007bd  abort                                                                
ffffffff  binit                                                                
00003411  copy_in                                                              
000047b1  main                                                                 
2000148c  main_func_sp                                                         
0000252d  memcpy                                                               
000029d5  memset                                                               
20001060  parmbuf                                                              
000045e7  strlen                                                               
00004891  task0_func                                                           
00006784  ti_catalog_arm_cortexm4_tiva_ce_Boot_A_mustNotUseEnhancedClockMode__C
00006788  ti_catalog_arm_cortexm4_tiva_ce_Boot_Module__diagsEnabled__C         
0000678c  ti_catalog_arm_cortexm4_tiva_ce_Boot_Module__diagsIncluded__C        
00006790  ti_catalog_arm_cortexm4_tiva_ce_Boot_Module__diagsMask__C            
0000629a  ti_catalog_arm_cortexm4_tiva_ce_Boot_Module__id__C                   
00004691  ti_catalog_arm_cortexm4_tiva_ce_Boot_init__I                         
00000f29  ti_catalog_arm_cortexm4_tiva_ce_Boot_sysCtlClockFreqSetI__I          
00002701  ti_catalog_arm_cortexm4_tiva_ce_Boot_sysCtlClockFreqSet__E           
2000138c  ti_sysbios_BIOS_Module__state__V                                     
00004421  ti_sysbios_BIOS_RtsGateProxy_Handle__label__S                        
000040a9  ti_sysbios_BIOS_RtsGateProxy_Object__delete__S                       
00004909  ti_sysbios_BIOS_RtsGateProxy_enter__E                                
00004911  ti_sysbios_BIOS_RtsGateProxy_leave__E                                
00004929  ti_sysbios_BIOS_RtsGateProxy_query__E                                
00003c41  ti_sysbios_BIOS_atExitFunc__I                                        
00004009  ti_sysbios_BIOS_errorRaiseHook__I                                    
000045b9  ti_sysbios_BIOS_exitFunc__I                                          
00004971  ti_sysbios_BIOS_nullFunc__I                                          
00004031  ti_sysbios_BIOS_registerRTSLock__I                                   
00004059  ti_sysbios_BIOS_removeRTSLock__I                                     
000041b1  ti_sysbios_BIOS_rtsLock__I                                           
000044f9  ti_sysbios_BIOS_rtsUnlock__I                                         
000046c1  ti_sysbios_BIOS_setThreadType__E                                     
00004081  ti_sysbios_BIOS_startFunc__I                                         
000046d1  ti_sysbios_BIOS_start__E                                             
20001244  ti_sysbios_family_arm_lm4_Timer_Module_State_0_device__A             
200013b0  ti_sysbios_family_arm_lm4_Timer_Module_State_0_handles__A            
00004511  ti_sysbios_family_arm_lm4_Timer_Module__startupDone__F               
00004511  ti_sysbios_family_arm_lm4_Timer_Module__startupDone__S               
2000141c  ti_sysbios_family_arm_lm4_Timer_Module__state__V                     
00002e19  ti_sysbios_family_arm_lm4_Timer_Module_startup__E                    
20001284  ti_sysbios_family_arm_lm4_Timer_Object__table__V                     
00006794  ti_sysbios_family_arm_lm4_Timer_enableFunc__C                        
00003551  ti_sysbios_family_arm_lm4_Timer_enableTimers__I                      
00002341  ti_sysbios_family_arm_lm4_Timer_enableTiva__I                        
00004821  ti_sysbios_family_arm_lm4_Timer_getMaxTicks__E                       
00003229  ti_sysbios_family_arm_lm4_Timer_initDevice__I                        
00003701  ti_sysbios_family_arm_lm4_Timer_isrStub__E                           
000048bb  ti_sysbios_family_arm_lm4_Timer_masterDisable__I                     
00000a65  ti_sysbios_family_arm_lm4_Timer_masterEnable__I                      
00006798  ti_sysbios_family_arm_lm4_Timer_numTimerDevices__C                   
000019a9  ti_sysbios_family_arm_lm4_Timer_start__E                             
0000679c  ti_sysbios_family_arm_lm4_Timer_startupNeeded__C                     
000038e1  ti_sysbios_family_arm_lm4_Timer_startup__E                           
00003c71  ti_sysbios_family_arm_lm4_Timer_stop__E                              
00004141  ti_sysbios_family_arm_lm4_Timer_write__I                             
000067a0  ti_sysbios_family_arm_lm4_TimestampProvider_Module__diagsEnabled__C  
000067a4  ti_sysbios_family_arm_lm4_TimestampProvider_Module__diagsIncluded__C 
000067a8  ti_sysbios_family_arm_lm4_TimestampProvider_Module__diagsMask__C     
0000690c  ti_sysbios_family_arm_lm4_TimestampProvider_Module__id__C            
2000143c  ti_sysbios_family_arm_lm4_TimestampProvider_Module__state__V         
000048d9  ti_sysbios_family_arm_lm4_TimestampProvider_Module_startup__E        
00002d49  ti_sysbios_family_arm_lm4_TimestampProvider_initTimerHandle__I       
0000690e  ti_sysbios_family_arm_lm4_TimestampProvider_useClockTimer__C         
000067ac  ti_sysbios_family_arm_m3_Hwi_E_NMI__C                                
000067b0  ti_sysbios_family_arm_m3_Hwi_E_busFault__C                           
000067b4  ti_sysbios_family_arm_m3_Hwi_E_debugMon__C                           
000067b8  ti_sysbios_family_arm_m3_Hwi_E_hardFault__C                          
000067bc  ti_sysbios_family_arm_m3_Hwi_E_memFault__C                           
000067c0  ti_sysbios_family_arm_m3_Hwi_E_noIsr__C                              
000067c4  ti_sysbios_family_arm_m3_Hwi_E_reserved__C                           
000067c8  ti_sysbios_family_arm_m3_Hwi_E_svCall__C                             
000067cc  ti_sysbios_family_arm_m3_Hwi_E_usageFault__C                         
000043e1  ti_sysbios_family_arm_m3_Hwi_Handle__label__S                        
200014a4  ti_sysbios_family_arm_m3_Hwi_Module_State_0_excActive__A             
20001490  ti_sysbios_family_arm_m3_Hwi_Module_State_0_excContext__A            
20001494  ti_sysbios_family_arm_m3_Hwi_Module_State_0_excStack__A              
00006910  ti_sysbios_family_arm_m3_Hwi_Module__id__C                           
00004529  ti_sysbios_family_arm_m3_Hwi_Module__startupDone__F                  
00004529  ti_sysbios_family_arm_m3_Hwi_Module__startupDone__S                  
200012fc  ti_sysbios_family_arm_m3_Hwi_Module__state__V                        
00003321  ti_sysbios_family_arm_m3_Hwi_Module_startup__E                       
000067d0  ti_sysbios_family_arm_m3_Hwi_NUM_INTERRUPTS__C                       
000067d4  ti_sysbios_family_arm_m3_Hwi_Object__count__C                        
00004601  ti_sysbios_family_arm_m3_Hwi_Object__get__S                          
200013ec  ti_sysbios_family_arm_m3_Hwi_Object__table__V                        
000067d8  ti_sysbios_family_arm_m3_Hwi_ccr__C                                  
00003599  ti_sysbios_family_arm_m3_Hwi_disableInterrupt__E                     
00002e81  ti_sysbios_family_arm_m3_Hwi_dispatchC__I                            
20000b60  ti_sysbios_family_arm_m3_Hwi_dispatchTable                           
00001da5  ti_sysbios_family_arm_m3_Hwi_dispatch__I                             
000048c9  ti_sysbios_family_arm_m3_Hwi_doSwiRestore__I                         
000048e1  ti_sysbios_family_arm_m3_Hwi_doTaskRestore__I                        
000035e1  ti_sysbios_family_arm_m3_Hwi_enableInterrupt__E                      
00001329  ti_sysbios_family_arm_m3_Hwi_excBusFault__I                          
00002051  ti_sysbios_family_arm_m3_Hwi_excDebugMon__I                          
00000041  ti_sysbios_family_arm_m3_Hwi_excDumpRegs__I                          
000041d1  ti_sysbios_family_arm_m3_Hwi_excHandlerAsm__I                        
000067dc  ti_sysbios_family_arm_m3_Hwi_excHandlerFunc__C                       
00001131  ti_sysbios_family_arm_m3_Hwi_excHandlerMax__I                        
000041f1  ti_sysbios_family_arm_m3_Hwi_excHandler__I                           
00002111  ti_sysbios_family_arm_m3_Hwi_excHardFault__I                         
00006764  ti_sysbios_family_arm_m3_Hwi_excHookFuncs__A                         
000067e0  ti_sysbios_family_arm_m3_Hwi_excHookFuncs__C                         
00001609  ti_sysbios_family_arm_m3_Hwi_excMemFault__I                          
00003b31  ti_sysbios_family_arm_m3_Hwi_excNmi__I                               
00003a19  ti_sysbios_family_arm_m3_Hwi_excNoIsr__I                             
00003629  ti_sysbios_family_arm_m3_Hwi_excReserved__I                          
00003921  ti_sysbios_family_arm_m3_Hwi_excSvCall__I                            
000014a1  ti_sysbios_family_arm_m3_Hwi_excUsageFault__I                        
00003749  ti_sysbios_family_arm_m3_Hwi_getStackInfo__E                         
00002799  ti_sysbios_family_arm_m3_Hwi_initNVIC__E                             
000031d1  ti_sysbios_family_arm_m3_Hwi_initStacks__E                           
000067e4  ti_sysbios_family_arm_m3_Hwi_nullIsrFunc__C                          
e000e000  ti_sysbios_family_arm_m3_Hwi_nvic                                    
00003fb9  ti_sysbios_family_arm_m3_Hwi_pendSV__I                               
00002949  ti_sysbios_family_arm_m3_Hwi_postInit__I                             
000067e8  ti_sysbios_family_arm_m3_Hwi_priGroup__C                             
20000000  ti_sysbios_family_arm_m3_Hwi_ramVectors                              
00000000  ti_sysbios_family_arm_m3_Hwi_resetVectors                            
00003fdd  ti_sysbios_family_arm_m3_Hwi_return                                  
000048d1  ti_sysbios_family_arm_m3_Hwi_startup__E                              
00004619  ti_sysbios_family_arm_m3_Hwi_switchFromBootStack__E                  
00004919  ti_sysbios_family_arm_m3_TaskSupport_Module__startupDone__S          
0000282d  ti_sysbios_family_arm_m3_TaskSupport_buildTaskStack                  
00004831  ti_sysbios_family_arm_m3_TaskSupport_checkStack__E                   
000046e1  ti_sysbios_family_arm_m3_TaskSupport_glue                            
00003ca1  ti_sysbios_family_arm_m3_TaskSupport_start__E                        
00004541  ti_sysbios_family_arm_m3_TaskSupport_swap__E                         
000042d1  ti_sysbios_family_xxx_Hwi_switchAndRunFunc                           
00004401  ti_sysbios_gates_GateHwi_Handle__label__S                            
00004979  ti_sysbios_gates_GateHwi_Instance_init__E                            
000065b8  ti_sysbios_gates_GateHwi_Module__FXNS__C                             
20001444  ti_sysbios_gates_GateHwi_Module__root__V                             
00006648  ti_sysbios_gates_GateHwi_Object__DESC__C                             
000066e8  ti_sysbios_gates_GateHwi_Object__PARAMS__C                           
00003cd1  ti_sysbios_gates_GateHwi_Object__create__S                           
00004211  ti_sysbios_gates_GateHwi_Object__delete__S                           
20001498  ti_sysbios_gates_GateHwi_Object__table__V                            
00004841  ti_sysbios_gates_GateHwi_enter__E                                    
000048e9  ti_sysbios_gates_GateHwi_leave__E                                    
00004921  ti_sysbios_gates_GateHwi_query__E                                    
000067ec  ti_sysbios_gates_GateMutex_A_badContext__C                           
[...]
00004811  __TI_zero_init                                                       
00004821  ti_sysbios_family_arm_lm4_Timer_getMaxTicks__E                       
00004831  ti_sysbios_family_arm_m3_TaskSupport_checkStack__E                   
00004831  ti_sysbios_knl_Task_SupportProxy_checkStack__E                       
00004841  ti_sysbios_gates_GateHwi_enter__E                                    
00004851  ti_sysbios_knl_Queue_Object__get__S                                  
0000485d  xdc_runtime_Error_init__E                                            
00004869  xdc_runtime_Gate_enterSystem__E                                      
00004875  xdc_runtime_Memory_calloc__E                                         
00004881  xdc_runtime_Memory_getMaxDefaultTypeAlign__E                         
00004891  task0_func                                                           
000048a1  xdc_runtime_Memory_HeapProxy_alloc__E                                
000048b1  xdc_runtime_Memory_HeapProxy_free__E                                 
000048bb  ti_sysbios_family_arm_lm4_Timer_masterDisable__I                     
000048c9  ti_sysbios_family_arm_m3_Hwi_doSwiRestore__I                         
000048d1  ti_sysbios_family_arm_m3_Hwi_startup__E                              
000048d1  ti_sysbios_hal_Hwi_HwiProxy_startup__E                               
000048d1  ti_sysbios_hal_Hwi_startup__E                                        
000048d9  ti_sysbios_family_arm_lm4_TimestampProvider_Module_startup__E        
000048e1  ti_sysbios_family_arm_m3_Hwi_doTaskRestore__I                        
000048e9  ti_sysbios_gates_GateHwi_leave__E                                    
000048f1  ti_sysbios_heaps_HeapMem_isBlocking__E                               
000048f9  ti_sysbios_knl_Queue_Instance_init__E                                
00004901  ti_sysbios_knl_Swi_startup__E                                        
00004909  ti_sysbios_BIOS_RtsGateProxy_enter__E                                
00004911  ti_sysbios_BIOS_RtsGateProxy_leave__E                                
00004919  ti_sysbios_family_arm_m3_TaskSupport_Module__startupDone__S          
00004919  ti_sysbios_knl_Task_SupportProxy_Module__startupDone__S              
00004921  ti_sysbios_gates_GateHwi_query__E                                    
00004921  xdc_runtime_Main_Module_GateProxy_query__E                           
00004921  xdc_runtime_System_Module_GateProxy_query__E                         
00004929  ti_sysbios_BIOS_RtsGateProxy_query__E                                
00004929  ti_sysbios_gates_GateMutex_query__E                                  
00004929  ti_sysbios_heaps_HeapMem_Module_GateProxy_query__E                   
00004931  ti_sysbios_heaps_HeapMem_Module_GateProxy_enter__E                   
00004939  ti_sysbios_heaps_HeapMem_Module_GateProxy_leave__E                   
00004941  ti_sysbios_knl_Clock_TimerProxy_getMaxTicks__E                       
00004949  ti_sysbios_knl_Queue_destruct                                        
00004951  ti_sysbios_knl_Semaphore_destruct                                    
00004959  ti_sysbios_knl_Task_startup__E                                       
00004961  xdc_runtime_System_Module_GateProxy_enter__E                         
00004969  xdc_runtime_System_Module_GateProxy_leave__E                         
00004971  ti_sysbios_BIOS_nullFunc__I                                          
00004979  ti_sysbios_gates_GateHwi_Instance_init__E                            
00004981  ti_sysbios_knl_Clock_logTick__E                                      
00004989  xdc_runtime_Startup_reset__I                                         
0000498c  xdc_runtime_Text_charTab__A                                          
0000629a  ti_catalog_arm_cortexm4_tiva_ce_Boot_Module__id__C                   
000063bc  xdc_runtime_Text_nodeTab__A                                          
00006568  ti_sysbios_heaps_HeapMem_Module__FXNS__C                             
00006590  xdc_runtime_Startup_sfxnTab__A                                       
000065b8  ti_sysbios_gates_GateHwi_Module__FXNS__C                             
000065dc  ti_sysbios_gates_GateMutex_Module__FXNS__C                           
00006600  ti_sysbios_heaps_HeapMem_Object__PARAMS__C                           
00006624  ti_sysbios_knl_Semaphore_Object__PARAMS__C                           
00006648  ti_sysbios_gates_GateHwi_Object__DESC__C                             
00006668  ti_sysbios_gates_GateMutex_Object__DESC__C                           
00006688  ti_sysbios_heaps_HeapMem_Object__DESC__C                             
000066a8  ti_sysbios_knl_Queue_Object__DESC__C                                 
000066c8  ti_sysbios_knl_Semaphore_Object__DESC__C                             
000066e8  ti_sysbios_gates_GateHwi_Object__PARAMS__C                           
00006700  ti_sysbios_gates_GateMutex_Object__PARAMS__C                         
00006718  ti_sysbios_knl_Queue_Object__PARAMS__C                               
00006730  xdc_runtime_Startup_firstFxns__A                                     
00006748  xdc_runtime_Startup_sfxnRts__A                                       
00006764  ti_sysbios_family_arm_m3_Hwi_excHookFuncs__A                         
0000676c  ti_sysbios_knl_Idle_funcList__C                                      
00006774  xdc_runtime_Startup_firstFxns__C                                     
0000677c  xdc_runtime_Startup_lastFxns__C                                      
00006784  ti_catalog_arm_cortexm4_tiva_ce_Boot_A_mustNotUseEnhancedClockMode__C
00006788  ti_catalog_arm_cortexm4_tiva_ce_Boot_Module__diagsEnabled__C         
0000678c  ti_catalog_arm_cortexm4_tiva_ce_Boot_Module__diagsIncluded__C        
00006790  ti_catalog_arm_cortexm4_tiva_ce_Boot_Module__diagsMask__C            
00006794  ti_sysbios_family_arm_lm4_Timer_enableFunc__C                        
00006798  ti_sysbios_family_arm_lm4_Timer_numTimerDevices__C                   
0000679c  ti_sysbios_family_arm_lm4_Timer_startupNeeded__C                     
000067a0  ti_sysbios_family_arm_lm4_TimestampProvider_Module__diagsEnabled__C  
000067a4  ti_sysbios_family_arm_lm4_TimestampProvider_Module__diagsIncluded__C 
000067a8  ti_sysbios_family_arm_lm4_TimestampProvider_Module__diagsMask__C     
000067ac  ti_sysbios_family_arm_m3_Hwi_E_NMI__C                                
000067b0  ti_sysbios_family_arm_m3_Hwi_E_busFault__C                           
000067b4  ti_sysbios_family_arm_m3_Hwi_E_debugMon__C                           
000067b8  ti_sysbios_family_arm_m3_Hwi_E_hardFault__C                          
000067bc  ti_sysbios_family_arm_m3_Hwi_E_memFault__C                           
000067c0  ti_sysbios_family_arm_m3_Hwi_E_noIsr__C                              
000067c4  ti_sysbios_family_arm_m3_Hwi_E_reserved__C                           
000067c8  ti_sysbios_family_arm_m3_Hwi_E_svCall__C                             
000067cc  ti_sysbios_family_arm_m3_Hwi_E_usageFault__C                         
000067d0  ti_sysbios_family_arm_m3_Hwi_NUM_INTERRUPTS__C                       
000067d4  ti_sysbios_family_arm_m3_Hwi_Object__count__C                        
000067d8  ti_sysbios_family_arm_m3_Hwi_ccr__C                                  
000067dc  ti_sysbios_family_arm_m3_Hwi_excHandlerFunc__C                       
000067e0  ti_sysbios_family_arm_m3_Hwi_excHookFuncs__C                         
000067e4  ti_sysbios_family_arm_m3_Hwi_nullIsrFunc__C                          
000067e8  ti_sysbios_family_arm_m3_Hwi_priGroup__C                             
000067ec  ti_sysbios_gates_GateMutex_A_badContext__C                           
000067f0  ti_sysbios_gates_GateMutex_Instance_State_sem__O                     
000067f4  ti_sysbios_gates_GateMutex_Module__diagsEnabled__C                   
000067f8  ti_sysbios_gates_GateMutex_Module__diagsIncluded__C                  
000067fc  ti_sysbios_gates_GateMutex_Module__diagsMask__C                      
00006800  ti_sysbios_hal_Hwi_E_stackOverflow__C                                
00006804  ti_sysbios_heaps_HeapMem_A_align__C                                  
00006808  ti_sysbios_heaps_HeapMem_A_heapSize__C                               
0000680c  ti_sysbios_heaps_HeapMem_A_invalidFree__C                            
00006810  ti_sysbios_heaps_HeapMem_A_zeroBlock__C                              
00006814  ti_sysbios_heaps_HeapMem_E_memory__C                                 
00006818  ti_sysbios_heaps_HeapMem_Module__diagsEnabled__C                     
0000681c  ti_sysbios_heaps_HeapMem_Module__diagsIncluded__C                    
00006820  ti_sysbios_heaps_HeapMem_Module__diagsMask__C                        
00006824  ti_sysbios_heaps_HeapMem_Module__gateObj__C                          
00006828  ti_sysbios_heaps_HeapMem_Object__count__C                            
0000682c  ti_sysbios_heaps_HeapMem_reqAlign__C                                 
00006830  ti_sysbios_knl_Clock_Module_State_clockQ__O                          
00006834  ti_sysbios_knl_Idle_funcList__A                                      
00006838  ti_sysbios_knl_Mailbox_Instance_State_freeQue__O                     
0000683c  ti_sysbios_knl_Mailbox_Object__count__C                              
00006840  ti_sysbios_knl_Mailbox_maxTypeAlign__C                               
00006844  ti_sysbios_knl_Semaphore_A_badContext__C                             
00006848  ti_sysbios_knl_Semaphore_A_noEvents__C                               
0000684c  ti_sysbios_knl_Semaphore_A_overflow__C                               
00006850  ti_sysbios_knl_Semaphore_A_pendTaskDisabled__C                       
00006854  ti_sysbios_knl_Semaphore_Instance_State_pendQ__O                     
00006858  ti_sysbios_knl_Semaphore_Module__diagsEnabled__C                     
0000685c  ti_sysbios_knl_Semaphore_Module__diagsIncluded__C                    
00006860  ti_sysbios_knl_Semaphore_Module__diagsMask__C                        
00006864  ti_sysbios_knl_Swi_Object__count__C                                  
00006868  ti_sysbios_knl_Task_E_spOutOfBounds__C                               
0000686c  ti_sysbios_knl_Task_E_stackOverflow__C                               
00006870  ti_sysbios_knl_Task_Module_State_inactiveQ__O                        
00006874  ti_sysbios_knl_Task_Object__count__C                                 
00006878  ti_sysbios_knl_Task_allBlockedFunc__C                                
0000687c  ti_sysbios_knl_Task_numConstructedTasks__C                           
00006880  xdc_runtime_Assert_E_assertFailed__C                                 
00006884  xdc_runtime_Core_A_initializedParams__C                              
00006888  xdc_runtime_Core_Module__diagsEnabled__C                             
0000688c  xdc_runtime_Core_Module__diagsIncluded__C                            
00006890  xdc_runtime_Core_Module__diagsMask__C                                
00006894  xdc_runtime_Error_E_memory__C                                        
00006898  xdc_runtime_Error_Module__diagsEnabled__C                            
0000689c  xdc_runtime_Error_Module__diagsIncluded__C                           
000068a0  xdc_runtime_Error_Module__diagsMask__C                               
000068a4  xdc_runtime_Error_Module__loggerFxn8__C                              
000068a8  xdc_runtime_Error_Module__loggerObj__C                               
000068ac  xdc_runtime_Error_policyFxn__C                                       
000068b0  xdc_runtime_Error_raiseHook__C                                       
000068b4  xdc_runtime_IGateProvider_Interface__BASE__C                         
000068b8  xdc_runtime_IHeap_Interface__BASE__C                                 
000068bc  xdc_runtime_IModule_Interface__BASE__C                               
000068c0  xdc_runtime_Log_L_error__C                                           
000068c4  xdc_runtime_Memory_defaultHeapInstance__C                            
000068c8  xdc_runtime_Startup_execImpl__C                                      
000068cc  xdc_runtime_Startup_maxPasses__C                                     
000068d0  xdc_runtime_Startup_sfxnRts__C                                       
000068d4  xdc_runtime_Startup_sfxnTab__C                                       
000068d8  xdc_runtime_SysMin_bufSize__C                                        
000068dc  xdc_runtime_SysMin_outputFunc__C                                     
000068e0  xdc_runtime_System_Module__gateObj__C                                
000068e4  xdc_runtime_System_abortFxn__C                                       
000068e8  xdc_runtime_System_exitFxn__C                                        
000068ec  xdc_runtime_System_extendFxn__C                                      
000068f0  xdc_runtime_System_maxAtexitHandlers__C                              
000068f4  xdc_runtime_Text_charTab__C                                          
000068f8  xdc_runtime_Text_nameEmpty__C                                        
000068fc  xdc_runtime_Text_nameStatic__C                                       
00006900  xdc_runtime_Text_nameUnknown__C                                      
00006904  xdc_runtime_Text_nodeTab__C                                          
00006908  xdc_runtime_Text_visitRopeFxn__C                                     
0000690c  ti_sysbios_family_arm_lm4_TimestampProvider_Module__id__C            
0000690e  ti_sysbios_family_arm_lm4_TimestampProvider_useClockTimer__C         
00006910  ti_sysbios_family_arm_m3_Hwi_Module__id__C                           
00006912  ti_sysbios_gates_GateMutex_Module__id__C                             
00006914  ti_sysbios_hal_Hwi_Module__id__C                                     
00006916  ti_sysbios_heaps_HeapMem_Module__id__C                               
00006918  ti_sysbios_knl_Semaphore_Module__id__C                               
0000691a  ti_sysbios_knl_Task_Module__id__C                                    
0000691c  xdc_runtime_Core_Module__id__C                                       
0000691e  xdc_runtime_Error_Module__loggerDefined__C                           
00006920  xdc_runtime_Error_maxDepth__C                                        
00006922  xdc_runtime_Memory_Module__id__C                                     
00006924  xdc_runtime_SysMin_flushAtExit__C                                    
00006926  xdc_runtime_Text_charCnt__C                                          
00006928  xdc_runtime_Text_isLoaded__C                                         
0000692a  xdc_runtime_Text_registryModsLastId__C                               
0000692c  xdc_runtime_Text_unnamedModsLastId__C                                
0000692e  xdc_runtime_Error_policy__C                                          
00006930  __TI_static_base__                                                   
00006b04  __TI_Handler_Table_Base                                              
00006b10  __TI_Handler_Table_Limit                                             
00006b20  __TI_CINIT_Base                                                      
00006b38  __TI_CINIT_Limit                                                     
20000000  ti_sysbios_family_arm_m3_Hwi_ramVectors                              
20000360  ti_sysbios_knl_Task_Instance_State_0_stack__A                        
20000560  ti_sysbios_knl_Task_Instance_State_1_stack__A                        
20000760  ti_sysbios_heaps_HeapMem_Instance_State_0_buf__A                     
20000b60  ti_sysbios_family_arm_m3_Hwi_dispatchTable                           
20000ec0  __CIOBUF_                                                            
20000fe0  xdc_runtime_SysMin_Module_State_0_outbuf__A                          
20001060  parmbuf                                                              
20001068  ti_sysbios_knl_Task_Object__table__V                                 
20001100  ti_sysbios_knl_Swi_Module_State_0_readyQ__A                          
20001180  ti_sysbios_knl_Task_Module_State_0_readyQ__A                         
20001200  ti_sysbios_knl_Task_Module__state__V                                 
20001244  ti_sysbios_family_arm_lm4_Timer_Module_State_0_device__A             
20001284  ti_sysbios_family_arm_lm4_Timer_Object__table__V                     
200012c4  ti_sysbios_gates_GateMutex_Object__table__V                          
200012fc  ti_sysbios_family_arm_m3_Hwi_Module__state__V                        
20001330  ti_sysbios_knl_Swi_Object__table__V                                  
20001360  ti_sysbios_knl_Clock_Module__state__V                                
2000138c  ti_sysbios_BIOS_Module__state__V                                     
200013b0  ti_sysbios_family_arm_lm4_Timer_Module_State_0_handles__A            
200013d0  ti_sysbios_knl_Swi_Module__state__V                                  
200013ec  ti_sysbios_family_arm_m3_Hwi_Object__table__V                        
20001404  ti_sysbios_heaps_HeapMem_Object__table__V                            
2000141c  ti_sysbios_family_arm_lm4_Timer_Module__state__V                     
20001428  xdc_runtime_SysMin_Module__state__V                                  
20001434  _lock                                                                
20001438  _unlock                                                              
2000143c  ti_sysbios_family_arm_lm4_TimestampProvider_Module__state__V         
20001444  ti_sysbios_gates_GateHwi_Module__root__V                             
2000144c  ti_sysbios_gates_GateMutex_Module__root__V                           
20001454  ti_sysbios_heaps_HeapMem_Module__root__V                             
2000145c  ti_sysbios_knl_Queue_Module__root__V                                 
20001464  ti_sysbios_knl_Semaphore_Module__root__V                             
2000146c  xdc_runtime_Registry_Module__state__V                                
20001474  xdc_runtime_Startup_Module__state__V                                 
2000147c  xdc_runtime_System_Module_State_0_atexitHandlers__A                  
20001484  xdc_runtime_System_Module__state__V                                  
2000148c  main_func_sp                                                         
20001490  ti_sysbios_family_arm_m3_Hwi_Module_State_0_excContext__A            
20001494  ti_sysbios_family_arm_m3_Hwi_Module_State_0_excStack__A              
20001498  ti_sysbios_gates_GateHwi_Object__table__V                            
2000149c  ti_sysbios_knl_Task_Module_State_0_idleTask__A                       
200014a0  xdc_runtime_Memory_Module__state__V                                  
200014a4  ti_sysbios_family_arm_m3_Hwi_Module_State_0_excActive__A             
200014a6  xdc_runtime_Error_Module__state__V                                   
200014a8  __stack                                                              
200017a8  __STACK_END                                                          
e000e000  ti_sysbios_family_arm_m3_Hwi_nvic                                    
ffffffff  __TI_pprof_out_hndl                                                  
ffffffff  __TI_prof_data_size                                                  
ffffffff  __TI_prof_data_start                                                 
ffffffff  __binit__                                                            
ffffffff  __c_args__                                                           
ffffffff  binit                                                                
UNDEFED   SHT$$INIT_ARRAY$$Base                                                
UNDEFED   SHT$$INIT_ARRAY$$Limit                                               

[504 symbols]
